Archive member included because of file (symbol)

/usr/local/xenon/usr/lib/libxenon.a(argv.o)
                              /usr/local/xenon/lib/gcc/xenon/4.6.1/../../../../xenon/lib/../lib/crt1.o (__check_argv)
/usr/local/xenon/usr/lib/libxenon.a(startup_from_xell.o)
                              (_start)
/usr/local/xenon/usr/lib/libxenon.a(console.o)
                              VL.o (console_init)
/usr/local/xenon/usr/lib/libxenon.a(newlib.o)
                              /usr/local/xenon/usr/lib/libxenon.a(console.o) (stdout_hook)
/usr/local/xenon/usr/lib/libxenon.a(xenon_syscalls.o)
                              /usr/local/xenon/usr/lib/libxenon.a(newlib.o) (__syscalls)
/usr/local/xenon/usr/lib/libxenon.a(atomic.o)
                              /usr/local/xenon/usr/lib/libxenon.a(startup_from_xell.o) (atomic_clearset)
/usr/local/xenon/usr/lib/libxenon.a(cache.o)
                              /usr/local/xenon/usr/lib/libxenon.a(console.o) (memdcbst)
/usr/local/xenon/usr/lib/libxenon.a(except.o)
                              (exc_base)
/usr/local/xenon/usr/lib/libxenon.a(c_except.o)
                              /usr/local/xenon/usr/lib/libxenon.a(except.o) (crashdump)
/usr/local/xenon/usr/lib/libxenon.a(vm.o)
                              /usr/local/xenon/usr/lib/libxenon.a(except.o) (vm_segfault_handler)
/usr/local/xenon/usr/lib/libxenon.a(usbmain.o)
                              /usr/local/xenon/usr/lib/libxenon.a(xenon_syscalls.o) (usb_shutdown)
/usr/local/xenon/usr/lib/libxenon.a(tinyehci.o)
                              /usr/local/xenon/usr/lib/libxenon.a(usbmain.o) (USBStorage_Init)
/usr/local/xenon/usr/lib/libxenon.a(xenon_smc.o)
                              /usr/local/xenon/usr/lib/libxenon.a(xenon_syscalls.o) (xenon_smc_send_message)
/usr/local/xenon/usr/lib/libxenon.a(xenon_power.o)
                              /usr/local/xenon/usr/lib/libxenon.a(xenon_syscalls.o) (xenon_is_thread_task_running)
/usr/local/xenon/usr/lib/libxenon.a(xenon_uart.o)
                              /usr/local/xenon/usr/lib/libxenon.a(newlib.o) (putch)
/usr/local/xenon/usr/lib/libxenon.a(xenon_sfcx.o)
                              VL.o (sfcx_init)
/usr/local/xenon/usr/lib/libxenon.a(xenon_config.o)
                              VL.o (xenon_config_init)
/usr/local/xenon/usr/lib/libxenon.a(edram.o)
                              VL.o (edram_init)
/usr/local/xenon/usr/lib/libxenon.a(xe.o)
                              /usr/local/xenon/usr/lib/libxenon.a(edram.o) (Xe_pSyncToDevice)
/usr/local/xenon/usr/lib/libxenon.a(xenos.o)
                              /usr/local/xenon/usr/lib/libxenon.a(edram.o) (xenos_write32)
/usr/local/xenon/usr/lib/libxenon.a(xenos_edid.o)
                              /usr/local/xenon/usr/lib/libxenon.a(xenos.o) (xenos_get_edid)
/usr/local/xenon/usr/lib/libxenon.a(enet.o)
                              /usr/local/xenon/usr/lib/libxenon.a(xenon_syscalls.o) (enet_quiesce)
/usr/local/xenon/usr/lib/libxenon.a(network.o)
                              VL.o (network_init)
/usr/local/xenon/usr/lib/libxenon.a(xb360.o)
                              /usr/local/xenon/usr/lib/libxenon.a(xenon_sfcx.o) (xenon_get_PCIBridgeRevisionID)
/usr/local/xenon/usr/lib/libxenon.a(lib_malloc.o)
                              /usr/local/xenon/usr/lib/libxenon.a(usbmain.o) (kmem_init)
/usr/local/xenon/usr/lib/libxenon.a(io.o)
                              /usr/local/xenon/usr/lib/libxenon.a(usbmain.o) (read32)
/usr/local/xenon/usr/lib/libxenon.a(time.o)
                              /usr/local/xenon/usr/lib/libxenon.a(xenon_power.o) (udelay)
/usr/local/xenon/usr/lib/libxenon.a(ohci.o)
                              /usr/local/xenon/usr/lib/libxenon.a(usbmain.o) (ohci_driver)
/usr/local/xenon/usr/lib/libxenon.a(usbd.o)
                              /usr/local/xenon/usr/lib/libxenon.a(usbmain.o) (usb_poll)
/usr/local/xenon/usr/lib/libxenon.a(usbdevs.o)
                              /usr/local/xenon/usr/lib/libxenon.a(usbd.o) (usb_find_driver)
/usr/local/xenon/usr/lib/libxenon.a(usbhid.o)
                              /usr/local/xenon/usr/lib/libxenon.a(usbdevs.o) (usbhid_driver)
/usr/local/xenon/usr/lib/libxenon.a(usbhub.o)
                              /usr/local/xenon/usr/lib/libxenon.a(usbd.o) (usb_scan)
/usr/local/xenon/usr/lib/libxenon.a(usb_os.o)
                              /usr/local/xenon/usr/lib/libxenon.a(tinyehci.o) (ehci_maligned)
/usr/local/xenon/usr/lib/libxenon.a(xenon_gpio.o)
                              /usr/local/xenon/usr/lib/libxenon.a(enet.o) (xenon_gpio_control)
/usr/local/xenon/usr/lib/libxenon.a(cpusleep.o)
                              /usr/local/xenon/usr/lib/libxenon.a(xenon_power.o) (cpusleep)
/usr/local/xenon/usr/lib/libxenon.a(xenon_secotp.o)
                              /usr/local/xenon/usr/lib/libxenon.a(xb360.o) (xenon_secotp_read_line)
/usr/local/xenon/usr/lib/libxenon.a(ucode.o)
                              /usr/local/xenon/usr/lib/libxenon.a(xe.o) (xenos_ucode1)
[...]
Memory Configuration

Name             Origin             Length             Attributes
*default*        0x0000000000000000 0xffffffffffffffff

Linker script and memory map

LOAD /usr/local/xenon/lib/gcc/xenon/4.6.1/../../../../xenon/lib/../lib/crt1.o
LOAD /usr/local/xenon/lib/gcc/xenon/4.6.1/../../../../xenon/lib/../lib/crti.o
LOAD /usr/local/xenon/lib/gcc/xenon/4.6.1/32/crtbegin.o
LOAD dashboard.o
LOAD main.o
LOAD RE.o
LOAD VL.o
LOAD /usr/local/xenon/usr/lib/libxenon.a
LOAD /usr/local/xenon/xenon/lib/32/libm.a
LOAD /usr/local/xenon/lib/gcc/xenon/4.6.1/32/libgcc.a
LOAD /usr/local/xenon/xenon/lib/32/libc.a
LOAD /usr/local/xenon/lib/gcc/xenon/4.6.1/32/libgcc.a
LOAD /usr/local/xenon/lib/gcc/xenon/4.6.1/32/crtend.o
LOAD /usr/local/xenon/lib/gcc/xenon/4.6.1/../../../../xenon/lib/../lib/crtn.o
                0x0000000080000000                . = 0x80000000

.text           0x0000000080000000    0x2f2f8
 *(.except*)
 .except        0x0000000080000000     0x1e1c /usr/local/xenon/usr/lib/libxenon.a(except.o)
                0x0000000080000000                secondary_lock
                0x0000000080000000                exc_base
                0x0000000080000004                secondary_alive
 *(.pagetable)
 .pagetable     0x0000000080001e1c       0x40 /usr/local/xenon/usr/lib/libxenon.a(vm.o)
                0x0000000080001e1c                pagetable
                0x0000000080001e5c                pagetable_end = .
 *(.text*)
 .text.call_ctors
                0x0000000080001e5c       0x48 /usr/local/xenon/lib/gcc/xenon/4.6.1/../../../../xenon/lib/../lib/crt1.o
                0x0000000080001e5c                call_ctors
 .text.c_register_frame
                0x0000000080001ea4       0x28 /usr/local/xenon/lib/gcc/xenon/4.6.1/../../../../xenon/lib/../lib/crt1.o
                0x0000000080001ea4                c_register_frame
 .text.__crtmain
                0x0000000080001ecc       0x2c /usr/local/xenon/lib/gcc/xenon/4.6.1/../../../../xenon/lib/../lib/crt1.o
                0x0000000080001ecc                __crtmain
 .text.XeRenderImage
                0x0000000080001ef8       0xbc dashboard.o
                0x0000000080001ef8                XeRenderImage
 *fill*         0x0000000080001fb4        0x4 00
 .text.dashboard
                0x0000000080001fb8       0x3c dashboard.o
                0x0000000080001fb8                dashboard
 *fill*         0x0000000080001ff4        0x4 00
 .text.startup.main
                0x0000000080001ff8       0x38 main.o
                0x0000000080001ff8                main
 .text.verificationLoader
                0x0000000080002030       0x68 VL.o
                0x0000000080002030                verificationLoader
 .text.__check_argv
                0x0000000080002098       0x28 /usr/local/xenon/usr/lib/libxenon.a(argv.o)
                0x0000000080002098                __check_argv
 *fill*         0x00000000800020c0       0x40 00
 .text          0x0000000080002100      0x2f4 /usr/local/xenon/usr/lib/libxenon.a(startup_from_xell.o)
                0x0000000080002100                _start
                0x00000000800022f8                wait
                0x0000000080002380                return_to_xell
 .text.console_pset32
                0x00000000800023f4       0x54 /usr/local/xenon/usr/lib/libxenon.a(console.o)
 .text.console_clrscr
                0x0000000080002448       0x80 /usr/local/xenon/usr/lib/libxenon.a(console.o)
                0x0000000080002448                console_clrscr
 .text.console_newline
                0x00000000800024c8       0xe8 /usr/local/xenon/usr/lib/libxenon.a(console.o)
                0x00000000800024c8                console_newline
 .text.console_putch
                0x00000000800025b0      0x120 /usr/local/xenon/usr/lib/libxenon.a(console.o)
                0x00000000800025b0                console_putch
 .text.console_stdout_hook
                0x00000000800026d0       0x40 /usr/local/xenon/usr/lib/libxenon.a(console.o)
 .text.console_init
                0x0000000080002710      0x13c /usr/local/xenon/usr/lib/libxenon.a(console.o)
                0x0000000080002710                console_init
 .text.console_set_colors
                0x000000008000284c       0x14 /usr/local/xenon/usr/lib/libxenon.a(console.o)
                0x000000008000284c                console_set_colors
 .text.vfs_console_write
                0x0000000080002860       0x64 /usr/local/xenon/usr/lib/libxenon.a(newlib.o)
                0x0000000080002860                vfs_console_write
 .text.__malloc_lock
                0x00000000800028c4       0x34 /usr/local/xenon/usr/lib/libxenon.a(newlib.o)
                0x00000000800028c4                __malloc_lock
 .text.__malloc_unlock
                0x00000000800028f8       0x34 /usr/local/xenon/usr/lib/libxenon.a(newlib.o)
                0x00000000800028f8                __malloc_unlock
 .text._exit    0x000000008000292c       0x38 /usr/local/xenon/usr/lib/libxenon.a(newlib.o)
                0x000000008000292c                _exit
 .text.sbrk     0x0000000080002964       0x50 /usr/local/xenon/usr/lib/libxenon.a(newlib.o)
                0x0000000080002964                sbrk
 .text.abort    0x00000000800029b4       0x2c /usr/local/xenon/usr/lib/libxenon.a(newlib.o)
                0x00000000800029b4                abort
 .text.isatty   0x00000000800029e0        0x8 /usr/local/xenon/usr/lib/libxenon.a(newlib.o)
                0x00000000800029e0                isatty
 .text.__release_handle
                0x00000000800029e8       0x4c /usr/local/xenon/usr/lib/libxenon.a(newlib.o)
                0x00000000800029e8                __release_handle
 .text.__alloc_handle
                0x0000000080002a34       0x78 /usr/local/xenon/usr/lib/libxenon.a(newlib.o)
                0x0000000080002a34                __alloc_handle
 .text.__get_handle
                0x0000000080002aac       0x24 /usr/local/xenon/usr/lib/libxenon.a(newlib.o)
                0x0000000080002aac                __get_handle
 .text.FindDevice
                0x0000000080002ad0       0xd0 /usr/local/xenon/usr/lib/libxenon.a(newlib.o)
                0x0000000080002ad0                FindDevice
 .text.open     0x0000000080002ba0       0xd4 /usr/local/xenon/usr/lib/libxenon.a(newlib.o)
                0x0000000080002ba0                open
 .text.read     0x0000000080002c74       0x98 /usr/local/xenon/usr/lib/libxenon.a(newlib.o)
                0x0000000080002c74                read
 .text.write    0x0000000080002d0c       0x9c /usr/local/xenon/usr/lib/libxenon.a(newlib.o)
                0x0000000080002d0c                write
 .text.fstat    0x0000000080002da8       0x9c /usr/local/xenon/usr/lib/libxenon.a(newlib.o)
                0x0000000080002da8                fstat
 .text.lseek    0x0000000080002e44       0x98 /usr/local/xenon/usr/lib/libxenon.a(newlib.o)
                0x0000000080002e44                lseek
 .text.close    0x0000000080002edc       0x80 /usr/local/xenon/usr/lib/libxenon.a(newlib.o)
                0x0000000080002edc                close
 .text.xenon_sbrk
                0x0000000080002f5c       0x2c /usr/local/xenon/usr/lib/libxenon.a(xenon_syscalls.o)
 .text.xenon_gettimeofday
                0x0000000080002f88       0xa4 /usr/local/xenon/usr/lib/libxenon.a(xenon_syscalls.o)
 .text.xenon_malloc_unlock
                0x000000008000302c       0xac /usr/local/xenon/usr/lib/libxenon.a(xenon_syscalls.o)
 .text.xenon_malloc_lock
                0x00000000800030d8       0x94 /usr/local/xenon/usr/lib/libxenon.a(xenon_syscalls.o)
 .text.shutdown_drivers
                0x000000008000316c       0x24 /usr/local/xenon/usr/lib/libxenon.a(xenon_syscalls.o)
                0x000000008000316c                shutdown_drivers
 .text.try_return_to_xell
                0x0000000080003190       0x50 /usr/local/xenon/usr/lib/libxenon.a(xenon_syscalls.o)
                0x0000000080003190                try_return_to_xell
 .text.xenon_exit
                0x00000000800031e0      0x154 /usr/local/xenon/usr/lib/libxenon.a(xenon_syscalls.o)
 .text          0x0000000080003334       0x84 /usr/local/xenon/usr/lib/libxenon.a(atomic.o)
                0x0000000080003334                atomic_inc
                0x0000000080003348                atomic_dec
                0x000000008000335c                atomic_clearset
                0x0000000080003374                lock
                0x00000000800033a8                unlock
 .text          0x00000000800033b8       0xa8 /usr/local/xenon/usr/lib/libxenon.a(cache.o)
                0x00000000800033b8                memdcbt
                0x00000000800033e0                memdcbst
                0x0000000080003408                memdcbf
                0x0000000080003430                memicbi
 .text.flush_console
                0x0000000080003460       0x4c /usr/local/xenon/usr/lib/libxenon.a(c_except.o)
 .text.crashdump
                0x00000000800034ac      0x2bc /usr/local/xenon/usr/lib/libxenon.a(c_except.o)
                0x00000000800034ac                crashdump
 .text.usb_init_one_ohci
                0x0000000080003768       0xcc /usr/local/xenon/usr/lib/libxenon.a(usbmain.o)
 .text.usb_shutdown
                0x0000000080003834       0xb4 /usr/local/xenon/usr/lib/libxenon.a(usbmain.o)
                0x0000000080003834                usb_shutdown
 .text.usb_init
                0x00000000800038e8      0x108 /usr/local/xenon/usr/lib/libxenon.a(usbmain.o)
                0x00000000800038e8                usb_init
 .text.usb_do_poll
                0x00000000800039f0       0x90 /usr/local/xenon/usr/lib/libxenon.a(usbmain.o)
                0x00000000800039f0                usb_do_poll
 .text.qtd_fill
                0x0000000080003a80       0xa4 /usr/local/xenon/usr/lib/libxenon.a(tinyehci.o)
 .text.ehci_qtd_alloc
                0x0000000080003b24       0x78 /usr/local/xenon/usr/lib/libxenon.a(tinyehci.o)
 .text.handshake.isra.5
                0x0000000080003b9c      0x178 /usr/local/xenon/usr/lib/libxenon.a(tinyehci.o)
 .text.ehci_mem_init
                0x0000000080003d14       0xf8 /usr/local/xenon/usr/lib/libxenon.a(tinyehci.o)
                0x0000000080003d14                ehci_mem_init
 .text.qh_urb_transaction
                0x0000000080003e0c      0x1c0 /usr/local/xenon/usr/lib/libxenon.a(tinyehci.o)
                0x0000000080003e0c                qh_urb_transaction
 .text.ehci_do_urb
                0x0000000080003fcc      0x3c8 /usr/local/xenon/usr/lib/libxenon.a(tinyehci.o)
                0x0000000080003fcc                ehci_do_urb
 .text.ehci_control_message
                0x0000000080004394       0x84 /usr/local/xenon/usr/lib/libxenon.a(tinyehci.o)
                0x0000000080004394                ehci_control_message
 .text.ehci_bulk_message
                0x0000000080004418       0x48 /usr/local/xenon/usr/lib/libxenon.a(tinyehci.o)
                0x0000000080004418                ehci_bulk_message
 .text.__send_cbw
                0x0000000080004460      0x118 /usr/local/xenon/usr/lib/libxenon.a(tinyehci.o)
 .text.ehci_reset_port_old
                0x0000000080004578      0x1a4 /usr/local/xenon/usr/lib/libxenon.a(tinyehci.o)
                0x0000000080004578                ehci_reset_port_old
 .text.ehci_adquire_port
                0x000000008000471c       0x88 /usr/local/xenon/usr/lib/libxenon.a(tinyehci.o)
                0x000000008000471c                ehci_adquire_port
 .text.ehci_reset_usb_port
                0x00000000800047a4      0x174 /usr/local/xenon/usr/lib/libxenon.a(tinyehci.o)
                0x00000000800047a4                ehci_reset_usb_port
 .text.ehci_reset_port2
                0x0000000080004918       0x6c /usr/local/xenon/usr/lib/libxenon.a(tinyehci.o)
                0x0000000080004918                ehci_reset_port2
 .text.USB_FreeDescriptors
                0x0000000080004984       0xa8 /usr/local/xenon/usr/lib/libxenon.a(tinyehci.o)
                0x0000000080004984                USB_FreeDescriptors
 .text.USB_GetDescriptors
                0x0000000080004a2c      0x340 /usr/local/xenon/usr/lib/libxenon.a(tinyehci.o)
                0x0000000080004a2c                USB_GetDescriptors
 .text.USB_GetConfiguration
                0x0000000080004d6c       0x7c /usr/local/xenon/usr/lib/libxenon.a(tinyehci.o)
                0x0000000080004d6c                USB_GetConfiguration
 .text.USB_SetConfiguration
                0x0000000080004de8       0x1c /usr/local/xenon/usr/lib/libxenon.a(tinyehci.o)
                0x0000000080004de8                USB_SetConfiguration
 .text.USB_SetAlternativeInterface
                0x0000000080004e04       0x28 /usr/local/xenon/usr/lib/libxenon.a(tinyehci.o)
                0x0000000080004e04                USB_SetAlternativeInterface
 .text.USB_ClearHalt
                0x0000000080004e2c       0x1c /usr/local/xenon/usr/lib/libxenon.a(tinyehci.o)
                0x0000000080004e2c                USB_ClearHalt
 .text.ehci_init_port
                0x0000000080004e48      0x14c /usr/local/xenon/usr/lib/libxenon.a(tinyehci.o)
                0x0000000080004e48                ehci_init_port
 .text.ehci_reset_port
                0x0000000080004f94       0x50 /usr/local/xenon/usr/lib/libxenon.a(tinyehci.o)
                0x0000000080004f94                ehci_reset_port
 .text.ehci_discover
                0x0000000080004fe4       0x54 /usr/local/xenon/usr/lib/libxenon.a(tinyehci.o)
                0x0000000080004fe4                ehci_discover
 .text.EHCI_do_one
                0x0000000080005038      0x144 /usr/local/xenon/usr/lib/libxenon.a(tinyehci.o)
 .text.my_memcmp
                0x000000008000517c       0x44 /usr/local/xenon/usr/lib/libxenon.a(tinyehci.o)
                0x000000008000517c                my_memcmp
 .text.USBStorage_Close
                0x00000000800051c0       0x44 /usr/local/xenon/usr/lib/libxenon.a(tinyehci.o)
                0x00000000800051c0                USBStorage_Close
 .text.USBStorage_ReadCapacity
                0x0000000080005204       0xb8 /usr/local/xenon/usr/lib/libxenon.a(tinyehci.o)
                0x0000000080005204                USBStorage_ReadCapacity
 .text.USBStorage_MountLUN
                0x00000000800052bc      0x1f4 /usr/local/xenon/usr/lib/libxenon.a(tinyehci.o)
                0x00000000800052bc                USBStorage_MountLUN
 .text.__usbstorage_reset.isra.9
                0x00000000800054b0      0x1a8 /usr/local/xenon/usr/lib/libxenon.a(tinyehci.o)
 .text.USBStorage_Open
                0x0000000080005658      0x3b8 /usr/local/xenon/usr/lib/libxenon.a(tinyehci.o)
                0x0000000080005658                USBStorage_Open
 .text.__cycle.constprop.13
                0x0000000080005a10      0x268 /usr/local/xenon/usr/lib/libxenon.a(tinyehci.o)
 .text.USBStorage_Inquiry
                0x0000000080005c78       0xa0 /usr/local/xenon/usr/lib/libxenon.a(tinyehci.o)
                0x0000000080005c78                USBStorage_Inquiry
 .text.USBStorage_Try_Device
                0x0000000080005d18      0x19c /usr/local/xenon/usr/lib/libxenon.a(tinyehci.o)
                0x0000000080005d18                USBStorage_Try_Device
 .text.USBStorage_Init
                0x0000000080005eb4      0x18c /usr/local/xenon/usr/lib/libxenon.a(tinyehci.o)
                0x0000000080005eb4                USBStorage_Init
 .text.EHCI_Init
                0x0000000080006040       0x50 /usr/local/xenon/usr/lib/libxenon.a(tinyehci.o)
                0x0000000080006040                EHCI_Init
 .text.xenon_smc_send_message
                0x0000000080006090       0x98 /usr/local/xenon/usr/lib/libxenon.a(xenon_smc.o)
                0x0000000080006090                xenon_smc_send_message
 .text.xenon_smc_receive_message
                0x0000000080006128       0x80 /usr/local/xenon/usr/lib/libxenon.a(xenon_smc.o)
                0x0000000080006128                xenon_smc_receive_message
 .text.xenon_smc_handle_bulk
                0x00000000800061a8       0x90 /usr/local/xenon/usr/lib/libxenon.a(xenon_smc.o)
                0x00000000800061a8                xenon_smc_handle_bulk
 .text.xenon_smc_receive_response
                0x0000000080006238       0x48 /usr/local/xenon/usr/lib/libxenon.a(xenon_smc.o)
                0x0000000080006238                xenon_smc_receive_response
 .text.xenon_smc_ana_write
                0x0000000080006280       0x9c /usr/local/xenon/usr/lib/libxenon.a(xenon_smc.o)
                0x0000000080006280                xenon_smc_ana_write
 .text.xenon_smc_ana_read
                0x000000008000631c       0xc0 /usr/local/xenon/usr/lib/libxenon.a(xenon_smc.o)
                0x000000008000631c                xenon_smc_ana_read
 .text.xenon_smc_i2c_ddc_lock
                0x00000000800063dc       0x78 /usr/local/xenon/usr/lib/libxenon.a(xenon_smc.o)
                0x00000000800063dc                xenon_smc_i2c_ddc_lock
 .text.xenon_smc_i2c_write
                0x0000000080006454       0xb0 /usr/local/xenon/usr/lib/libxenon.a(xenon_smc.o)
                0x0000000080006454                xenon_smc_i2c_write
 .text.xenon_smc_i2c_read
                0x0000000080006504       0xc8 /usr/local/xenon/usr/lib/libxenon.a(xenon_smc.o)
                0x0000000080006504                xenon_smc_i2c_read
 .text.xenon_smc_power_shutdown
                0x00000000800065cc       0x40 /usr/local/xenon/usr/lib/libxenon.a(xenon_smc.o)
                0x00000000800065cc                xenon_smc_power_shutdown
 .text.xenon_smc_power_reboot
                0x000000008000660c       0x48 /usr/local/xenon/usr/lib/libxenon.a(xenon_smc.o)
                0x000000008000660c                xenon_smc_power_reboot
 .text.xenon_smc_read_avpack
                0x0000000080006654       0x48 /usr/local/xenon/usr/lib/libxenon.a(xenon_smc.o)
                0x0000000080006654                xenon_smc_read_avpack
 .text.xenon_smc_set_fan_algorithm
                0x000000008000669c       0x3c /usr/local/xenon/usr/lib/libxenon.a(xenon_smc.o)
                0x000000008000669c                xenon_smc_set_fan_algorithm
 .text.wakeup_cpus
                0x00000000800066d8       0xb8 /usr/local/xenon/usr/lib/libxenon.a(xenon_power.o)
                0x00000000800066d8                wakeup_cpus
 .text.prepare_sleep
                0x0000000080006790       0x70 /usr/local/xenon/usr/lib/libxenon.a(xenon_power.o)
                0x0000000080006790                prepare_sleep
 .text.xenon_thread_sleep
                0x0000000080006800       0x5c /usr/local/xenon/usr/lib/libxenon.a(xenon_power.o)
                0x0000000080006800                xenon_thread_sleep
 .text.xenon_set_speed
                0x000000008000685c      0x348 /usr/local/xenon/usr/lib/libxenon.a(xenon_power.o)
                0x000000008000685c                xenon_set_speed
 .text.xenon_run_thread_task
                0x0000000080006ba4       0x38 /usr/local/xenon/usr/lib/libxenon.a(xenon_power.o)
                0x0000000080006ba4                xenon_run_thread_task
 .text.xenon_is_thread_task_running
                0x0000000080006bdc       0x20 /usr/local/xenon/usr/lib/libxenon.a(xenon_power.o)
                0x0000000080006bdc                xenon_is_thread_task_running
 .text.xenon_thread_startup
                0x0000000080006bfc       0x4c /usr/local/xenon/usr/lib/libxenon.a(xenon_power.o)
                0x0000000080006bfc                xenon_thread_startup
 .text.xenon_set_single_thread_mode
                0x0000000080006c48       0x94 /usr/local/xenon/usr/lib/libxenon.a(xenon_power.o)
                0x0000000080006c48                xenon_set_single_thread_mode
 .text.xenon_make_it_faster
                0x0000000080006cdc       0xec /usr/local/xenon/usr/lib/libxenon.a(xenon_power.o)
                0x0000000080006cdc                xenon_make_it_faster
 .text.putch    0x0000000080006dc8       0x58 /usr/local/xenon/usr/lib/libxenon.a(xenon_uart.o)
                0x0000000080006dc8                putch
 .text.kbhit    0x0000000080006e20       0x24 /usr/local/xenon/usr/lib/libxenon.a(xenon_uart.o)
                0x0000000080006e20                kbhit
 .text.getch    0x0000000080006e44       0x38 /usr/local/xenon/usr/lib/libxenon.a(xenon_uart.o)
                0x0000000080006e44                getch
 .text.sfcx_read_page
                0x0000000080006e7c      0x148 /usr/local/xenon/usr/lib/libxenon.a(xenon_sfcx.o)
                0x0000000080006e7c                sfcx_read_page
 .text.sfcx_init
                0x0000000080006fc4      0x2d4 /usr/local/xenon/usr/lib/libxenon.a(xenon_sfcx.o)
                0x0000000080006fc4                sfcx_init
 .text.xenon_config_init
                0x0000000080007298       0xa0 /usr/local/xenon/usr/lib/libxenon.a(xenon_config.o)
                0x0000000080007298                xenon_config_init
 .text.xenon_config_get_avregion
                0x0000000080007338       0x94 /usr/local/xenon/usr/lib/libxenon.a(xenon_config.o)
                0x0000000080007338                xenon_config_get_avregion
 .text.xenon_config_get_mac_addr
                0x00000000800073cc       0x9c /usr/local/xenon/usr/lib/libxenon.a(xenon_config.o)
                0x00000000800073cc                xenon_config_get_mac_addr
 .text.xenon_config_get_vid_delta
                0x0000000080007468       0x24 /usr/local/xenon/usr/lib/libxenon.a(xenon_config.o)
                0x0000000080007468                xenon_config_get_vid_delta
 .text.determine_broken
                0x000000008000748c       0x80 /usr/local/xenon/usr/lib/libxenon.a(edram.o)
 .text.edram_write
                0x000000008000750c       0xa4 /usr/local/xenon/usr/lib/libxenon.a(edram.o)
 .text.edram_read
                0x00000000800075b0       0x90 /usr/local/xenon/usr/lib/libxenon.a(edram.o)
 .text.edram_rmw
                0x0000000080007640       0x5c /usr/local/xenon/usr/lib/libxenon.a(edram.o)
 .text.edram_p3
                0x000000008000769c       0xa8 /usr/local/xenon/usr/lib/libxenon.a(edram.o)
                0x000000008000769c                edram_p3
 .text.edram_p4
                0x0000000080007744       0x94 /usr/local/xenon/usr/lib/libxenon.a(edram.o)
                0x0000000080007744                edram_p4
 .text.edram_p2
                0x00000000800077d8      0xc54 /usr/local/xenon/usr/lib/libxenon.a(edram.o)
                0x00000000800077d8                edram_p2
 .text.edram_pc
                0x000000008000842c       0xc4 /usr/local/xenon/usr/lib/libxenon.a(edram.o)
                0x000000008000842c                edram_pc
 .text.edram_compare_crc
                0x00000000800084f0      0x124 /usr/local/xenon/usr/lib/libxenon.a(edram.o)
                0x00000000800084f0                edram_compare_crc
 .text.edram_init_state1
                0x0000000080008614      0x1b0 /usr/local/xenon/usr/lib/libxenon.a(edram.o)
                0x0000000080008614                edram_init_state1
 .text.edram_72c
                0x00000000800087c4      0x920 /usr/local/xenon/usr/lib/libxenon.a(edram.o)
                0x00000000800087c4                edram_72c
 .text.edram_974
                0x00000000800090e4      0x1cc /usr/local/xenon/usr/lib/libxenon.a(edram.o)
                0x00000000800090e4                edram_974
 .text.edram_9e4
                0x00000000800092b0      0x81c /usr/local/xenon/usr/lib/libxenon.a(edram.o)
                0x00000000800092b0                edram_9e4
 .text.edram_4c
                0x0000000080009acc     0x16b8 /usr/local/xenon/usr/lib/libxenon.a(edram.o)
                0x0000000080009acc                edram_4c
 .text.edram_init
                0x000000008000b184      0x5d0 /usr/local/xenon/usr/lib/libxenon.a(edram.o)
                0x000000008000b184                edram_init
 .text.Xe_pWriteReg
                0x000000008000b754       0x2c /usr/local/xenon/usr/lib/libxenon.a(xe.o)
 .text.Xe_pSyncToDevice
                0x000000008000b780       0x28 /usr/local/xenon/usr/lib/libxenon.a(xe.o)
                0x000000008000b780                Xe_pSyncToDevice
 .text.Xe_pSyncFromDevice
                0x000000008000b7a8       0x28 /usr/local/xenon/usr/lib/libxenon.a(xe.o)
                0x000000008000b7a8                Xe_pSyncFromDevice
 .text.Xe_pInvalidateGpuCache_Primary
                0x000000008000b7d0      0x1c4 /usr/local/xenon/usr/lib/libxenon.a(xe.o)
                0x000000008000b7d0                Xe_pInvalidateGpuCache_Primary
 .text.Xe_pRBCommitPrimary
                0x000000008000b994       0x70 /usr/local/xenon/usr/lib/libxenon.a(xe.o)
                0x000000008000b994                Xe_pRBCommitPrimary
 .text.Xe_pRBKickSegment
                0x000000008000ba04       0xd0 /usr/local/xenon/usr/lib/libxenon.a(xe.o)
                0x000000008000ba04                Xe_pRBKickSegment
 .text.Xe_pSetSurfaceClip
                0x000000008000bad4       0x60 /usr/local/xenon/usr/lib/libxenon.a(xe.o)
                0x000000008000bad4                Xe_pSetSurfaceClip
 .text.Xe_pResetRingbuffer
                0x000000008000bb34       0x2c /usr/local/xenon/usr/lib/libxenon.a(xe.o)
                0x000000008000bb34                Xe_pResetRingbuffer
 .text.Xe_pSetupRingbuffer
                0x000000008000bb60       0x44 /usr/local/xenon/usr/lib/libxenon.a(xe.o)
                0x000000008000bb60                Xe_pSetupRingbuffer
 .text.Xe_pEnableWriteback
                0x000000008000bba4       0x30 /usr/local/xenon/usr/lib/libxenon.a(xe.o)
                0x000000008000bba4                Xe_pEnableWriteback
 .text.Xe_pGInit0
                0x000000008000bbd4      0x454 /usr/local/xenon/usr/lib/libxenon.a(xe.o)
                0x000000008000bbd4                Xe_pGInit0
 .text.Xe_pGInit1
                0x000000008000c028       0xc4 /usr/local/xenon/usr/lib/libxenon.a(xe.o)
                0x000000008000c028                Xe_pGInit1
 .text.Xe_pGInit2
                0x000000008000c0ec       0x50 /usr/local/xenon/usr/lib/libxenon.a(xe.o)
                0x000000008000c0ec                Xe_pGInit2
 .text.Xe_pGInit3
                0x000000008000c13c       0x50 /usr/local/xenon/usr/lib/libxenon.a(xe.o)
                0x000000008000c13c                Xe_pGInit3
 .text.Xe_pGInit4
                0x000000008000c18c       0x88 /usr/local/xenon/usr/lib/libxenon.a(xe.o)
                0x000000008000c18c                Xe_pGInit4
 .text.Xe_pGInit5
                0x000000008000c214      0x12c /usr/local/xenon/usr/lib/libxenon.a(xe.o)
                0x000000008000c214                Xe_pGInit5
 .text.Xe_pGInit6
                0x000000008000c340       0xc8 /usr/local/xenon/usr/lib/libxenon.a(xe.o)
                0x000000008000c340                Xe_pGInit6
 .text.Xe_pGInit7
                0x000000008000c408       0x50 /usr/local/xenon/usr/lib/libxenon.a(xe.o)
                0x000000008000c408                Xe_pGInit7
 .text.Xe_pGInit8
                0x000000008000c458       0x1c /usr/local/xenon/usr/lib/libxenon.a(xe.o)
                0x000000008000c458                Xe_pGInit8
 .text.Xe_pGInit9
                0x000000008000c474       0xc8 /usr/local/xenon/usr/lib/libxenon.a(xe.o)
                0x000000008000c474                Xe_pGInit9
 .text.Xe_pGInit10
                0x000000008000c53c       0xa8 /usr/local/xenon/usr/lib/libxenon.a(xe.o)
                0x000000008000c53c                Xe_pGInit10
 .text.Xe_pGInit
                0x000000008000c5e4      0x16c /usr/local/xenon/usr/lib/libxenon.a(xe.o)
                0x000000008000c5e4                Xe_pGInit
 .text.Xe_DirtyFetch
                0x000000008000c750       0x60 /usr/local/xenon/usr/lib/libxenon.a(xe.o)
                0x000000008000c750                Xe_DirtyFetch
 .text.Xe_pInvalidateGpuCache
                0x000000008000c7b0       0xbc /usr/local/xenon/usr/lib/libxenon.a(xe.o)
                0x000000008000c7b0                Xe_pInvalidateGpuCache
 .text.Xe_pInvalidateGpuCacheAll
                0x000000008000c86c       0xc0 /usr/local/xenon/usr/lib/libxenon.a(xe.o)
                0x000000008000c86c                Xe_pInvalidateGpuCacheAll
 .text.Xe_SetRenderTarget
                0x000000008000c92c       0x5c /usr/local/xenon/usr/lib/libxenon.a(xe.o)
                0x000000008000c92c                Xe_SetRenderTarget
 .text.Xe_pSetEDRAMLayout
                0x000000008000c988       0x78 /usr/local/xenon/usr/lib/libxenon.a(xe.o)
                0x000000008000c988                Xe_pSetEDRAMLayout
 .text.TEXTURE_FETCH
                0x000000008000ca00      0x104 /usr/local/xenon/usr/lib/libxenon.a(xe.o)
                0x000000008000ca00                TEXTURE_FETCH
 .text.Xe_pBlockUntilIdle
                0x000000008000cb04        0xc /usr/local/xenon/usr/lib/libxenon.a(xe.o)
                0x000000008000cb04                Xe_pBlockUntilIdle
 .text.Xe_Fatal
                0x000000008000cb10       0x9c /usr/local/xenon/usr/lib/libxenon.a(xe.o)
                0x000000008000cb10                Xe_Fatal
 .text.Xe_pWaitReady
                0x000000008000cbac       0x50 /usr/local/xenon/usr/lib/libxenon.a(xe.o)
                0x000000008000cbac                Xe_pWaitReady
 .text.Xe_pResetCP
                0x000000008000cbfc      0x124 /usr/local/xenon/usr/lib/libxenon.a(xe.o)
                0x000000008000cbfc                Xe_pResetCP
 .text.Xe_pLoadUcodes
                0x000000008000cd20       0xfc /usr/local/xenon/usr/lib/libxenon.a(xe.o)
                0x000000008000cd20                Xe_pLoadUcodes
 .text.Xe_pSetup
                0x000000008000ce1c       0xd8 /usr/local/xenon/usr/lib/libxenon.a(xe.o)
                0x000000008000ce1c                Xe_pSetup
 .text.Xe_pMasterInit
                0x000000008000cef4       0xcc /usr/local/xenon/usr/lib/libxenon.a(xe.o)
                0x000000008000cef4                Xe_pMasterInit
 .text.Xe_pRBKick
                0x000000008000cfc0       0x94 /usr/local/xenon/usr/lib/libxenon.a(xe.o)
                0x000000008000cfc0                Xe_pRBKick
 .text.Xe_pAlloc
                0x000000008000d054       0x64 /usr/local/xenon/usr/lib/libxenon.a(xe.o)
                0x000000008000d054                Xe_pAlloc
 .text.Xe_pRBAlloc
                0x000000008000d0b8       0x54 /usr/local/xenon/usr/lib/libxenon.a(xe.o)
                0x000000008000d0b8                Xe_pRBAlloc
 .text.Xe_Init  0x000000008000d10c      0x134 /usr/local/xenon/usr/lib/libxenon.a(xe.o)
                0x000000008000d10c                Xe_Init
 .text.Xe_Execute
                0x000000008000d240       0x34 /usr/local/xenon/usr/lib/libxenon.a(xe.o)
                0x000000008000d240                Xe_Execute
 .text.Xe_pDebugSync
                0x000000008000d274       0x98 /usr/local/xenon/usr/lib/libxenon.a(xe.o)
                0x000000008000d274                Xe_pDebugSync
 .text.Xe_SetTexture
                0x000000008000d30c       0xb0 /usr/local/xenon/usr/lib/libxenon.a(xe.o)
                0x000000008000d30c                Xe_SetTexture
 .text.Xe_CreateVertexBuffer
                0x000000008000d3bc       0x84 /usr/local/xenon/usr/lib/libxenon.a(xe.o)
                0x000000008000d3bc                Xe_CreateVertexBuffer
 .text.Xe_VBPoolAlloc
                0x000000008000d440       0x48 /usr/local/xenon/usr/lib/libxenon.a(xe.o)
                0x000000008000d440                Xe_VBPoolAlloc
 .text.Xe_VBPoolAdd
                0x000000008000d488       0x24 /usr/local/xenon/usr/lib/libxenon.a(xe.o)
                0x000000008000d488                Xe_VBPoolAdd
 .text.Xe_VBBegin
                0x000000008000d4ac       0x4c /usr/local/xenon/usr/lib/libxenon.a(xe.o)
                0x000000008000d4ac                Xe_VBBegin
 .text.Xe_VBPut
                0x000000008000d4f8      0x10c /usr/local/xenon/usr/lib/libxenon.a(xe.o)
                0x000000008000d4f8                Xe_VBPut
 .text.Xe_VBEnd
                0x000000008000d604       0x70 /usr/local/xenon/usr/lib/libxenon.a(xe.o)
                0x000000008000d604                Xe_VBEnd
 .text.Xe_ResolveInto
                0x000000008000d674      0x79c /usr/local/xenon/usr/lib/libxenon.a(xe.o)
                0x000000008000d674                Xe_ResolveInto
 .text.Xe_Resolve
                0x000000008000de10       0x10 /usr/local/xenon/usr/lib/libxenon.a(xe.o)
                0x000000008000de10                Xe_Resolve
 .text.xenos_write32
                0x000000008000de20       0x24 /usr/local/xenon/usr/lib/libxenon.a(xenos.o)
                0x000000008000de20                xenos_write32
 .text.xenos_read32
                0x000000008000de44       0x24 /usr/local/xenon/usr/lib/libxenon.a(xenos.o)
                0x000000008000de44                xenos_read32
 .text.xenos_ana_write
                0x000000008000de68       0x60 /usr/local/xenon/usr/lib/libxenon.a(xenos.o)
 .text.xenos_init_ana_new
                0x000000008000dec8      0x334 /usr/local/xenon/usr/lib/libxenon.a(xenos.o)
                0x000000008000dec8                xenos_init_ana_new
 .text.xenos_init_phase0
                0x000000008000e1fc       0x98 /usr/local/xenon/usr/lib/libxenon.a(xenos.o)
                0x000000008000e1fc                xenos_init_phase0
 .text.xenos_init_phase1
                0x000000008000e294      0x3b0 /usr/local/xenon/usr/lib/libxenon.a(xenos.o)
                0x000000008000e294                xenos_init_phase1
 .text.xenos_ana_preinit
                0x000000008000e644       0xd0 /usr/local/xenon/usr/lib/libxenon.a(xenos.o)
                0x000000008000e644                xenos_ana_preinit
 .text.xenos_set_mode_f1
                0x000000008000e714      0x148 /usr/local/xenon/usr/lib/libxenon.a(xenos.o)
                0x000000008000e714                xenos_set_mode_f1
 .text.xenos_set_mode_f2
                0x000000008000e85c      0x304 /usr/local/xenon/usr/lib/libxenon.a(xenos.o)
                0x000000008000e85c                xenos_set_mode_f2
 .text.xenos_set_mode
                0x000000008000eb60      0x348 /usr/local/xenon/usr/lib/libxenon.a(xenos.o)
                0x000000008000eb60                xenos_set_mode
 .text.xenos_autoset_mode
                0x000000008000eea8      0x124 /usr/local/xenon/usr/lib/libxenon.a(xenos.o)
                0x000000008000eea8                xenos_autoset_mode
 .text.xenos_init
                0x000000008000efcc       0xe0 /usr/local/xenon/usr/lib/libxenon.a(xenos.o)
                0x000000008000efcc                xenos_init
 .text.xenos_is_overscan
                0x000000008000f0ac       0x44 /usr/local/xenon/usr/lib/libxenon.a(xenos.o)
                0x000000008000f0ac                xenos_is_overscan
 .text.xenos_do_probe_ddc_edid
                0x000000008000f0f0      0x1a0 /usr/local/xenon/usr/lib/libxenon.a(xenos_edid.o)
                0x000000008000f0f0                xenos_do_probe_ddc_edid
 .text.xenos_ddc_read_edid
                0x000000008000f290      0x178 /usr/local/xenon/usr/lib/libxenon.a(xenos_edid.o)
 .text.xenos_get_edid
                0x000000008000f408       0xa4 /usr/local/xenon/usr/lib/libxenon.a(xenos_edid.o)
                0x000000008000f408                xenos_get_edid
 .text.xenos_detect_hdmi_monitor
                0x000000008000f4ac       0xe4 /usr/local/xenon/usr/lib/libxenon.a(xenos_edid.o)
                0x000000008000f4ac                xenos_detect_hdmi_monitor
 .text.phy_read
                0x000000008000f590       0x88 /usr/local/xenon/usr/lib/libxenon.a(enet.o)
 .text.enet_linkoutput
                0x000000008000f618      0x124 /usr/local/xenon/usr/lib/libxenon.a(enet.o)
 .text.enet_init
                0x000000008000f73c      0x570 /usr/local/xenon/usr/lib/libxenon.a(enet.o)
                0x000000008000f73c                enet_init
 .text.enet_poll
                0x000000008000fcac      0x1e4 /usr/local/xenon/usr/lib/libxenon.a(enet.o)
                0x000000008000fcac                enet_poll
 .text.enet_quiesce
                0x000000008000fe90       0x3c /usr/local/xenon/usr/lib/libxenon.a(enet.o)
                0x000000008000fe90                enet_quiesce
 .text.mftb     0x000000008000fecc       0x1c /usr/local/xenon/usr/lib/libxenon.a(network.o)
 .text.network_poll
                0x000000008000fee8       0xdc /usr/local/xenon/usr/lib/libxenon.a(network.o)
                0x000000008000fee8                network_poll
 .text.network_init
                0x000000008000ffc4      0x1e8 /usr/local/xenon/usr/lib/libxenon.a(network.o)
                0x000000008000ffc4                network_init
 .text.network_print_config
                0x00000000800101ac       0x88 /usr/local/xenon/usr/lib/libxenon.a(network.o)
                0x00000000800101ac                network_print_config
 .text.xenon_get_PCIBridgeRevisionID
                0x0000000080010234       0x2c /usr/local/xenon/usr/lib/libxenon.a(xb360.o)
                0x0000000080010234                xenon_get_PCIBridgeRevisionID
 .text.xenon_get_XenosID
                0x0000000080010260       0x28 /usr/local/xenon/usr/lib/libxenon.a(xb360.o)
                0x0000000080010260                xenon_get_XenosID
 .text.kmeminit
                0x0000000080010288       0x38 /usr/local/xenon/usr/lib/libxenon.a(lib_malloc.o)
                0x0000000080010288                kmeminit
 .text.kfree    0x00000000800102c0       0xb8 /usr/local/xenon/usr/lib/libxenon.a(lib_malloc.o)
                0x00000000800102c0                kfree
 .text.lib_outofmemory
                0x0000000080010378       0x28 /usr/local/xenon/usr/lib/libxenon.a(lib_malloc.o)
                0x0000000080010378                lib_outofmemory
 .text.kmalloc  0x00000000800103a0      0x138 /usr/local/xenon/usr/lib/libxenon.a(lib_malloc.o)
                0x00000000800103a0                kmalloc
 .text.kmem_init
                0x00000000800104d8       0x64 /usr/local/xenon/usr/lib/libxenon.a(lib_malloc.o)
                0x00000000800104d8                kmem_init
 .text.read32   0x000000008001053c        0x8 /usr/local/xenon/usr/lib/libxenon.a(io.o)
                0x000000008001053c                read32
 .text.read32n  0x0000000080010544        0x8 /usr/local/xenon/usr/lib/libxenon.a(io.o)
                0x0000000080010544                read32n
 .text.write32  0x000000008001054c        0x8 /usr/local/xenon/usr/lib/libxenon.a(io.o)
                0x000000008001054c                write32
 .text.write32n
                0x0000000080010554        0x8 /usr/local/xenon/usr/lib/libxenon.a(io.o)
                0x0000000080010554                write32n
 .text.tdelay   0x000000008001055c       0x48 /usr/local/xenon/usr/lib/libxenon.a(time.o)
 .text.udelay   0x00000000800105a4       0x24 /usr/local/xenon/usr/lib/libxenon.a(time.o)
                0x00000000800105a4                udelay
 .text.mdelay   0x00000000800105c8       0x18 /usr/local/xenon/usr/lib/libxenon.a(time.o)
                0x00000000800105c8                mdelay
 .text.delay    0x00000000800105e0       0x18 /usr/local/xenon/usr/lib/libxenon.a(time.o)
                0x00000000800105e0                delay
 .text._ohci_allocept
                0x00000000800105f8       0x64 /usr/local/xenon/usr/lib/libxenon.a(ohci.o)
 .text._ohci_allocxfer
                0x000000008001065c       0x5c /usr/local/xenon/usr/lib/libxenon.a(ohci.o)
 .text.ohci_delete
                0x00000000800106b8        0x4 /usr/local/xenon/usr/lib/libxenon.a(ohci.o)
 .text.ohci_ept_setaddr
                0x00000000800106bc       0x38 /usr/local/xenon/usr/lib/libxenon.a(ohci.o)
 .text.ohci_ept_setmps
                0x00000000800106f4       0x44 /usr/local/xenon/usr/lib/libxenon.a(ohci.o)
 .text._ohci_queueept
                0x0000000080010738       0x5c /usr/local/xenon/usr/lib/libxenon.a(ohci.o)
 .text.ohci_ept_create
                0x0000000080010794      0x148 /usr/local/xenon/usr/lib/libxenon.a(ohci.o)
 .text.ohci_ept_cleartoggle
                0x00000000800108dc       0x64 /usr/local/xenon/usr/lib/libxenon.a(ohci.o)
 .text.ohci_stop
                0x0000000080010940       0x30 /usr/local/xenon/usr/lib/libxenon.a(ohci.o)
 .text.ohci_ept_delete
                0x0000000080010970      0x1fc /usr/local/xenon/usr/lib/libxenon.a(ohci.o)
 .text.ohci_start
                0x0000000080010b6c      0x1b0 /usr/local/xenon/usr/lib/libxenon.a(ohci.o)
 .text.ohci_roothub_strdscr
                0x0000000080010d1c       0x6c /usr/local/xenon/usr/lib/libxenon.a(ohci.o)
 .text.ohci_intr
                0x0000000080010d88      0x20c /usr/local/xenon/usr/lib/libxenon.a(ohci.o)
 .text._ohci_dma_alloc
                0x0000000080010f94       0x50 /usr/local/xenon/usr/lib/libxenon.a(ohci.o)
 .text.ohci_create
                0x0000000080010fe4      0x2a8 /usr/local/xenon/usr/lib/libxenon.a(ohci.o)
 .text.ohci_xfer
                0x000000008001128c      0x7d8 /usr/local/xenon/usr/lib/libxenon.a(ohci.o)
 .text.usb_create_pipe
                0x0000000080011a64       0xd8 /usr/local/xenon/usr/lib/libxenon.a(usbd.o)
                0x0000000080011a64                usb_create_pipe
 .text.usb_open_pipe
                0x0000000080011b3c       0x84 /usr/local/xenon/usr/lib/libxenon.a(usbd.o)
                0x0000000080011b3c                usb_open_pipe
 .text.usb_destroy_all_pipes
                0x0000000080011bc0       0x74 /usr/local/xenon/usr/lib/libxenon.a(usbd.o)
                0x0000000080011bc0                usb_destroy_all_pipes
 .text.usb_destroy_device
                0x0000000080011c34       0x4c /usr/local/xenon/usr/lib/libxenon.a(usbd.o)
                0x0000000080011c34                usb_destroy_device
 .text.usb_create_device
                0x0000000080011c80       0x78 /usr/local/xenon/usr/lib/libxenon.a(usbd.o)
                0x0000000080011c80                usb_create_device
 .text.usb_make_request
                0x0000000080011cf8       0x8c /usr/local/xenon/usr/lib/libxenon.a(usbd.o)
                0x0000000080011cf8                usb_make_request
 .text.usb_poll
                0x0000000080011d84       0x2c /usr/local/xenon/usr/lib/libxenon.a(usbd.o)
                0x0000000080011d84                usb_poll
 .text.usb_daemon
                0x0000000080011db0       0x38 /usr/local/xenon/usr/lib/libxenon.a(usbd.o)
                0x0000000080011db0                usb_daemon
 .text.usb_free_request
                0x0000000080011de8       0x48 /usr/local/xenon/usr/lib/libxenon.a(usbd.o)
                0x0000000080011de8                usb_free_request
 .text.usb_delay_ms
                0x0000000080011e30       0x24 /usr/local/xenon/usr/lib/libxenon.a(usbd.o)
                0x0000000080011e30                usb_delay_ms
 .text.usb_queue_request
                0x0000000080011e54       0x50 /usr/local/xenon/usr/lib/libxenon.a(usbd.o)
                0x0000000080011e54                usb_queue_request
 .text.usb_wait_request
                0x0000000080011ea4       0x40 /usr/local/xenon/usr/lib/libxenon.a(usbd.o)
                0x0000000080011ea4                usb_wait_request
 .text.usb_sync_request
                0x0000000080011ee4       0x34 /usr/local/xenon/usr/lib/libxenon.a(usbd.o)
                0x0000000080011ee4                usb_sync_request
 .text.usb_new_address
                0x0000000080011f18       0x30 /usr/local/xenon/usr/lib/libxenon.a(usbd.o)
                0x0000000080011f18                usb_new_address
 .text.usb_set_ep0mps
                0x0000000080011f48       0x60 /usr/local/xenon/usr/lib/libxenon.a(usbd.o)
                0x0000000080011f48                usb_set_ep0mps
 .text.usb_clear_stall
                0x0000000080011fa8      0x100 /usr/local/xenon/usr/lib/libxenon.a(usbd.o)
                0x0000000080011fa8                usb_clear_stall
 .text.usb_std_request
                0x00000000800120a8      0x234 /usr/local/xenon/usr/lib/libxenon.a(usbd.o)
                0x00000000800120a8                usb_std_request
 .text.usb_simple_request
                0x00000000800122dc       0x18 /usr/local/xenon/usr/lib/libxenon.a(usbd.o)
                0x00000000800122dc                usb_simple_request
 .text.usb_set_address
                0x00000000800122f4       0x9c /usr/local/xenon/usr/lib/libxenon.a(usbd.o)
                0x00000000800122f4                usb_set_address
 .text.usb_set_configuration
                0x0000000080012390       0x14 /usr/local/xenon/usr/lib/libxenon.a(usbd.o)
                0x0000000080012390                usb_set_configuration
 .text.usb_get_descriptor
                0x00000000800123a4       0x24 /usr/local/xenon/usr/lib/libxenon.a(usbd.o)
                0x00000000800123a4                usb_get_descriptor
 .text.usb_get_string
                0x00000000800123c8      0x104 /usr/local/xenon/usr/lib/libxenon.a(usbd.o)
                0x00000000800123c8                usb_get_string
 .text.usb_get_device_descriptor
                0x00000000800124cc       0x90 /usr/local/xenon/usr/lib/libxenon.a(usbd.o)
                0x00000000800124cc                usb_get_device_descriptor
 .text.usb_get_config_descriptor
                0x000000008001255c       0x8c /usr/local/xenon/usr/lib/libxenon.a(usbd.o)
                0x000000008001255c                usb_get_config_descriptor
 .text.usb_get_device_status
                0x00000000800125e8       0x1c /usr/local/xenon/usr/lib/libxenon.a(usbd.o)
                0x00000000800125e8                usb_get_device_status
 .text.usb_complete_request
                0x0000000080012604       0x3c /usr/local/xenon/usr/lib/libxenon.a(usbd.o)
                0x0000000080012604                usb_complete_request
 .text.usb_initroot
                0x0000000080012640      0x150 /usr/local/xenon/usr/lib/libxenon.a(usbd.o)
                0x0000000080012640                usb_initroot
 .text.usb_find_cfg_descr
                0x0000000080012790       0x54 /usr/local/xenon/usr/lib/libxenon.a(usbd.o)
                0x0000000080012790                usb_find_cfg_descr
 .text.usb_find_driver
                0x00000000800127e4      0x158 /usr/local/xenon/usr/lib/libxenon.a(usbdevs.o)
                0x00000000800127e4                usb_find_driver
 .text.usbhid_detach
                0x000000008001293c        0x8 /usr/local/xenon/usr/lib/libxenon.a(usbhid.o)
 .text.usbhid_attach
                0x0000000080012944      0x164 /usr/local/xenon/usr/lib/libxenon.a(usbhid.o)
 .text.usbhid_kbd_scan1.isra.0.part.1
                0x0000000080012aa8       0x94 /usr/local/xenon/usr/lib/libxenon.a(usbhid.o)
 .text.usbhid_ireq_callback
                0x0000000080012b3c      0x18c /usr/local/xenon/usr/lib/libxenon.a(usbhid.o)
 .text.usbhub_markdetached1
                0x0000000080012cc8       0x14 /usr/local/xenon/usr/lib/libxenon.a(usbhub.o)
 .text.usbhub_get_port_status
                0x0000000080012cdc       0x38 /usr/local/xenon/usr/lib/libxenon.a(usbhub.o)
 .text.usbhub_ireq_callback
                0x0000000080012d14       0x8c /usr/local/xenon/usr/lib/libxenon.a(usbhub.o)
 .text.usbhub_map_tree1
                0x0000000080012da0       0x7c /usr/local/xenon/usr/lib/libxenon.a(usbhub.o)
 .text.usbhub_detach
                0x0000000080012e1c      0x13c /usr/local/xenon/usr/lib/libxenon.a(usbhub.o)
 .text.usbhub_attach
                0x0000000080012f58      0x1a4 /usr/local/xenon/usr/lib/libxenon.a(usbhub.o)
 .text.usbhub_map_tree
                0x00000000800130fc       0x18 /usr/local/xenon/usr/lib/libxenon.a(usbhub.o)
                0x00000000800130fc                usbhub_map_tree
 .text.usbhub_map_from_device
                0x0000000080013114       0x14 /usr/local/xenon/usr/lib/libxenon.a(usbhub.o)
                0x0000000080013114                usbhub_map_from_device
 .text.usbhub_scan1
                0x0000000080013128      0x558 /usr/local/xenon/usr/lib/libxenon.a(usbhub.o)
 .text.usb_scan
                0x0000000080013680       0x10 /usr/local/xenon/usr/lib/libxenon.a(usbhub.o)
                0x0000000080013680                usb_scan
 .text.ehci_maligned
                0x0000000080013690       0x9c /usr/local/xenon/usr/lib/libxenon.a(usb_os.o)
                0x0000000080013690                ehci_maligned
 .text.ehci_virt_to_dma
                0x000000008001372c        0x8 /usr/local/xenon/usr/lib/libxenon.a(usb_os.o)
                0x000000008001372c                ehci_virt_to_dma
 .text.ehci_dma_map_to
                0x0000000080013734       0x28 /usr/local/xenon/usr/lib/libxenon.a(usb_os.o)
                0x0000000080013734                ehci_dma_map_to
 .text.ehci_dma_map_from
                0x000000008001375c       0x28 /usr/local/xenon/usr/lib/libxenon.a(usb_os.o)
                0x000000008001375c                ehci_dma_map_from
 .text.ehci_dma_map_bidir
                0x0000000080013784       0x28 /usr/local/xenon/usr/lib/libxenon.a(usb_os.o)
                0x0000000080013784                ehci_dma_map_bidir
 .text.ehci_dma_unmap_to
                0x00000000800137ac       0x24 /usr/local/xenon/usr/lib/libxenon.a(usb_os.o)
                0x00000000800137ac                ehci_dma_unmap_to
 .text.ehci_dma_unmap_from
                0x00000000800137d0       0x24 /usr/local/xenon/usr/lib/libxenon.a(usb_os.o)
                0x00000000800137d0                ehci_dma_unmap_from
 .text.ehci_dma_unmap_bidir
                0x00000000800137f4       0x24 /usr/local/xenon/usr/lib/libxenon.a(usb_os.o)
                0x00000000800137f4                ehci_dma_unmap_bidir
 .text.ehci_usleep
                0x0000000080013818       0x20 /usr/local/xenon/usr/lib/libxenon.a(usb_os.o)
                0x0000000080013818                ehci_usleep
 .text.ehci_msleep
                0x0000000080013838       0x20 /usr/local/xenon/usr/lib/libxenon.a(usb_os.o)
                0x0000000080013838                ehci_msleep
 .text.USB_Alloc
                0x0000000080013858       0x20 /usr/local/xenon/usr/lib/libxenon.a(usb_os.o)
                0x0000000080013858                USB_Alloc
 .text.USB_Free
                0x0000000080013878       0x20 /usr/local/xenon/usr/lib/libxenon.a(usb_os.o)
                0x0000000080013878                USB_Free
 .text.xenon_gpio_control
                0x0000000080013898       0x68 /usr/local/xenon/usr/lib/libxenon.a(xenon_gpio.o)
                0x0000000080013898                xenon_gpio_control
 .text.xenon_gpio_set_oe
                0x0000000080013900       0x44 /usr/local/xenon/usr/lib/libxenon.a(xenon_gpio.o)
                0x0000000080013900                xenon_gpio_set_oe
 .text.xenon_gpio_set
                0x0000000080013944       0x44 /usr/local/xenon/usr/lib/libxenon.a(xenon_gpio.o)
                0x0000000080013944                xenon_gpio_set
 .text          0x0000000080013988       0x3c /usr/local/xenon/usr/lib/libxenon.a(cpusleep.o)
                0x0000000080013988                cpusleep
 .text.lwip_init
                0x00000000800139c4       0x30 /usr/local/xenon/usr/lib/libxenon.a(init.o)
                0x00000000800139c4                lwip_init
 .text.mem_init
                0x00000000800139f4       0x5c /usr/local/xenon/usr/lib/libxenon.a(mem.o)
                0x00000000800139f4                mem_init
 .text.mem_free
                0x0000000080013a50      0x204 /usr/local/xenon/usr/lib/libxenon.a(mem.o)
                0x0000000080013a50                mem_free
 .text.mem_trim
                0x0000000080013c54      0x180 /usr/local/xenon/usr/lib/libxenon.a(mem.o)
                0x0000000080013c54                mem_trim
 .text.mem_malloc
                0x0000000080013dd4      0x240 /usr/local/xenon/usr/lib/libxenon.a(mem.o)
                0x0000000080013dd4                mem_malloc
 .text.dns_parse_name
                0x0000000080014014       0x28 /usr/local/xenon/usr/lib/libxenon.a(dns.o)
 .text.dns_recv
                0x000000008001403c      0x1f4 /usr/local/xenon/usr/lib/libxenon.a(dns.o)
 .text.dns_setserver
                0x0000000080014230       0x40 /usr/local/xenon/usr/lib/libxenon.a(dns.o)
                0x0000000080014230                dns_setserver
 .text.dns_init
                0x0000000080014270       0x94 /usr/local/xenon/usr/lib/libxenon.a(dns.o)
                0x0000000080014270                dns_init
 .text.memp_init
                0x0000000080014304       0xb4 /usr/local/xenon/usr/lib/libxenon.a(memp.o)
                0x0000000080014304                memp_init
 .text.memp_malloc
                0x00000000800143b8       0xdc /usr/local/xenon/usr/lib/libxenon.a(memp.o)
                0x00000000800143b8                memp_malloc
 .text.memp_free
                0x0000000080014494       0x88 /usr/local/xenon/usr/lib/libxenon.a(memp.o)
                0x0000000080014494                memp_free
 .text.netif_init
                0x000000008001451c        0x4 /usr/local/xenon/usr/lib/libxenon.a(netif.o)
                0x000000008001451c                netif_init
 .text.netif_set_ipaddr
                0x0000000080014520       0xa4 /usr/local/xenon/usr/lib/libxenon.a(netif.o)
                0x0000000080014520                netif_set_ipaddr
 .text.netif_set_addr
                0x00000000800145c4       0x54 /usr/local/xenon/usr/lib/libxenon.a(netif.o)
                0x00000000800145c4                netif_set_addr
 .text.netif_add
                0x0000000080014618       0xb8 /usr/local/xenon/usr/lib/libxenon.a(netif.o)
                0x0000000080014618                netif_add
 .text.netif_set_gw
                0x00000000800146d0       0x18 /usr/local/xenon/usr/lib/libxenon.a(netif.o)
                0x00000000800146d0                netif_set_gw
 .text.netif_set_netmask
                0x00000000800146e8       0x18 /usr/local/xenon/usr/lib/libxenon.a(netif.o)
                0x00000000800146e8                netif_set_netmask
 .text.netif_set_default
                0x0000000080014700        0xc /usr/local/xenon/usr/lib/libxenon.a(netif.o)
                0x0000000080014700                netif_set_default
 .text.netif_set_up
                0x000000008001470c       0x68 /usr/local/xenon/usr/lib/libxenon.a(netif.o)
                0x000000008001470c                netif_set_up
 .text.netif_set_down
                0x0000000080014774       0x48 /usr/local/xenon/usr/lib/libxenon.a(netif.o)
                0x0000000080014774                netif_set_down
 .text.pbuf_alloced_custom
                0x00000000800147bc       0xe0 /usr/local/xenon/usr/lib/libxenon.a(pbuf.o)
                0x00000000800147bc                pbuf_alloced_custom
 .text.pbuf_header
                0x000000008001489c      0x134 /usr/local/xenon/usr/lib/libxenon.a(pbuf.o)
                0x000000008001489c                pbuf_header
 .text.pbuf_free
                0x00000000800149d0      0x150 /usr/local/xenon/usr/lib/libxenon.a(pbuf.o)
                0x00000000800149d0                pbuf_free
 .text.pbuf_realloc
                0x0000000080014b20      0x190 /usr/local/xenon/usr/lib/libxenon.a(pbuf.o)
                0x0000000080014b20                pbuf_realloc
 .text.pbuf_alloc
                0x0000000080014cb0      0x2f0 /usr/local/xenon/usr/lib/libxenon.a(pbuf.o)
                0x0000000080014cb0                pbuf_alloc
 .text.pbuf_clen
                0x0000000080014fa0       0x24 /usr/local/xenon/usr/lib/libxenon.a(pbuf.o)
                0x0000000080014fa0                pbuf_clen
 .text.pbuf_ref
                0x0000000080014fc4       0x18 /usr/local/xenon/usr/lib/libxenon.a(pbuf.o)
                0x0000000080014fc4                pbuf_ref
 .text.pbuf_cat
                0x0000000080014fdc       0xac /usr/local/xenon/usr/lib/libxenon.a(pbuf.o)
                0x0000000080014fdc                pbuf_cat
 .text.pbuf_chain
                0x0000000080015088       0x34 /usr/local/xenon/usr/lib/libxenon.a(pbuf.o)
                0x0000000080015088                pbuf_chain
 .text.pbuf_copy
                0x00000000800150bc      0x1e0 /usr/local/xenon/usr/lib/libxenon.a(pbuf.o)
                0x00000000800150bc                pbuf_copy
 .text.pbuf_copy_partial
                0x000000008001529c      0x100 /usr/local/xenon/usr/lib/libxenon.a(pbuf.o)
                0x000000008001529c                pbuf_copy_partial
 .text.stats_init
                0x000000008001539c        0x4 /usr/local/xenon/usr/lib/libxenon.a(stats.o)
                0x000000008001539c                stats_init
 .text.tcp_update_rcv_ann_wnd
                0x00000000800153a0       0x9c /usr/local/xenon/usr/lib/libxenon.a(tcp.o)
                0x00000000800153a0                tcp_update_rcv_ann_wnd
 .text.tcp_recved
                0x000000008001543c       0x98 /usr/local/xenon/usr/lib/libxenon.a(tcp.o)
                0x000000008001543c                tcp_recved
 .text.tcp_seg_free
                0x00000000800154d4       0x40 /usr/local/xenon/usr/lib/libxenon.a(tcp.o)
                0x00000000800154d4                tcp_seg_free
 .text.tcp_segs_free
                0x0000000080015514       0x34 /usr/local/xenon/usr/lib/libxenon.a(tcp.o)
                0x0000000080015514                tcp_segs_free
 .text.tcp_seg_copy
                0x0000000080015548       0x44 /usr/local/xenon/usr/lib/libxenon.a(tcp.o)
                0x0000000080015548                tcp_seg_copy
 .text.tcp_pcb_purge
                0x000000008001558c       0x88 /usr/local/xenon/usr/lib/libxenon.a(tcp.o)
                0x000000008001558c                tcp_pcb_purge
 .text.tcp_slowtmr
                0x0000000080015614      0x560 /usr/local/xenon/usr/lib/libxenon.a(tcp.o)
                0x0000000080015614                tcp_slowtmr
 .text.tcp_pcb_remove
                0x0000000080015b74      0x154 /usr/local/xenon/usr/lib/libxenon.a(tcp.o)
                0x0000000080015b74                tcp_pcb_remove
 .text.tcp_abandon
                0x0000000080015cc8      0x128 /usr/local/xenon/usr/lib/libxenon.a(tcp.o)
                0x0000000080015cc8                tcp_abandon
 .text.tcp_abort
                0x0000000080015df0        0x8 /usr/local/xenon/usr/lib/libxenon.a(tcp.o)
                0x0000000080015df0                tcp_abort
 .text.tcp_close_shutdown
                0x0000000080015df8      0x248 /usr/local/xenon/usr/lib/libxenon.a(tcp.o)
 .text.tcp_close
                0x0000000080016040       0x20 /usr/local/xenon/usr/lib/libxenon.a(tcp.o)
                0x0000000080016040                tcp_close
 .text.tcp_recv_null
                0x0000000080016060       0x60 /usr/local/xenon/usr/lib/libxenon.a(tcp.o)
                0x0000000080016060                tcp_recv_null
 .text.tcp_fasttmr
                0x00000000800160c0       0xbc /usr/local/xenon/usr/lib/libxenon.a(tcp.o)
                0x00000000800160c0                tcp_fasttmr
 .text.tcp_tmr  0x000000008001617c       0x50 /usr/local/xenon/usr/lib/libxenon.a(tcp.o)
                0x000000008001617c                tcp_tmr
 .text.tcp_next_iss
                0x00000000800161cc       0x1c /usr/local/xenon/usr/lib/libxenon.a(tcp.o)
                0x00000000800161cc                tcp_next_iss
 .text.tcp_alloc
                0x00000000800161e8      0x1c4 /usr/local/xenon/usr/lib/libxenon.a(tcp.o)
                0x00000000800161e8                tcp_alloc
 .text.tcp_eff_send_mss
                0x00000000800163ac       0x5c /usr/local/xenon/usr/lib/libxenon.a(tcp.o)
                0x00000000800163ac                tcp_eff_send_mss
 .text.ip4_addr_isbroadcast
                0x0000000080016408       0x64 /usr/local/xenon/usr/lib/libxenon.a(ip_addr.o)
                0x0000000080016408                ip4_addr_isbroadcast
 .text.ipaddr_aton
                0x000000008001646c      0x22c /usr/local/xenon/usr/lib/libxenon.a(ip_addr.o)
                0x000000008001646c                ipaddr_aton
 .text.ipaddr_addr
                0x0000000080016698       0x38 /usr/local/xenon/usr/lib/libxenon.a(ip_addr.o)
                0x0000000080016698                ipaddr_addr
 .text.ip_route
                0x00000000800166d0       0x88 /usr/local/xenon/usr/lib/libxenon.a(ip.o)
                0x00000000800166d0                ip_route
 .text.ip_input
                0x0000000080016758      0x31c /usr/local/xenon/usr/lib/libxenon.a(ip.o)
                0x0000000080016758                ip_input
 .text.ip_output_if
                0x0000000080016a74      0x1e0 /usr/local/xenon/usr/lib/libxenon.a(ip.o)
                0x0000000080016a74                ip_output_if
 .text.ip_output
                0x0000000080016c54       0xb4 /usr/local/xenon/usr/lib/libxenon.a(ip.o)
                0x0000000080016c54                ip_output
 .text.ipfrag_free_pbuf_custom
                0x0000000080016d08       0x60 /usr/local/xenon/usr/lib/libxenon.a(ip_frag.o)
 .text.unlikely.ip_reass_dequeue_datagram.part.2
                0x0000000080016d68       0x2c /usr/local/xenon/usr/lib/libxenon.a(ip_frag.o)
 .text.ip_reass_free_complete_datagram
                0x0000000080016d94      0x1a8 /usr/local/xenon/usr/lib/libxenon.a(ip_frag.o)
 .text.ip_reass_remove_oldest_datagram
                0x0000000080016f3c       0xd0 /usr/local/xenon/usr/lib/libxenon.a(ip_frag.o)
 .text.ip_reass
                0x000000008001700c      0x51c /usr/local/xenon/usr/lib/libxenon.a(ip_frag.o)
                0x000000008001700c                ip_reass
 .text.ip_frag  0x0000000080017528      0x228 /usr/local/xenon/usr/lib/libxenon.a(ip_frag.o)
                0x0000000080017528                ip_frag
 .text.tcp_create_segment
                0x0000000080017750      0x104 /usr/local/xenon/usr/lib/libxenon.a(tcp_out.o)
 .text.tcp_output_alloc_header.constprop.1
                0x0000000080017854       0xb0 /usr/local/xenon/usr/lib/libxenon.a(tcp_out.o)
 .text.tcp_enqueue_flags
                0x0000000080017904      0x268 /usr/local/xenon/usr/lib/libxenon.a(tcp_out.o)
                0x0000000080017904                tcp_enqueue_flags
 .text.tcp_send_fin
                0x0000000080017b6c       0x4c /usr/local/xenon/usr/lib/libxenon.a(tcp_out.o)
                0x0000000080017b6c                tcp_send_fin
 .text.tcp_send_empty_ack
                0x0000000080017bb8       0x90 /usr/local/xenon/usr/lib/libxenon.a(tcp_out.o)
                0x0000000080017bb8                tcp_send_empty_ack
 .text.tcp_output
                0x0000000080017c48      0x41c /usr/local/xenon/usr/lib/libxenon.a(tcp_out.o)
                0x0000000080017c48                tcp_output
 .text.tcp_rst  0x0000000080018064       0xf8 /usr/local/xenon/usr/lib/libxenon.a(tcp_out.o)
                0x0000000080018064                tcp_rst
 .text.tcp_rexmit_rto
                0x000000008001815c       0x48 /usr/local/xenon/usr/lib/libxenon.a(tcp_out.o)
                0x000000008001815c                tcp_rexmit_rto
 .text.tcp_rexmit
                0x00000000800181a4       0x64 /usr/local/xenon/usr/lib/libxenon.a(tcp_out.o)
                0x00000000800181a4                tcp_rexmit
 .text.tcp_rexmit_fast
                0x0000000080018208       0x98 /usr/local/xenon/usr/lib/libxenon.a(tcp_out.o)
                0x0000000080018208                tcp_rexmit_fast
 .text.tcp_keepalive
                0x00000000800182a0       0x90 /usr/local/xenon/usr/lib/libxenon.a(tcp_out.o)
                0x00000000800182a0                tcp_keepalive
 .text.tcp_zero_window_probe
                0x0000000080018330      0x11c /usr/local/xenon/usr/lib/libxenon.a(tcp_out.o)
                0x0000000080018330                tcp_zero_window_probe
 .text.udp_input
                0x000000008001844c      0x340 /usr/local/xenon/usr/lib/libxenon.a(udp.o)
                0x000000008001844c                udp_input
 .text.udp_bind
                0x000000008001878c      0x138 /usr/local/xenon/usr/lib/libxenon.a(udp.o)
                0x000000008001878c                udp_bind
 .text.udp_sendto_if
                0x00000000800188c4      0x1a4 /usr/local/xenon/usr/lib/libxenon.a(udp.o)
                0x00000000800188c4                udp_sendto_if
 .text.udp_connect
                0x0000000080018a68       0xa0 /usr/local/xenon/usr/lib/libxenon.a(udp.o)
                0x0000000080018a68                udp_connect
 .text.udp_recv
                0x0000000080018b08        0xc /usr/local/xenon/usr/lib/libxenon.a(udp.o)
                0x0000000080018b08                udp_recv
 .text.udp_remove
                0x0000000080018b14       0x6c /usr/local/xenon/usr/lib/libxenon.a(udp.o)
                0x0000000080018b14                udp_remove
 .text.udp_new  0x0000000080018b80       0x44 /usr/local/xenon/usr/lib/libxenon.a(udp.o)
                0x0000000080018b80                udp_new
 .text.etharp_send_ip
                0x0000000080018bc4       0x80 /usr/local/xenon/usr/lib/libxenon.a(etharp.o)
 .text.free_entry
                0x0000000080018c44       0xd8 /usr/local/xenon/usr/lib/libxenon.a(etharp.o)
 .text.find_entry
                0x0000000080018d1c      0x230 /usr/local/xenon/usr/lib/libxenon.a(etharp.o)
 .text.update_arp_entry
                0x0000000080018f4c      0x124 /usr/local/xenon/usr/lib/libxenon.a(etharp.o)
 .text.etharp_ip_input
                0x0000000080019070       0x78 /usr/local/xenon/usr/lib/libxenon.a(etharp.o)
                0x0000000080019070                etharp_ip_input
 .text.etharp_arp_input
                0x00000000800190e8      0x218 /usr/local/xenon/usr/lib/libxenon.a(etharp.o)
                0x00000000800190e8                etharp_arp_input
 .text.etharp_request
                0x0000000080019300      0x174 /usr/local/xenon/usr/lib/libxenon.a(etharp.o)
                0x0000000080019300                etharp_request
 .text.etharp_query
                0x0000000080019474      0x2ac /usr/local/xenon/usr/lib/libxenon.a(etharp.o)
                0x0000000080019474                etharp_query
 .text.etharp_output
                0x0000000080019720      0x17c /usr/local/xenon/usr/lib/libxenon.a(etharp.o)
                0x0000000080019720                etharp_output
 .text.dhcp_set_state
                0x000000008001989c       0x24 /usr/local/xenon/usr/lib/libxenon.a(dhcp.o)
 .text.dhcp_option_trailer
                0x00000000800198c0      0x104 /usr/local/xenon/usr/lib/libxenon.a(dhcp.o)
 .text.dhcp_check
                0x00000000800199c4       0x54 /usr/local/xenon/usr/lib/libxenon.a(dhcp.o)
 .text.dhcp_bind
                0x0000000080019a18      0x190 /usr/local/xenon/usr/lib/libxenon.a(dhcp.o)
 .text.dhcp_option
                0x0000000080019ba8       0x74 /usr/local/xenon/usr/lib/libxenon.a(dhcp.o)
 .text.dhcp_option_byte
                0x0000000080019c1c       0x5c /usr/local/xenon/usr/lib/libxenon.a(dhcp.o)
 .text.dhcp_option_short
                0x0000000080019c78       0x74 /usr/local/xenon/usr/lib/libxenon.a(dhcp.o)
 .text.dhcp_option_long
                0x0000000080019cec       0xa4 /usr/local/xenon/usr/lib/libxenon.a(dhcp.o)
 .text.dhcp_create_msg
                0x0000000080019d90      0x2b0 /usr/local/xenon/usr/lib/libxenon.a(dhcp.o)
 .text.dhcp_delete_msg
                0x000000008001a040       0xac /usr/local/xenon/usr/lib/libxenon.a(dhcp.o)
 .text.dhcp_reboot
                0x000000008001a0ec       0xf8 /usr/local/xenon/usr/lib/libxenon.a(dhcp.o)
 .text.dhcp_discover
                0x000000008001a1e4      0x144 /usr/local/xenon/usr/lib/libxenon.a(dhcp.o)
 .text.dhcp_select
                0x000000008001a328      0x1d4 /usr/local/xenon/usr/lib/libxenon.a(dhcp.o)
 .text.dhcp_rebind
                0x000000008001a4fc      0x148 /usr/local/xenon/usr/lib/libxenon.a(dhcp.o)
 .text.dhcp_recv
                0x000000008001a644      0x8ac /usr/local/xenon/usr/lib/libxenon.a(dhcp.o)
 .text.dhcp_arp_reply
                0x000000008001aef0      0x100 /usr/local/xenon/usr/lib/libxenon.a(dhcp.o)
                0x000000008001aef0                dhcp_arp_reply
 .text.dhcp_renew
                0x000000008001aff0      0x144 /usr/local/xenon/usr/lib/libxenon.a(dhcp.o)
                0x000000008001aff0                dhcp_renew
 .text.dhcp_coarse_tmr
                0x000000008001b134       0xb4 /usr/local/xenon/usr/lib/libxenon.a(dhcp.o)
                0x000000008001b134                dhcp_coarse_tmr
 .text.dhcp_release
                0x000000008001b1e8      0x114 /usr/local/xenon/usr/lib/libxenon.a(dhcp.o)
                0x000000008001b1e8                dhcp_release
 .text.dhcp_fine_tmr
                0x000000008001b2fc      0x128 /usr/local/xenon/usr/lib/libxenon.a(dhcp.o)
                0x000000008001b2fc                dhcp_fine_tmr
 .text.dhcp_stop
                0x000000008001b424       0xc0 /usr/local/xenon/usr/lib/libxenon.a(dhcp.o)
                0x000000008001b424                dhcp_stop
 .text.dhcp_start
                0x000000008001b4e4      0x1a0 /usr/local/xenon/usr/lib/libxenon.a(dhcp.o)
                0x000000008001b4e4                dhcp_start
 .text.raw_input
                0x000000008001b684       0xe8 /usr/local/xenon/usr/lib/libxenon.a(raw.o)
                0x000000008001b684                raw_input
 .text.tcp_timer_needed
                0x000000008001b76c        0x4 /usr/local/xenon/usr/lib/libxenon.a(timers.o)
                0x000000008001b76c                tcp_timer_needed
 .text.q_enqueue
                0x000000008001b770       0x18 /usr/local/xenon/usr/lib/libxenon.a(lib_queue.o)
                0x000000008001b770                q_enqueue
 .text.q_deqnext
                0x000000008001b788       0x30 /usr/local/xenon/usr/lib/libxenon.a(lib_queue.o)
                0x000000008001b788                q_deqnext
 .text.dummy_attach
                0x000000008001b7b8        0x8 /usr/local/xenon/usr/lib/libxenon.a(dummy.o)
 .text.dummy_detach
                0x000000008001b7c0        0x8 /usr/local/xenon/usr/lib/libxenon.a(dummy.o)
 .text.usbctrl_queue_intreq
                0x000000008001b7c8       0x48 /usr/local/xenon/usr/lib/libxenon.a(usbctrl.o)
 .text.usbctrl_set_led_callback
                0x000000008001b810       0x3c /usr/local/xenon/usr/lib/libxenon.a(usbctrl.o)
 .text.usbctrl_detach
                0x000000008001b84c       0x88 /usr/local/xenon/usr/lib/libxenon.a(usbctrl.o)
 .text.usbctrl_set_leds
                0x000000008001b8d4      0x118 /usr/local/xenon/usr/lib/libxenon.a(usbctrl.o)
                0x000000008001b8d4                usbctrl_set_leds
 .text.usbctrl_ireq_callback
                0x000000008001b9ec      0x25c /usr/local/xenon/usr/lib/libxenon.a(usbctrl.o)
 .text.usbctrl_poll
                0x000000008001bc48       0xb0 /usr/local/xenon/usr/lib/libxenon.a(usbctrl.o)
                0x000000008001bc48                usbctrl_poll
 .text.usbctrl_attach
                0x000000008001bcf8      0x320 /usr/local/xenon/usr/lib/libxenon.a(usbctrl.o)
 .text.getstringmaybe
                0x000000008001c018       0x6c /usr/local/xenon/usr/lib/libxenon.a(usbdebug.o)
 .text.usb_dbg_dumpportstatus
                0x000000008001c084      0x25c /usr/local/xenon/usr/lib/libxenon.a(usbdebug.o)
                0x000000008001c084                usb_dbg_dumpportstatus
 .text.usb_dbg_dumpdescriptors
                0x000000008001c2e0      0x678 /usr/local/xenon/usr/lib/libxenon.a(usbdebug.o)
                0x000000008001c2e0                usb_dbg_dumpdescriptors
 .text.unlikely.tcp_oos_insert_segment
                0x000000008001c958       0xd0 /usr/local/xenon/usr/lib/libxenon.a(tcp_in.o)
 .text.unlikely.tcp_receive
                0x000000008001ca28      0xde4 /usr/local/xenon/usr/lib/libxenon.a(tcp_in.o)
 .text.tcp_parseopt.isra.0
                0x000000008001d80c       0xc0 /usr/local/xenon/usr/lib/libxenon.a(tcp_in.o)
 .text.tcp_input
                0x000000008001d8cc      0xe60 /usr/local/xenon/usr/lib/libxenon.a(tcp_in.o)
                0x000000008001d8cc                tcp_input
 .text.lwip_standard_chksum
                0x000000008001e72c       0xb0 /usr/local/xenon/usr/lib/libxenon.a(inet_chksum.o)
 .text.inet_chksum_pseudo
                0x000000008001e7dc       0xec /usr/local/xenon/usr/lib/libxenon.a(inet_chksum.o)
                0x000000008001e7dc                inet_chksum_pseudo
 .text.inet_chksum
                0x000000008001e8c8       0x28 /usr/local/xenon/usr/lib/libxenon.a(inet_chksum.o)
                0x000000008001e8c8                inet_chksum
 .text.inet_chksum_pbuf
                0x000000008001e8f0       0x94 /usr/local/xenon/usr/lib/libxenon.a(inet_chksum.o)
                0x000000008001e8f0                inet_chksum_pbuf
 .text.icmp_send_response.isra.0
                0x000000008001e984       0xf0 /usr/local/xenon/usr/lib/libxenon.a(icmp.o)
 .text.icmp_input
                0x000000008001ea74      0x368 /usr/local/xenon/usr/lib/libxenon.a(icmp.o)
                0x000000008001ea74                icmp_input
 .text.icmp_dest_unreach
                0x000000008001eddc       0x10 /usr/local/xenon/usr/lib/libxenon.a(icmp.o)
                0x000000008001eddc                icmp_dest_unreach
 .text.icmp_time_exceeded
                0x000000008001edec       0x10 /usr/local/xenon/usr/lib/libxenon.a(icmp.o)
                0x000000008001edec                icmp_time_exceeded
 .text.set_controller_data
                0x000000008001edfc       0x54 /usr/local/xenon/usr/lib/libxenon.a(input.o)
                0x000000008001edfc                set_controller_data
 .text          0x000000008001ee50       0x4c /usr/local/xenon/lib/gcc/xenon/4.6.1/32/libgcc.a(crtsavgpr.o)
                0x000000008001ee50                _savegpr_14
                0x000000008001ee54                _savegpr_15
                0x000000008001ee58                _savegpr_16
                0x000000008001ee5c                _savegpr_17
                0x000000008001ee60                _savegpr_18
                0x000000008001ee64                _savegpr_19
                0x000000008001ee68                _savegpr_20
                0x000000008001ee6c                _savegpr_21
                0x000000008001ee70                _savegpr_22
                0x000000008001ee74                _savegpr_23
                0x000000008001ee78                _savegpr_24
                0x000000008001ee7c                _savegpr_25
                0x000000008001ee80                _savegpr_26
                0x000000008001ee84                _savegpr_27
                0x000000008001ee88                _savegpr_28
                0x000000008001ee8c                _savegpr_29
                0x000000008001ee90                _savegpr_30
                0x000000008001ee94                _savegpr_31
 .text          0x000000008001ee9c       0x58 /usr/local/xenon/lib/gcc/xenon/4.6.1/32/libgcc.a(crtresxgpr.o)
                0x000000008001ee9c                _restgpr_14_x
                0x000000008001eea0                _restgpr_15_x
                0x000000008001eea4                _restgpr_16_x
                0x000000008001eea8                _restgpr_17_x
                0x000000008001eeac                _restgpr_18_x
                0x000000008001eeb0                _restgpr_19_x
                0x000000008001eeb4                _restgpr_20_x
                0x000000008001eeb8                _restgpr_21_x
                0x000000008001eebc                _restgpr_22_x
                0x000000008001eec0                _restgpr_23_x
                0x000000008001eec4                _restgpr_24_x
                0x000000008001eec8                _restgpr_25_x
                0x000000008001eecc                _restgpr_26_x
                0x000000008001eed0                _restgpr_27_x
                0x000000008001eed4                _restgpr_28_x
                0x000000008001eed8                _restgpr_29_x
                0x000000008001eedc                _restgpr_30_x
                0x000000008001eee0                _restgpr_31_x
 *fill*         0x000000008001eef4        0x4 00
 .text          0x000000008001eef8     0x1ae0 /usr/local/xenon/lib/gcc/xenon/4.6.1/32/libgcc.a(unwind-dw2-fde-glibc.o)
                0x0000000080020474                __register_frame_info_bases
                0x00000000800204e8                __register_frame_info
                0x0000000080020510                __register_frame
                0x000000008002055c                __register_frame_info_table_bases
                0x00000000800205c0                __register_frame_info_table
                0x00000000800205e8                __register_frame_table
                0x000000008002062c                __deregister_frame_info_bases
                0x0000000080020778                __deregister_frame_info
                0x0000000080020798                __deregister_frame
                0x00000000800207cc                _Unwind_Find_FDE
 .text          0x00000000800209d8       0x88 /usr/local/xenon/xenon/lib/32/libc.a(lib_a-assert.o)
                0x00000000800209dc                __assert_func
                0x0000000080020a48                __assert
 .text          0x0000000080020a60       0x58 /usr/local/xenon/xenon/lib/32/libc.a(lib_a-exit.o)
                0x0000000080020a64                exit
 .text          0x0000000080020ab8      0x1c0 /usr/local/xenon/xenon/lib/32/libc.a(lib_a-fclose.o)
                0x0000000080020ab8                _fclose_r
                0x0000000080020c34                fclose
 .text          0x0000000080020c78      0x334 /usr/local/xenon/xenon/lib/32/libc.a(lib_a-fflush.o)
                0x0000000080020c78                _fflush_r
                0x0000000080020f3c                fflush
 *fill*         0x0000000080020fac        0x4 00
 .text          0x0000000080020fb0      0x48c /usr/local/xenon/xenon/lib/32/libc.a(lib_a-findfp.o)
                0x0000000080020fc4                _cleanup_r
                0x00000000800210a0                __sfmoreglue
                0x0000000080021124                _cleanup
                0x0000000080021168                __sfp_lock_acquire
                0x0000000080021170                __sfp_lock_release
                0x0000000080021178                __sinit_lock_acquire
                0x0000000080021180                __sinit_lock_release
                0x000000008002118c                __sinit
                0x000000008002123c                __sfp
                0x00000000800213a4                __fp_lock_all
                0x00000000800213f4                __fp_unlock_all
 *fill*         0x000000008002143c        0x4 00
 .text          0x0000000080021440      0x130 /usr/local/xenon/xenon/lib/32/libc.a(lib_a-fiprintf.o)
                0x0000000080021440                _fiprintf_r
                0x00000000800214c4                fiprintf
 .text          0x0000000080021570      0x194 /usr/local/xenon/xenon/lib/32/libc.a(lib_a-fopen.o)
                0x0000000080021574                _fopen_r
                0x00000000800216bc                fopen
 *fill*         0x0000000080021704        0x4 00
 .text          0x0000000080021708      0x308 /usr/local/xenon/xenon/lib/32/libc.a(lib_a-fread.o)
                0x0000000080021708                _fread_r
                0x00000000800219b4                fread
 .text          0x0000000080021a10      0x418 /usr/local/xenon/xenon/lib/32/libc.a(lib_a-freer.o)
                0x0000000080021a14                _malloc_trim_r
                0x0000000080021b6c                _free_r
 .text          0x0000000080021e28      0x5e4 /usr/local/xenon/xenon/lib/32/libc.a(lib_a-fseek.o)
                0x0000000080021e2c                _fseek_r
                0x00000000800223bc                fseek
 *fill*         0x000000008002240c        0x4 00
 .text          0x0000000080022410       0x9c /usr/local/xenon/xenon/lib/32/libc.a(lib_a-fstatr.o)
                0x0000000080022414                _fstat_r
 *fill*         0x00000000800224ac        0x4 00
 .text          0x00000000800224b0      0x190 /usr/local/xenon/xenon/lib/32/libc.a(lib_a-ftell.o)
                0x00000000800224b0                _ftell_r
                0x00000000800225fc                ftell
 .text          0x0000000080022640      0x19c /usr/local/xenon/xenon/lib/32/libc.a(lib_a-fwalk.o)
                0x0000000080022640                _fwalk
                0x0000000080022708                _fwalk_reent
 *fill*         0x00000000800227dc        0x4 00
 .text          0x00000000800227e0      0x220 /usr/local/xenon/xenon/lib/32/libc.a(lib_a-makebuf.o)
                0x00000000800227e4                __smakebuf_r
 .text          0x0000000080022a00       0x4c /usr/local/xenon/xenon/lib/32/libc.a(lib_a-malign.o)
                0x0000000080022a04                memalign
 *fill*         0x0000000080022a4c        0x4 00
 .text          0x0000000080022a50      0x21c /usr/local/xenon/xenon/lib/32/libc.a(lib_a-malignr.o)
                0x0000000080022a50                _memalign_r
 *fill*         0x0000000080022c6c        0x4 00
 .text          0x0000000080022c70       0x90 /usr/local/xenon/xenon/lib/32/libc.a(lib_a-malloc.o)
                0x0000000080022c74                malloc
                0x0000000080022cbc                free
 .text          0x0000000080022d00      0x890 /usr/local/xenon/xenon/lib/32/libc.a(lib_a-mallocr.o)
                0x0000000080022d04                _malloc_r
 .text          0x0000000080023590       0xe0 /usr/local/xenon/xenon/lib/32/libc.a(lib_a-memcmp.o)
                0x0000000080023590                memcmp
 .text          0x0000000080023670      0x128 /usr/local/xenon/xenon/lib/32/libc.a(lib_a-memcpy.o)
                0x0000000080023670                memcpy
 .text          0x0000000080023798      0x134 /usr/local/xenon/xenon/lib/32/libc.a(lib_a-memset.o)
                0x0000000080023798                memset
 *fill*         0x00000000800238cc        0x4 00
 .text          0x00000000800238d0       0xa4 /usr/local/xenon/xenon/lib/32/libc.a(lib_a-openr.o)
                0x00000000800238d4                _open_r
 *fill*         0x0000000080023974        0x4 00
 .text          0x0000000080023978      0x138 /usr/local/xenon/xenon/lib/32/libc.a(lib_a-printf.o)
                0x0000000080023978                _printf_r
                0x0000000080023a04                printf
 .text          0x0000000080023ab0       0x74 /usr/local/xenon/xenon/lib/32/libc.a(lib_a-putchar.o)
                0x0000000080023ab0                _putchar_r
                0x0000000080023adc                putchar
 *fill*         0x0000000080023b24        0x4 00
 .text          0x0000000080023b28      0x204 /usr/local/xenon/xenon/lib/32/libc.a(lib_a-putc.o)
                0x0000000080023b28                _putc_r
                0x0000000080023c0c                putc
 *fill*         0x0000000080023d2c        0x4 00
 .text          0x0000000080023d30      0x128 /usr/local/xenon/xenon/lib/32/libc.a(lib_a-puts.o)
                0x0000000080023d34                _puts_r
                0x0000000080023e14                puts
 .text          0x0000000080023e58      0x2bc /usr/local/xenon/xenon/lib/32/libc.a(lib_a-refill.o)
                0x0000000080023eb4                __srefill_r
 *fill*         0x0000000080024114        0x4 00
 .text          0x0000000080024118       0x94 /usr/local/xenon/xenon/lib/32/libc.a(lib_a-sbrkr.o)
                0x000000008002411c                _sbrk_r
 *fill*         0x00000000800241ac        0x4 00
 .text          0x00000000800241b0      0x1a8 /usr/local/xenon/xenon/lib/32/libc.a(lib_a-sprintf.o)
                0x00000000800241b0                _sprintf_r
                0x0000000080024274                sprintf
 .text          0x0000000080024358      0x1a8 /usr/local/xenon/xenon/lib/32/libc.a(lib_a-stdio.o)
                0x0000000080024358                __sread
                0x00000000800243c0                __swrite
                0x0000000080024468                __sseek
                0x00000000800244d8                __sclose
 .text          0x0000000080024500       0xb0 /usr/local/xenon/xenon/lib/32/libc.a(lib_a-strcat.o)
                0x0000000080024500                strcat
 .text          0x00000000800245b0      0x238 /usr/local/xenon/xenon/lib/32/libc.a(lib_a-strchr.o)
                0x00000000800245b0                strchr
 .text          0x00000000800247e8      0x10c /usr/local/xenon/xenon/lib/32/libc.a(lib_a-strcmp.o)
                0x00000000800247e8                strcmp
 *fill*         0x00000000800248f4        0x4 00
 .text          0x00000000800248f8       0xa4 /usr/local/xenon/xenon/lib/32/libc.a(lib_a-strcpy.o)
                0x00000000800248f8                strcpy
 *fill*         0x000000008002499c        0x4 00
 .text          0x00000000800249a0      0x100 /usr/local/xenon/xenon/lib/32/libc.a(lib_a-strlen.o)
                0x00000000800249a0                strlen
 .text          0x0000000080024aa0      0x18c /usr/local/xenon/xenon/lib/32/libc.a(lib_a-strncmp.o)
                0x0000000080024aa0                strncmp
 *fill*         0x0000000080024c2c        0x4 00
 .text          0x0000000080024c30       0xec /usr/local/xenon/xenon/lib/32/libc.a(lib_a-strncpy.o)
                0x0000000080024c30                strncpy
 *fill*         0x0000000080024d1c        0x4 00
 .text          0x0000000080024d20     0x2318 /usr/local/xenon/xenon/lib/32/libc.a(lib_a-svfprintf.o)
                0x0000000080025004                _svfprintf_r
 .text          0x0000000080027038     0x153c /usr/local/xenon/xenon/lib/32/libc.a(lib_a-vfiprintf.o)
                0x00000000800270a4                _vfiprintf_r
                0x0000000080028524                vfiprintf
 *fill*         0x0000000080028574        0x4 00
 .text          0x0000000080028578     0x21e4 /usr/local/xenon/xenon/lib/32/libc.a(lib_a-vfprintf.o)
                0x00000000800285e4                _vfprintf_r
                0x000000008002a70c                vfprintf
 *fill*         0x000000008002a75c        0x4 00
 .text          0x000000008002a760       0x80 /usr/local/xenon/xenon/lib/32/libc.a(lib_a-vprintf.o)
                0x000000008002a764                vprintf
                0x000000008002a7b0                _vprintf_r
 .text          0x000000008002a7e0      0x21c /usr/local/xenon/xenon/lib/32/libc.a(lib_a-wbuf.o)
                0x000000008002a7e0                __swbuf_r
                0x000000008002a9b4                __swbuf
 *fill*         0x000000008002a9fc        0x4 00
 .text          0x000000008002aa00       0x9c /usr/local/xenon/xenon/lib/32/libc.a(lib_a-writer.o)
                0x000000008002aa04                _write_r
 *fill*         0x000000008002aa9c        0x4 00
 .text          0x000000008002aaa0      0x1b0 /usr/local/xenon/xenon/lib/32/libc.a(lib_a-wsetup.o)
                0x000000008002aaa4                __swsetup_r
 .text          0x000000008002ac50      0x1f8 /usr/local/xenon/xenon/lib/32/libc.a(lib_a-__call_atexit.o)
                0x000000008002ac54                __call_exitprocs
 .text          0x000000008002ae48       0x94 /usr/local/xenon/xenon/lib/32/libc.a(lib_a-closer.o)
                0x000000008002ae4c                _close_r
 *fill*         0x000000008002aedc        0x4 00
 .text          0x000000008002aee0     0x14dc /usr/local/xenon/xenon/lib/32/libc.a(lib_a-dtoa.o)
                0x000000008002b134                _dtoa_r
 *fill*         0x000000008002c3bc        0x4 00
 .text          0x000000008002c3c0       0xa0 /usr/local/xenon/xenon/lib/32/libc.a(lib_a-flags.o)
                0x000000008002c3c0                __sflags
 .text          0x000000008002c460      0x57c /usr/local/xenon/xenon/lib/32/libc.a(lib_a-fvwrite.o)
                0x000000008002c460                __sfvwrite_r
 *fill*         0x000000008002c9dc        0x4 00
 .text          0x000000008002c9e0       0x94 /usr/local/xenon/xenon/lib/32/libc.a(lib_a-isattyr.o)
                0x000000008002c9e4                _isatty_r
 *fill*         0x000000008002ca74        0x4 00
 .text          0x000000008002ca78      0x1cc /usr/local/xenon/xenon/lib/32/libc.a(lib_a-locale.o)
                0x000000008002ca7c                _setlocale_r
                0x000000008002cb34                __locale_charset
                0x000000008002cb74                _localeconv_r
                0x000000008002cbb4                setlocale
                0x000000008002cc04                localeconv
 *fill*         0x000000008002cc44        0x4 00
 .text          0x000000008002cc48       0x9c /usr/local/xenon/xenon/lib/32/libc.a(lib_a-lseekr.o)
                0x000000008002cc4c                _lseek_r
 *fill*         0x000000008002cce4        0x4 00
 .text          0x000000008002cce8      0x130 /usr/local/xenon/xenon/lib/32/libc.a(lib_a-memchr.o)
                0x000000008002cce8                memchr
 .text          0x000000008002ce18      0x198 /usr/local/xenon/xenon/lib/32/libc.a(lib_a-memmove.o)
                0x000000008002ce18                memmove
 .text          0x000000008002cfb0     0x1308 /usr/local/xenon/xenon/lib/32/libc.a(lib_a-mprec.o)
                0x000000008002cfb0                _Balloc
                0x000000008002d078                _Bfree
                0x000000008002d0a0                __multadd
                0x000000008002d1c8                __s2b
                0x000000008002d318                __hi0bits
                0x000000008002d390                __lo0bits
                0x000000008002d470                __i2b
                0x000000008002d4b0                __multiply
                0x000000008002d714                __pow5mult
                0x000000008002d868                __lshift
                0x000000008002d9e8                __mcmp
                0x000000008002da48                __mdiff
                0x000000008002dc30                __ulp
                0x000000008002dcc8                __b2d
                0x000000008002de48                __d2b
                0x000000008002dfe8                __ratio
                0x000000008002e0d4                _mprec_log10
                0x000000008002e150                __copybits
                0x000000008002e1d8                __any_on
 .text          0x000000008002e2b8       0x9c /usr/local/xenon/xenon/lib/32/libc.a(lib_a-readr.o)
                0x000000008002e2bc                _read_r
 *fill*         0x000000008002e354        0x4 00
 .text          0x000000008002e358      0x630 /usr/local/xenon/xenon/lib/32/libc.a(lib_a-reallocr.o)
                0x000000008002e35c                _realloc_r
 .text          0x000000008002e988       0x44 /usr/local/xenon/xenon/lib/32/libc.a(lib_a-s_isinfd.o)
                0x000000008002e988                __isinfd
 *fill*         0x000000008002e9cc        0x4 00
 .text          0x000000008002e9d0       0x38 /usr/local/xenon/xenon/lib/32/libc.a(lib_a-s_isnand.o)
                0x000000008002e9d0                __isnand
 .text          0x000000008002ea08       0xc8 /usr/local/xenon/xenon/lib/32/libc.a(lib_a-callocr.o)
                0x000000008002ea08                _calloc_r
 .text          0x000000008002ead0      0x434 /usr/local/xenon/lib/gcc/xenon/4.6.1/32/libgcc.a(_udivdi3.o)
                0x000000008002ead0                __udivdi3
 *fill*         0x000000008002ef04        0x4 00
 .text          0x000000008002ef08      0x3f0 /usr/local/xenon/lib/gcc/xenon/4.6.1/32/libgcc.a(_umoddi3.o)
                0x000000008002ef08                __umoddi3
 *(.init*)

.glink          0x000000008002f2f8        0x0
 .glink         0x0000000000000000        0x0 /usr/local/xenon/lib/gcc/xenon/4.6.1/../../../../xenon/lib/../lib/crt1.o

.elfldr         0x000000008002f2f8        0x0
                0x000000008002f2f8                elfldr_start = .
 *(.elfldr)
                0x000000008002f2f8                elfldr_end = .

.data           0x000000008002f2f8     0x6f80
 *(.data*)
 .data.devoptab_list
                0x000000008002f2f8       0x40 /usr/local/xenon/usr/lib/libxenon.a(newlib.o)
                0x000000008002f2f8                devoptab_list
 .data.defaultDevice
                0x000000008002f338        0x4 /usr/local/xenon/usr/lib/libxenon.a(newlib.o)
 .data.__syscalls
                0x000000008002f33c       0x24 /usr/local/xenon/usr/lib/libxenon.a(xenon_syscalls.o)
                0x000000008002f33c                __syscalls
 .data.lockowner
                0x000000008002f360        0x4 /usr/local/xenon/usr/lib/libxenon.a(xenon_syscalls.o)
 .data.first_access
                0x000000008002f364        0x4 /usr/local/xenon/usr/lib/libxenon.a(tinyehci.o)
 .data.__lun    0x000000008002f368        0x1 /usr/local/xenon/usr/lib/libxenon.a(tinyehci.o)
 *fill*         0x000000008002f369        0x3 00
 .data.ana_1024x768
                0x000000008002f36c      0x400 /usr/local/xenon/usr/lib/libxenon.a(xenos.o)
                0x000000008002f36c                ana_1024x768
 .data.ana_ntsc_480i
                0x000000008002f76c      0x400 /usr/local/xenon/usr/lib/libxenon.a(xenos.o)
                0x000000008002f76c                ana_ntsc_480i
 .data.ana_yuv_480p
                0x000000008002fb6c      0x400 /usr/local/xenon/usr/lib/libxenon.a(xenos.o)
                0x000000008002fb6c                ana_yuv_480p
 .data.ana_1280x1024
                0x000000008002ff6c      0x400 /usr/local/xenon/usr/lib/libxenon.a(xenos.o)
                0x000000008002ff6c                ana_1280x1024
 .data.ana_pal  0x000000008003036c      0x400 /usr/local/xenon/usr/lib/libxenon.a(xenos.o)
                0x000000008003036c                ana_pal
 .data.ana_1360x768
                0x000000008003076c      0x400 /usr/local/xenon/usr/lib/libxenon.a(xenos.o)
                0x000000008003076c                ana_1360x768
 .data.ana_640_480_composite
                0x0000000080030b6c      0x400 /usr/local/xenon/usr/lib/libxenon.a(xenos.o)
                0x0000000080030b6c                ana_640_480_composite
 .data.ana_1440x900
                0x0000000080030f6c      0x400 /usr/local/xenon/usr/lib/libxenon.a(xenos.o)
                0x0000000080030f6c                ana_1440x900
 .data.ana_1280x768
                0x000000008003136c      0x400 /usr/local/xenon/usr/lib/libxenon.a(xenos.o)
                0x000000008003136c                ana_1280x768
 .data.ana_1280x720
                0x000000008003176c      0x400 /usr/local/xenon/usr/lib/libxenon.a(xenos.o)
                0x000000008003176c                ana_1280x720
 .data.ana_hdmi_720p
                0x0000000080031b6c      0x400 /usr/local/xenon/usr/lib/libxenon.a(xenos.o)
                0x0000000080031b6c                ana_hdmi_720p
 .data.xenos_modes
                0x0000000080031f6c      0x2d8 /usr/local/xenon/usr/lib/libxenon.a(xenos.o)
                0x0000000080031f6c                xenos_modes
 .data.ana_640x480p
                0x0000000080032244      0x400 /usr/local/xenon/usr/lib/libxenon.a(xenos.o)
                0x0000000080032244                ana_640x480p