Archive member included because of file (symbol)

/usr/local/xenon/usr/lib/libxenon.a(argv.o)
                              /usr/local/xenon/lib/gcc/xenon/4.6.1/../../../../xenon/lib/../lib/crt1.o (__check_argv)
/usr/local/xenon/usr/lib/libxenon.a(startup_from_xell.o)
                              (_start)
/usr/local/xenon/usr/lib/libxenon.a(console.o)
                              dashboard.o (console_color)
/usr/local/xenon/usr/lib/libxenon.a(input.o)
                              dashboard.o (get_controller_data)
/usr/local/xenon/usr/lib/libxenon.a(newlib.o)
                              /usr/local/xenon/usr/lib/libxenon.a(console.o) (stdout_hook)
/usr/local/xenon/usr/lib/libxenon.a(xenon_syscalls.o)
                              /usr/local/xenon/usr/lib/libxenon.a(newlib.o) (__syscalls)
/usr/local/xenon/usr/lib/libxenon.a(atomic.o)
                              /usr/local/xenon/usr/lib/libxenon.a(startup_from_xell.o) (atomic_clearset)
/usr/local/xenon/usr/lib/libxenon.a(cache.o)
                              /usr/local/xenon/usr/lib/libxenon.a(console.o) (memdcbst)
/usr/local/xenon/usr/lib/libxenon.a(except.o)
                              (exc_base)
/usr/local/xenon/usr/lib/libxenon.a(c_except.o)
                              /usr/local/xenon/usr/lib/libxenon.a(except.o) (crashdump)
/usr/local/xenon/usr/lib/libxenon.a(vm.o)
                              /usr/local/xenon/usr/lib/libxenon.a(except.o) (vm_segfault_handler)
/usr/local/xenon/usr/lib/libxenon.a(usbctrl.o)
                              /usr/local/xenon/usr/lib/libxenon.a(input.o) (usbctrl_set_rumble)
/usr/local/xenon/usr/lib/libxenon.a(usbd.o)
                              /usr/local/xenon/usr/lib/libxenon.a(usbctrl.o) (usb_open_pipe)
/usr/local/xenon/usr/lib/libxenon.a(usbdevs.o)
                              /usr/local/xenon/usr/lib/libxenon.a(usbd.o) (usb_find_driver)
/usr/local/xenon/usr/lib/libxenon.a(usbhid.o)
                              /usr/local/xenon/usr/lib/libxenon.a(usbdevs.o) (usbhid_driver)
/usr/local/xenon/usr/lib/libxenon.a(usbhub.o)
                              /usr/local/xenon/usr/lib/libxenon.a(usbd.o) (usb_scan)
/usr/local/xenon/usr/lib/libxenon.a(usbmain.o)
                              /usr/local/xenon/usr/lib/libxenon.a(xenon_syscalls.o) (usb_shutdown)
/usr/local/xenon/usr/lib/libxenon.a(tinyehci.o)
                              /usr/local/xenon/usr/lib/libxenon.a(usbmain.o) (USBStorage_Init)
/usr/local/xenon/usr/lib/libxenon.a(xenon_smc.o)
                              /usr/local/xenon/usr/lib/libxenon.a(xenon_syscalls.o) (xenon_smc_send_message)
/usr/local/xenon/usr/lib/libxenon.a(xenon_power.o)
                              /usr/local/xenon/usr/lib/libxenon.a(xenon_syscalls.o) (xenon_is_thread_task_running)
/usr/local/xenon/usr/lib/libxenon.a(xenon_uart.o)
                              /usr/local/xenon/usr/lib/libxenon.a(newlib.o) (putch)
/usr/local/xenon/usr/lib/libxenon.a(xenon_sfcx.o)
                              VL.o (sfcx_init)
/usr/local/xenon/usr/lib/libxenon.a(xenon_config.o)
                              VL.o (xenon_config_init)
/usr/local/xenon/usr/lib/libxenon.a(edram.o)
                              VL.o (edram_init)
/usr/local/xenon/usr/lib/libxenon.a(xe.o)
                              /usr/local/xenon/usr/lib/libxenon.a(edram.o) (Xe_pSyncToDevice)
/usr/local/xenon/usr/lib/libxenon.a(xenos.o)
                              /usr/local/xenon/usr/lib/libxenon.a(edram.o) (xenos_write32)
/usr/local/xenon/usr/lib/libxenon.a(xenos_edid.o)
                              /usr/local/xenon/usr/lib/libxenon.a(xenos.o) (xenos_get_edid)
/usr/local/xenon/usr/lib/libxenon.a(enet.o)
                              /usr/local/xenon/usr/lib/libxenon.a(xenon_syscalls.o) (enet_quiesce)
/usr/local/xenon/usr/lib/libxenon.a(network.o)
                              VL.o (network_init)
/usr/local/xenon/usr/lib/libxenon.a(xb360.o)
                              /usr/local/xenon/usr/lib/libxenon.a(xenon_sfcx.o) (xenon_get_PCIBridgeRevisionID)
/usr/local/xenon/usr/lib/libxenon.a(lib_malloc.o)
                              /usr/local/xenon/usr/lib/libxenon.a(usbctrl.o) (kfree)
/usr/local/xenon/usr/lib/libxenon.a(io.o)
                              /usr/local/xenon/usr/lib/libxenon.a(usbmain.o) (read32)
/usr/local/xenon/usr/lib/libxenon.a(time.o)
                              /usr/local/xenon/usr/lib/libxenon.a(xenon_power.o) (udelay)
/usr/local/xenon/usr/lib/libxenon.a(dummy.o)
                              /usr/local/xenon/usr/lib/libxenon.a(usbdevs.o) (dummy_driver)
/usr/local/xenon/usr/lib/libxenon.a(ohci.o)
                              /usr/local/xenon/usr/lib/libxenon.a(usbmain.o) (ohci_driver)
/usr/local/xenon/usr/lib/libxenon.a(usbdebug.o)
                              /usr/local/xenon/usr/lib/libxenon.a(usbhub.o) (usb_dbg_dumpportstatus)
/usr/local/xenon/usr/lib/libxenon.a(usb_os.o)
                              /usr/local/xenon/usr/lib/libxenon.a(tinyehci.o) (ehci_maligned)
[...]
Memory Configuration

Name             Origin             Length             Attributes
*default*        0x0000000000000000 0xffffffffffffffff

Linker script and memory map

LOAD /usr/local/xenon/lib/gcc/xenon/4.6.1/../../../../xenon/lib/../lib/crt1.o
LOAD /usr/local/xenon/lib/gcc/xenon/4.6.1/../../../../xenon/lib/../lib/crti.o
LOAD /usr/local/xenon/lib/gcc/xenon/4.6.1/32/crtbegin.o
LOAD dashboard.o
LOAD main.o
LOAD VL.o
LOAD /usr/local/xenon/usr/lib/libxenon.a
LOAD /usr/local/xenon/xenon/lib/32/libm.a
LOAD /usr/local/xenon/lib/gcc/xenon/4.6.1/32/libgcc.a
LOAD /usr/local/xenon/xenon/lib/32/libc.a
LOAD /usr/local/xenon/lib/gcc/xenon/4.6.1/32/libgcc.a
LOAD /usr/local/xenon/lib/gcc/xenon/4.6.1/32/crtend.o
LOAD /usr/local/xenon/lib/gcc/xenon/4.6.1/../../../../xenon/lib/../lib/crtn.o
                0x0000000080000000                . = 0x80000000

.text           0x0000000080000000    0x2e150
 *(.except*)
 .except        0x0000000080000000     0x1e1c /usr/local/xenon/usr/lib/libxenon.a(except.o)
                0x0000000080000000                secondary_lock
                0x0000000080000000                exc_base
                0x0000000080000004                secondary_alive
 *(.pagetable)
 .pagetable     0x0000000080001e1c       0x40 /usr/local/xenon/usr/lib/libxenon.a(vm.o)
                0x0000000080001e1c                pagetable
                0x0000000080001e5c                pagetable_end = .
 *(.text*)
 .text.call_ctors
                0x0000000080001e5c       0x48 /usr/local/xenon/lib/gcc/xenon/4.6.1/../../../../xenon/lib/../lib/crt1.o
                0x0000000080001e5c                call_ctors
 .text.c_register_frame
                0x0000000080001ea4       0x28 /usr/local/xenon/lib/gcc/xenon/4.6.1/../../../../xenon/lib/../lib/crt1.o
                0x0000000080001ea4                c_register_frame
 .text.__crtmain
                0x0000000080001ecc       0x2c /usr/local/xenon/lib/gcc/xenon/4.6.1/../../../../xenon/lib/../lib/crt1.o
                0x0000000080001ecc                __crtmain
 .text.checkPNGExists
                0x0000000080001ef8       0x50 dashboard.o
                0x0000000080001ef8                checkPNGExists
 .text.displayPNG
                0x0000000080001f48       0x20 dashboard.o
                0x0000000080001f48                displayPNG
 .text.dashboard
                0x0000000080001f68       0xec dashboard.o
                0x0000000080001f68                dashboard
 *fill*         0x0000000080002054        0x4 00
 .text.startup.main
                0x0000000080002058       0x38 main.o
                0x0000000080002058                main
 .text.verificationLoader
                0x0000000080002090       0x68 VL.o
                0x0000000080002090                verificationLoader
 .text.__check_argv
                0x00000000800020f8       0x28 /usr/local/xenon/usr/lib/libxenon.a(argv.o)
                0x00000000800020f8                __check_argv
 *fill*         0x0000000080002120       0xe0 00
 .text          0x0000000080002200      0x2f4 /usr/local/xenon/usr/lib/libxenon.a(startup_from_xell.o)
                0x0000000080002200                _start
                0x00000000800023f8                wait
                0x0000000080002480                return_to_xell
 .text.console_pset32
                0x00000000800024f4       0x54 /usr/local/xenon/usr/lib/libxenon.a(console.o)
 .text.console_clrscr
                0x0000000080002548       0x80 /usr/local/xenon/usr/lib/libxenon.a(console.o)
                0x0000000080002548                console_clrscr
 .text.console_newline
                0x00000000800025c8       0xe8 /usr/local/xenon/usr/lib/libxenon.a(console.o)
                0x00000000800025c8                console_newline
 .text.console_putch
                0x00000000800026b0      0x120 /usr/local/xenon/usr/lib/libxenon.a(console.o)
                0x00000000800026b0                console_putch
 .text.console_stdout_hook
                0x00000000800027d0       0x40 /usr/local/xenon/usr/lib/libxenon.a(console.o)
 .text.console_init
                0x0000000080002810      0x13c /usr/local/xenon/usr/lib/libxenon.a(console.o)
                0x0000000080002810                console_init
 .text.console_set_colors
                0x000000008000294c       0x14 /usr/local/xenon/usr/lib/libxenon.a(console.o)
                0x000000008000294c                console_set_colors
 .text.set_controller_data
                0x0000000080002960       0x54 /usr/local/xenon/usr/lib/libxenon.a(input.o)
                0x0000000080002960                set_controller_data
 .text.vfs_console_write
                0x00000000800029b4       0x64 /usr/local/xenon/usr/lib/libxenon.a(newlib.o)
                0x00000000800029b4                vfs_console_write
 .text.__malloc_lock
                0x0000000080002a18       0x34 /usr/local/xenon/usr/lib/libxenon.a(newlib.o)
                0x0000000080002a18                __malloc_lock
 .text.__malloc_unlock
                0x0000000080002a4c       0x34 /usr/local/xenon/usr/lib/libxenon.a(newlib.o)
                0x0000000080002a4c                __malloc_unlock
 .text._exit    0x0000000080002a80       0x38 /usr/local/xenon/usr/lib/libxenon.a(newlib.o)
                0x0000000080002a80                _exit
 .text.sbrk     0x0000000080002ab8       0x50 /usr/local/xenon/usr/lib/libxenon.a(newlib.o)
                0x0000000080002ab8                sbrk
 .text.abort    0x0000000080002b08       0x2c /usr/local/xenon/usr/lib/libxenon.a(newlib.o)
                0x0000000080002b08                abort
 .text.isatty   0x0000000080002b34        0x8 /usr/local/xenon/usr/lib/libxenon.a(newlib.o)
                0x0000000080002b34                isatty
 .text.__release_handle
                0x0000000080002b3c       0x4c /usr/local/xenon/usr/lib/libxenon.a(newlib.o)
                0x0000000080002b3c                __release_handle
 .text.__alloc_handle
                0x0000000080002b88       0x78 /usr/local/xenon/usr/lib/libxenon.a(newlib.o)
                0x0000000080002b88                __alloc_handle
 .text.__get_handle
                0x0000000080002c00       0x24 /usr/local/xenon/usr/lib/libxenon.a(newlib.o)
                0x0000000080002c00                __get_handle
 .text.FindDevice
                0x0000000080002c24       0xd0 /usr/local/xenon/usr/lib/libxenon.a(newlib.o)
                0x0000000080002c24                FindDevice
 .text.open     0x0000000080002cf4       0xd4 /usr/local/xenon/usr/lib/libxenon.a(newlib.o)
                0x0000000080002cf4                open
 .text.read     0x0000000080002dc8       0x98 /usr/local/xenon/usr/lib/libxenon.a(newlib.o)
                0x0000000080002dc8                read
 .text.write    0x0000000080002e60       0x9c /usr/local/xenon/usr/lib/libxenon.a(newlib.o)
                0x0000000080002e60                write
 .text.fstat    0x0000000080002efc       0x9c /usr/local/xenon/usr/lib/libxenon.a(newlib.o)
                0x0000000080002efc                fstat
 .text.lseek    0x0000000080002f98       0x98 /usr/local/xenon/usr/lib/libxenon.a(newlib.o)
                0x0000000080002f98                lseek
 .text.close    0x0000000080003030       0x80 /usr/local/xenon/usr/lib/libxenon.a(newlib.o)
                0x0000000080003030                close
 .text.xenon_sbrk
                0x00000000800030b0       0x2c /usr/local/xenon/usr/lib/libxenon.a(xenon_syscalls.o)
 .text.xenon_gettimeofday
                0x00000000800030dc       0xa4 /usr/local/xenon/usr/lib/libxenon.a(xenon_syscalls.o)
 .text.xenon_malloc_unlock
                0x0000000080003180       0xac /usr/local/xenon/usr/lib/libxenon.a(xenon_syscalls.o)
 .text.xenon_malloc_lock
                0x000000008000322c       0x94 /usr/local/xenon/usr/lib/libxenon.a(xenon_syscalls.o)
 .text.shutdown_drivers
                0x00000000800032c0       0x24 /usr/local/xenon/usr/lib/libxenon.a(xenon_syscalls.o)
                0x00000000800032c0                shutdown_drivers
 .text.try_return_to_xell
                0x00000000800032e4       0x50 /usr/local/xenon/usr/lib/libxenon.a(xenon_syscalls.o)
                0x00000000800032e4                try_return_to_xell
 .text.xenon_exit
                0x0000000080003334      0x154 /usr/local/xenon/usr/lib/libxenon.a(xenon_syscalls.o)
 .text          0x0000000080003488       0x84 /usr/local/xenon/usr/lib/libxenon.a(atomic.o)
                0x0000000080003488                atomic_inc
                0x000000008000349c                atomic_dec
                0x00000000800034b0                atomic_clearset
                0x00000000800034c8                lock
                0x00000000800034fc                unlock
 .text          0x000000008000350c       0xa8 /usr/local/xenon/usr/lib/libxenon.a(cache.o)
                0x000000008000350c                memdcbt
                0x0000000080003534                memdcbst
                0x000000008000355c                memdcbf
                0x0000000080003584                memicbi
 .text.flush_console
                0x00000000800035b4       0x4c /usr/local/xenon/usr/lib/libxenon.a(c_except.o)
 .text.crashdump
                0x0000000080003600      0x2bc /usr/local/xenon/usr/lib/libxenon.a(c_except.o)
                0x0000000080003600                crashdump
 .text.usbctrl_queue_intreq
                0x00000000800038bc       0x48 /usr/local/xenon/usr/lib/libxenon.a(usbctrl.o)
 .text.usbctrl_set_led_callback
                0x0000000080003904       0x3c /usr/local/xenon/usr/lib/libxenon.a(usbctrl.o)
 .text.usbctrl_detach
                0x0000000080003940       0x88 /usr/local/xenon/usr/lib/libxenon.a(usbctrl.o)
 .text.usbctrl_set_leds
                0x00000000800039c8      0x118 /usr/local/xenon/usr/lib/libxenon.a(usbctrl.o)
                0x00000000800039c8                usbctrl_set_leds
 .text.usbctrl_ireq_callback
                0x0000000080003ae0      0x25c /usr/local/xenon/usr/lib/libxenon.a(usbctrl.o)
 .text.usbctrl_poll
                0x0000000080003d3c       0xb0 /usr/local/xenon/usr/lib/libxenon.a(usbctrl.o)
                0x0000000080003d3c                usbctrl_poll
 .text.usbctrl_attach
                0x0000000080003dec      0x320 /usr/local/xenon/usr/lib/libxenon.a(usbctrl.o)
 .text.usb_create_pipe
                0x000000008000410c       0xd8 /usr/local/xenon/usr/lib/libxenon.a(usbd.o)
                0x000000008000410c                usb_create_pipe
 .text.usb_open_pipe
                0x00000000800041e4       0x84 /usr/local/xenon/usr/lib/libxenon.a(usbd.o)
                0x00000000800041e4                usb_open_pipe
 .text.usb_destroy_all_pipes
                0x0000000080004268       0x74 /usr/local/xenon/usr/lib/libxenon.a(usbd.o)
                0x0000000080004268                usb_destroy_all_pipes
 .text.usb_destroy_device
                0x00000000800042dc       0x4c /usr/local/xenon/usr/lib/libxenon.a(usbd.o)
                0x00000000800042dc                usb_destroy_device
 .text.usb_create_device
                0x0000000080004328       0x78 /usr/local/xenon/usr/lib/libxenon.a(usbd.o)
                0x0000000080004328                usb_create_device
 .text.usb_make_request
                0x00000000800043a0       0x8c /usr/local/xenon/usr/lib/libxenon.a(usbd.o)
                0x00000000800043a0                usb_make_request
 .text.usb_poll
                0x000000008000442c       0x2c /usr/local/xenon/usr/lib/libxenon.a(usbd.o)
                0x000000008000442c                usb_poll
 .text.usb_daemon
                0x0000000080004458       0x38 /usr/local/xenon/usr/lib/libxenon.a(usbd.o)
                0x0000000080004458                usb_daemon
 .text.usb_free_request
                0x0000000080004490       0x48 /usr/local/xenon/usr/lib/libxenon.a(usbd.o)
                0x0000000080004490                usb_free_request
 .text.usb_delay_ms
                0x00000000800044d8       0x24 /usr/local/xenon/usr/lib/libxenon.a(usbd.o)
                0x00000000800044d8                usb_delay_ms
 .text.usb_queue_request
                0x00000000800044fc       0x50 /usr/local/xenon/usr/lib/libxenon.a(usbd.o)
                0x00000000800044fc                usb_queue_request
 .text.usb_wait_request
                0x000000008000454c       0x40 /usr/local/xenon/usr/lib/libxenon.a(usbd.o)
                0x000000008000454c                usb_wait_request
 .text.usb_sync_request
                0x000000008000458c       0x34 /usr/local/xenon/usr/lib/libxenon.a(usbd.o)
                0x000000008000458c                usb_sync_request
 .text.usb_new_address
                0x00000000800045c0       0x30 /usr/local/xenon/usr/lib/libxenon.a(usbd.o)
                0x00000000800045c0                usb_new_address
 .text.usb_set_ep0mps
                0x00000000800045f0       0x60 /usr/local/xenon/usr/lib/libxenon.a(usbd.o)
                0x00000000800045f0                usb_set_ep0mps
 .text.usb_clear_stall
                0x0000000080004650      0x100 /usr/local/xenon/usr/lib/libxenon.a(usbd.o)
                0x0000000080004650                usb_clear_stall
 .text.usb_std_request
                0x0000000080004750      0x234 /usr/local/xenon/usr/lib/libxenon.a(usbd.o)
                0x0000000080004750                usb_std_request
 .text.usb_simple_request
                0x0000000080004984       0x18 /usr/local/xenon/usr/lib/libxenon.a(usbd.o)
                0x0000000080004984                usb_simple_request
 .text.usb_set_address
                0x000000008000499c       0x9c /usr/local/xenon/usr/lib/libxenon.a(usbd.o)
                0x000000008000499c                usb_set_address
 .text.usb_set_configuration
                0x0000000080004a38       0x14 /usr/local/xenon/usr/lib/libxenon.a(usbd.o)
                0x0000000080004a38                usb_set_configuration
 .text.usb_get_descriptor
                0x0000000080004a4c       0x24 /usr/local/xenon/usr/lib/libxenon.a(usbd.o)
                0x0000000080004a4c                usb_get_descriptor
 .text.usb_get_string
                0x0000000080004a70      0x104 /usr/local/xenon/usr/lib/libxenon.a(usbd.o)
                0x0000000080004a70                usb_get_string
 .text.usb_get_device_descriptor
                0x0000000080004b74       0x90 /usr/local/xenon/usr/lib/libxenon.a(usbd.o)
                0x0000000080004b74                usb_get_device_descriptor
 .text.usb_get_config_descriptor
                0x0000000080004c04       0x8c /usr/local/xenon/usr/lib/libxenon.a(usbd.o)
                0x0000000080004c04                usb_get_config_descriptor
 .text.usb_get_device_status
                0x0000000080004c90       0x1c /usr/local/xenon/usr/lib/libxenon.a(usbd.o)
                0x0000000080004c90                usb_get_device_status
 .text.usb_complete_request
                0x0000000080004cac       0x3c /usr/local/xenon/usr/lib/libxenon.a(usbd.o)
                0x0000000080004cac                usb_complete_request
 .text.usb_initroot
                0x0000000080004ce8      0x150 /usr/local/xenon/usr/lib/libxenon.a(usbd.o)
                0x0000000080004ce8                usb_initroot
 .text.usb_find_cfg_descr
                0x0000000080004e38       0x54 /usr/local/xenon/usr/lib/libxenon.a(usbd.o)
                0x0000000080004e38                usb_find_cfg_descr
 .text.usb_find_driver
                0x0000000080004e8c      0x158 /usr/local/xenon/usr/lib/libxenon.a(usbdevs.o)
                0x0000000080004e8c                usb_find_driver
 .text.usbhid_detach
                0x0000000080004fe4        0x8 /usr/local/xenon/usr/lib/libxenon.a(usbhid.o)
 .text.usbhid_attach
                0x0000000080004fec      0x164 /usr/local/xenon/usr/lib/libxenon.a(usbhid.o)
 .text.usbhid_kbd_scan1.isra.0.part.1
                0x0000000080005150       0x94 /usr/local/xenon/usr/lib/libxenon.a(usbhid.o)
 .text.usbhid_ireq_callback
                0x00000000800051e4      0x18c /usr/local/xenon/usr/lib/libxenon.a(usbhid.o)
 .text.usbhub_markdetached1
                0x0000000080005370       0x14 /usr/local/xenon/usr/lib/libxenon.a(usbhub.o)
 .text.usbhub_get_port_status
                0x0000000080005384       0x38 /usr/local/xenon/usr/lib/libxenon.a(usbhub.o)
 .text.usbhub_ireq_callback
                0x00000000800053bc       0x8c /usr/local/xenon/usr/lib/libxenon.a(usbhub.o)
 .text.usbhub_map_tree1
                0x0000000080005448       0x7c /usr/local/xenon/usr/lib/libxenon.a(usbhub.o)
 .text.usbhub_detach
                0x00000000800054c4      0x13c /usr/local/xenon/usr/lib/libxenon.a(usbhub.o)
 .text.usbhub_attach
                0x0000000080005600      0x1a4 /usr/local/xenon/usr/lib/libxenon.a(usbhub.o)
 .text.usbhub_map_tree
                0x00000000800057a4       0x18 /usr/local/xenon/usr/lib/libxenon.a(usbhub.o)
                0x00000000800057a4                usbhub_map_tree
 .text.usbhub_map_from_device
                0x00000000800057bc       0x14 /usr/local/xenon/usr/lib/libxenon.a(usbhub.o)
                0x00000000800057bc                usbhub_map_from_device
 .text.usbhub_scan1
                0x00000000800057d0      0x558 /usr/local/xenon/usr/lib/libxenon.a(usbhub.o)
 .text.usb_scan
                0x0000000080005d28       0x10 /usr/local/xenon/usr/lib/libxenon.a(usbhub.o)
                0x0000000080005d28                usb_scan
 .text.usb_init_one_ohci
                0x0000000080005d38       0xcc /usr/local/xenon/usr/lib/libxenon.a(usbmain.o)
 .text.usb_shutdown
                0x0000000080005e04       0xb4 /usr/local/xenon/usr/lib/libxenon.a(usbmain.o)
                0x0000000080005e04                usb_shutdown
 .text.usb_init
                0x0000000080005eb8      0x108 /usr/local/xenon/usr/lib/libxenon.a(usbmain.o)
                0x0000000080005eb8                usb_init
 .text.usb_do_poll
                0x0000000080005fc0       0x90 /usr/local/xenon/usr/lib/libxenon.a(usbmain.o)
                0x0000000080005fc0                usb_do_poll
 .text.qtd_fill
                0x0000000080006050       0xa4 /usr/local/xenon/usr/lib/libxenon.a(tinyehci.o)
 .text.ehci_qtd_alloc
                0x00000000800060f4       0x78 /usr/local/xenon/usr/lib/libxenon.a(tinyehci.o)
 .text.handshake.isra.5
                0x000000008000616c      0x178 /usr/local/xenon/usr/lib/libxenon.a(tinyehci.o)
 .text.ehci_mem_init
                0x00000000800062e4       0xf8 /usr/local/xenon/usr/lib/libxenon.a(tinyehci.o)
                0x00000000800062e4                ehci_mem_init
 .text.qh_urb_transaction
                0x00000000800063dc      0x1c0 /usr/local/xenon/usr/lib/libxenon.a(tinyehci.o)
                0x00000000800063dc                qh_urb_transaction
 .text.ehci_do_urb
                0x000000008000659c      0x3c8 /usr/local/xenon/usr/lib/libxenon.a(tinyehci.o)
                0x000000008000659c                ehci_do_urb
 .text.ehci_control_message
                0x0000000080006964       0x84 /usr/local/xenon/usr/lib/libxenon.a(tinyehci.o)
                0x0000000080006964                ehci_control_message
 .text.ehci_bulk_message
                0x00000000800069e8       0x48 /usr/local/xenon/usr/lib/libxenon.a(tinyehci.o)
                0x00000000800069e8                ehci_bulk_message
 .text.__send_cbw
                0x0000000080006a30      0x118 /usr/local/xenon/usr/lib/libxenon.a(tinyehci.o)
 .text.ehci_reset_port_old
                0x0000000080006b48      0x1a4 /usr/local/xenon/usr/lib/libxenon.a(tinyehci.o)
                0x0000000080006b48                ehci_reset_port_old
 .text.ehci_adquire_port
                0x0000000080006cec       0x88 /usr/local/xenon/usr/lib/libxenon.a(tinyehci.o)
                0x0000000080006cec                ehci_adquire_port
 .text.ehci_reset_usb_port
                0x0000000080006d74      0x174 /usr/local/xenon/usr/lib/libxenon.a(tinyehci.o)
                0x0000000080006d74                ehci_reset_usb_port
 .text.ehci_reset_port2
                0x0000000080006ee8       0x6c /usr/local/xenon/usr/lib/libxenon.a(tinyehci.o)
                0x0000000080006ee8                ehci_reset_port2
 .text.USB_FreeDescriptors
                0x0000000080006f54       0xa8 /usr/local/xenon/usr/lib/libxenon.a(tinyehci.o)
                0x0000000080006f54                USB_FreeDescriptors
 .text.USB_GetDescriptors
                0x0000000080006ffc      0x340 /usr/local/xenon/usr/lib/libxenon.a(tinyehci.o)
                0x0000000080006ffc                USB_GetDescriptors
 .text.USB_GetConfiguration
                0x000000008000733c       0x7c /usr/local/xenon/usr/lib/libxenon.a(tinyehci.o)
                0x000000008000733c                USB_GetConfiguration
 .text.USB_SetConfiguration
                0x00000000800073b8       0x1c /usr/local/xenon/usr/lib/libxenon.a(tinyehci.o)
                0x00000000800073b8                USB_SetConfiguration
 .text.USB_SetAlternativeInterface
                0x00000000800073d4       0x28 /usr/local/xenon/usr/lib/libxenon.a(tinyehci.o)
                0x00000000800073d4                USB_SetAlternativeInterface
 .text.USB_ClearHalt
                0x00000000800073fc       0x1c /usr/local/xenon/usr/lib/libxenon.a(tinyehci.o)
                0x00000000800073fc                USB_ClearHalt
 .text.ehci_init_port
                0x0000000080007418      0x14c /usr/local/xenon/usr/lib/libxenon.a(tinyehci.o)
                0x0000000080007418                ehci_init_port
 .text.ehci_reset_port
                0x0000000080007564       0x50 /usr/local/xenon/usr/lib/libxenon.a(tinyehci.o)
                0x0000000080007564                ehci_reset_port
 .text.ehci_discover
                0x00000000800075b4       0x54 /usr/local/xenon/usr/lib/libxenon.a(tinyehci.o)
                0x00000000800075b4                ehci_discover
 .text.EHCI_do_one
                0x0000000080007608      0x144 /usr/local/xenon/usr/lib/libxenon.a(tinyehci.o)
 .text.my_memcmp
                0x000000008000774c       0x44 /usr/local/xenon/usr/lib/libxenon.a(tinyehci.o)
                0x000000008000774c                my_memcmp
 .text.USBStorage_Close
                0x0000000080007790       0x44 /usr/local/xenon/usr/lib/libxenon.a(tinyehci.o)
                0x0000000080007790                USBStorage_Close
 .text.USBStorage_ReadCapacity
                0x00000000800077d4       0xb8 /usr/local/xenon/usr/lib/libxenon.a(tinyehci.o)
                0x00000000800077d4                USBStorage_ReadCapacity
 .text.USBStorage_MountLUN
                0x000000008000788c      0x1f4 /usr/local/xenon/usr/lib/libxenon.a(tinyehci.o)
                0x000000008000788c                USBStorage_MountLUN
 .text.__usbstorage_reset.isra.9
                0x0000000080007a80      0x1a8 /usr/local/xenon/usr/lib/libxenon.a(tinyehci.o)
 .text.USBStorage_Open
                0x0000000080007c28      0x3b8 /usr/local/xenon/usr/lib/libxenon.a(tinyehci.o)
                0x0000000080007c28                USBStorage_Open
 .text.__cycle.constprop.13
                0x0000000080007fe0      0x268 /usr/local/xenon/usr/lib/libxenon.a(tinyehci.o)
 .text.USBStorage_Inquiry
                0x0000000080008248       0xa0 /usr/local/xenon/usr/lib/libxenon.a(tinyehci.o)
                0x0000000080008248                USBStorage_Inquiry
 .text.USBStorage_Try_Device
                0x00000000800082e8      0x19c /usr/local/xenon/usr/lib/libxenon.a(tinyehci.o)
                0x00000000800082e8                USBStorage_Try_Device
 .text.USBStorage_Init
                0x0000000080008484      0x18c /usr/local/xenon/usr/lib/libxenon.a(tinyehci.o)
                0x0000000080008484                USBStorage_Init
 .text.EHCI_Init
                0x0000000080008610       0x50 /usr/local/xenon/usr/lib/libxenon.a(tinyehci.o)
                0x0000000080008610                EHCI_Init
 .text.xenon_smc_send_message
                0x0000000080008660       0x98 /usr/local/xenon/usr/lib/libxenon.a(xenon_smc.o)
                0x0000000080008660                xenon_smc_send_message
 .text.xenon_smc_receive_message
                0x00000000800086f8       0x80 /usr/local/xenon/usr/lib/libxenon.a(xenon_smc.o)
                0x00000000800086f8                xenon_smc_receive_message
 .text.xenon_smc_handle_bulk
                0x0000000080008778       0x90 /usr/local/xenon/usr/lib/libxenon.a(xenon_smc.o)
                0x0000000080008778                xenon_smc_handle_bulk
 .text.xenon_smc_receive_response
                0x0000000080008808       0x48 /usr/local/xenon/usr/lib/libxenon.a(xenon_smc.o)
                0x0000000080008808                xenon_smc_receive_response
 .text.xenon_smc_ana_write
                0x0000000080008850       0x9c /usr/local/xenon/usr/lib/libxenon.a(xenon_smc.o)
                0x0000000080008850                xenon_smc_ana_write
 .text.xenon_smc_ana_read
                0x00000000800088ec       0xc0 /usr/local/xenon/usr/lib/libxenon.a(xenon_smc.o)
                0x00000000800088ec                xenon_smc_ana_read
 .text.xenon_smc_i2c_ddc_lock
                0x00000000800089ac       0x78 /usr/local/xenon/usr/lib/libxenon.a(xenon_smc.o)
                0x00000000800089ac                xenon_smc_i2c_ddc_lock
 .text.xenon_smc_i2c_write
                0x0000000080008a24       0xb0 /usr/local/xenon/usr/lib/libxenon.a(xenon_smc.o)
                0x0000000080008a24                xenon_smc_i2c_write
 .text.xenon_smc_i2c_read
                0x0000000080008ad4       0xc8 /usr/local/xenon/usr/lib/libxenon.a(xenon_smc.o)
                0x0000000080008ad4                xenon_smc_i2c_read
 .text.xenon_smc_power_shutdown
                0x0000000080008b9c       0x40 /usr/local/xenon/usr/lib/libxenon.a(xenon_smc.o)
                0x0000000080008b9c                xenon_smc_power_shutdown
 .text.xenon_smc_power_reboot
                0x0000000080008bdc       0x48 /usr/local/xenon/usr/lib/libxenon.a(xenon_smc.o)
                0x0000000080008bdc                xenon_smc_power_reboot
 .text.xenon_smc_read_avpack
                0x0000000080008c24       0x48 /usr/local/xenon/usr/lib/libxenon.a(xenon_smc.o)
                0x0000000080008c24                xenon_smc_read_avpack
 .text.xenon_smc_set_fan_algorithm
                0x0000000080008c6c       0x3c /usr/local/xenon/usr/lib/libxenon.a(xenon_smc.o)
                0x0000000080008c6c                xenon_smc_set_fan_algorithm
 .text.wakeup_cpus
                0x0000000080008ca8       0xb8 /usr/local/xenon/usr/lib/libxenon.a(xenon_power.o)
                0x0000000080008ca8                wakeup_cpus
 .text.prepare_sleep
                0x0000000080008d60       0x70 /usr/local/xenon/usr/lib/libxenon.a(xenon_power.o)
                0x0000000080008d60                prepare_sleep
 .text.xenon_thread_sleep
                0x0000000080008dd0       0x5c /usr/local/xenon/usr/lib/libxenon.a(xenon_power.o)
                0x0000000080008dd0                xenon_thread_sleep
 .text.xenon_set_speed
                0x0000000080008e2c      0x348 /usr/local/xenon/usr/lib/libxenon.a(xenon_power.o)
                0x0000000080008e2c                xenon_set_speed
 .text.xenon_run_thread_task
                0x0000000080009174       0x38 /usr/local/xenon/usr/lib/libxenon.a(xenon_power.o)
                0x0000000080009174                xenon_run_thread_task
 .text.xenon_is_thread_task_running
                0x00000000800091ac       0x20 /usr/local/xenon/usr/lib/libxenon.a(xenon_power.o)
                0x00000000800091ac                xenon_is_thread_task_running
 .text.xenon_thread_startup
                0x00000000800091cc       0x4c /usr/local/xenon/usr/lib/libxenon.a(xenon_power.o)
                0x00000000800091cc                xenon_thread_startup
 .text.xenon_set_single_thread_mode
                0x0000000080009218       0x94 /usr/local/xenon/usr/lib/libxenon.a(xenon_power.o)
                0x0000000080009218                xenon_set_single_thread_mode
 .text.xenon_make_it_faster
                0x00000000800092ac       0xec /usr/local/xenon/usr/lib/libxenon.a(xenon_power.o)
                0x00000000800092ac                xenon_make_it_faster
 .text.putch    0x0000000080009398       0x58 /usr/local/xenon/usr/lib/libxenon.a(xenon_uart.o)
                0x0000000080009398                putch
 .text.kbhit    0x00000000800093f0       0x24 /usr/local/xenon/usr/lib/libxenon.a(xenon_uart.o)
                0x00000000800093f0                kbhit
 .text.getch    0x0000000080009414       0x38 /usr/local/xenon/usr/lib/libxenon.a(xenon_uart.o)
                0x0000000080009414                getch
 .text.sfcx_read_page
                0x000000008000944c      0x148 /usr/local/xenon/usr/lib/libxenon.a(xenon_sfcx.o)
                0x000000008000944c                sfcx_read_page
 .text.sfcx_init
                0x0000000080009594      0x2d4 /usr/local/xenon/usr/lib/libxenon.a(xenon_sfcx.o)
                0x0000000080009594                sfcx_init
 .text.xenon_config_init
                0x0000000080009868       0xa0 /usr/local/xenon/usr/lib/libxenon.a(xenon_config.o)
                0x0000000080009868                xenon_config_init
 .text.xenon_config_get_avregion
                0x0000000080009908       0x94 /usr/local/xenon/usr/lib/libxenon.a(xenon_config.o)
                0x0000000080009908                xenon_config_get_avregion
 .text.xenon_config_get_mac_addr
                0x000000008000999c       0x9c /usr/local/xenon/usr/lib/libxenon.a(xenon_config.o)
                0x000000008000999c                xenon_config_get_mac_addr
 .text.xenon_config_get_vid_delta
                0x0000000080009a38       0x24 /usr/local/xenon/usr/lib/libxenon.a(xenon_config.o)
                0x0000000080009a38                xenon_config_get_vid_delta
 .text.determine_broken
                0x0000000080009a5c       0x80 /usr/local/xenon/usr/lib/libxenon.a(edram.o)
 .text.edram_write
                0x0000000080009adc       0xa4 /usr/local/xenon/usr/lib/libxenon.a(edram.o)
 .text.edram_read
                0x0000000080009b80       0x90 /usr/local/xenon/usr/lib/libxenon.a(edram.o)
 .text.edram_rmw
                0x0000000080009c10       0x5c /usr/local/xenon/usr/lib/libxenon.a(edram.o)
 .text.edram_p3
                0x0000000080009c6c       0xa8 /usr/local/xenon/usr/lib/libxenon.a(edram.o)
                0x0000000080009c6c                edram_p3
 .text.edram_p4
                0x0000000080009d14       0x94 /usr/local/xenon/usr/lib/libxenon.a(edram.o)
                0x0000000080009d14                edram_p4
 .text.edram_p2
                0x0000000080009da8      0xc54 /usr/local/xenon/usr/lib/libxenon.a(edram.o)
                0x0000000080009da8                edram_p2
 .text.edram_pc
                0x000000008000a9fc       0xc4 /usr/local/xenon/usr/lib/libxenon.a(edram.o)
                0x000000008000a9fc                edram_pc
 .text.edram_compare_crc
                0x000000008000aac0      0x124 /usr/local/xenon/usr/lib/libxenon.a(edram.o)
                0x000000008000aac0                edram_compare_crc
 .text.edram_init_state1
                0x000000008000abe4      0x1b0 /usr/local/xenon/usr/lib/libxenon.a(edram.o)
                0x000000008000abe4                edram_init_state1
 .text.edram_72c
                0x000000008000ad94      0x920 /usr/local/xenon/usr/lib/libxenon.a(edram.o)
                0x000000008000ad94                edram_72c
 .text.edram_974
                0x000000008000b6b4      0x1cc /usr/local/xenon/usr/lib/libxenon.a(edram.o)
                0x000000008000b6b4                edram_974
 .text.edram_9e4
                0x000000008000b880      0x81c /usr/local/xenon/usr/lib/libxenon.a(edram.o)
                0x000000008000b880                edram_9e4
 .text.edram_4c
                0x000000008000c09c     0x16b8 /usr/local/xenon/usr/lib/libxenon.a(edram.o)
                0x000000008000c09c                edram_4c
 .text.edram_init
                0x000000008000d754      0x5d0 /usr/local/xenon/usr/lib/libxenon.a(edram.o)
                0x000000008000d754                edram_init
 .text.Xe_pWriteReg
                0x000000008000dd24       0x2c /usr/local/xenon/usr/lib/libxenon.a(xe.o)
 .text.Xe_pSyncToDevice
                0x000000008000dd50       0x28 /usr/local/xenon/usr/lib/libxenon.a(xe.o)
                0x000000008000dd50                Xe_pSyncToDevice
 .text.Xe_pSyncFromDevice
                0x000000008000dd78       0x28 /usr/local/xenon/usr/lib/libxenon.a(xe.o)
                0x000000008000dd78                Xe_pSyncFromDevice
 .text.Xe_pInvalidateGpuCache_Primary
                0x000000008000dda0      0x1c4 /usr/local/xenon/usr/lib/libxenon.a(xe.o)
                0x000000008000dda0                Xe_pInvalidateGpuCache_Primary
 .text.Xe_pRBCommitPrimary
                0x000000008000df64       0x70 /usr/local/xenon/usr/lib/libxenon.a(xe.o)
                0x000000008000df64                Xe_pRBCommitPrimary
 .text.Xe_pRBKickSegment
                0x000000008000dfd4       0xd0 /usr/local/xenon/usr/lib/libxenon.a(xe.o)
                0x000000008000dfd4                Xe_pRBKickSegment
 .text.Xe_pSetSurfaceClip
                0x000000008000e0a4       0x60 /usr/local/xenon/usr/lib/libxenon.a(xe.o)
                0x000000008000e0a4                Xe_pSetSurfaceClip
 .text.Xe_pResetRingbuffer
                0x000000008000e104       0x2c /usr/local/xenon/usr/lib/libxenon.a(xe.o)
                0x000000008000e104                Xe_pResetRingbuffer
 .text.Xe_pSetupRingbuffer
                0x000000008000e130       0x44 /usr/local/xenon/usr/lib/libxenon.a(xe.o)
                0x000000008000e130                Xe_pSetupRingbuffer
 .text.Xe_pEnableWriteback
                0x000000008000e174       0x30 /usr/local/xenon/usr/lib/libxenon.a(xe.o)
                0x000000008000e174                Xe_pEnableWriteback
 .text.Xe_pGInit0
                0x000000008000e1a4      0x454 /usr/local/xenon/usr/lib/libxenon.a(xe.o)
                0x000000008000e1a4                Xe_pGInit0
 .text.Xe_pGInit1
                0x000000008000e5f8       0xc4 /usr/local/xenon/usr/lib/libxenon.a(xe.o)
                0x000000008000e5f8                Xe_pGInit1
 .text.Xe_pGInit2
                0x000000008000e6bc       0x50 /usr/local/xenon/usr/lib/libxenon.a(xe.o)
                0x000000008000e6bc                Xe_pGInit2
 .text.Xe_pGInit3
                0x000000008000e70c       0x50 /usr/local/xenon/usr/lib/libxenon.a(xe.o)
                0x000000008000e70c                Xe_pGInit3
 .text.Xe_pGInit4
                0x000000008000e75c       0x88 /usr/local/xenon/usr/lib/libxenon.a(xe.o)
                0x000000008000e75c                Xe_pGInit4
 .text.Xe_pGInit5
                0x000000008000e7e4      0x12c /usr/local/xenon/usr/lib/libxenon.a(xe.o)
                0x000000008000e7e4                Xe_pGInit5
 .text.Xe_pGInit6
                0x000000008000e910       0xc8 /usr/local/xenon/usr/lib/libxenon.a(xe.o)
                0x000000008000e910                Xe_pGInit6
 .text.Xe_pGInit7
                0x000000008000e9d8       0x50 /usr/local/xenon/usr/lib/libxenon.a(xe.o)
                0x000000008000e9d8                Xe_pGInit7
 .text.Xe_pGInit8
                0x000000008000ea28       0x1c /usr/local/xenon/usr/lib/libxenon.a(xe.o)
                0x000000008000ea28                Xe_pGInit8
 .text.Xe_pGInit9
                0x000000008000ea44       0xc8 /usr/local/xenon/usr/lib/libxenon.a(xe.o)
                0x000000008000ea44                Xe_pGInit9
 .text.Xe_pGInit10
                0x000000008000eb0c       0xa8 /usr/local/xenon/usr/lib/libxenon.a(xe.o)
                0x000000008000eb0c                Xe_pGInit10
 .text.Xe_pGInit
                0x000000008000ebb4      0x16c /usr/local/xenon/usr/lib/libxenon.a(xe.o)
                0x000000008000ebb4                Xe_pGInit
 .text.Xe_pInvalidateGpuCache
                0x000000008000ed20       0xbc /usr/local/xenon/usr/lib/libxenon.a(xe.o)
                0x000000008000ed20                Xe_pInvalidateGpuCache
 .text.Xe_pBlockUntilIdle
                0x000000008000eddc        0xc /usr/local/xenon/usr/lib/libxenon.a(xe.o)
                0x000000008000eddc                Xe_pBlockUntilIdle
 .text.Xe_Fatal
                0x000000008000ede8       0x9c /usr/local/xenon/usr/lib/libxenon.a(xe.o)
                0x000000008000ede8                Xe_Fatal
 .text.Xe_pWaitReady
                0x000000008000ee84       0x50 /usr/local/xenon/usr/lib/libxenon.a(xe.o)
                0x000000008000ee84                Xe_pWaitReady
 .text.Xe_pResetCP
                0x000000008000eed4      0x124 /usr/local/xenon/usr/lib/libxenon.a(xe.o)
                0x000000008000eed4                Xe_pResetCP
 .text.Xe_pLoadUcodes
                0x000000008000eff8       0xfc /usr/local/xenon/usr/lib/libxenon.a(xe.o)
                0x000000008000eff8                Xe_pLoadUcodes
 .text.Xe_pSetup
                0x000000008000f0f4       0xd8 /usr/local/xenon/usr/lib/libxenon.a(xe.o)
                0x000000008000f0f4                Xe_pSetup
 .text.Xe_pMasterInit
                0x000000008000f1cc       0xcc /usr/local/xenon/usr/lib/libxenon.a(xe.o)
                0x000000008000f1cc                Xe_pMasterInit
 .text.Xe_pRBKick
                0x000000008000f298       0x94 /usr/local/xenon/usr/lib/libxenon.a(xe.o)
                0x000000008000f298                Xe_pRBKick
 .text.Xe_pAlloc
                0x000000008000f32c       0x64 /usr/local/xenon/usr/lib/libxenon.a(xe.o)
                0x000000008000f32c                Xe_pAlloc
 .text.Xe_pRBAlloc
                0x000000008000f390       0x54 /usr/local/xenon/usr/lib/libxenon.a(xe.o)
                0x000000008000f390                Xe_pRBAlloc
 .text.Xe_Init  0x000000008000f3e4      0x134 /usr/local/xenon/usr/lib/libxenon.a(xe.o)
                0x000000008000f3e4                Xe_Init
 .text.Xe_Execute
                0x000000008000f518       0x34 /usr/local/xenon/usr/lib/libxenon.a(xe.o)
                0x000000008000f518                Xe_Execute
 .text.Xe_pDebugSync
                0x000000008000f54c       0x98 /usr/local/xenon/usr/lib/libxenon.a(xe.o)
                0x000000008000f54c                Xe_pDebugSync
 .text.xenos_write32
                0x000000008000f5e4       0x24 /usr/local/xenon/usr/lib/libxenon.a(xenos.o)
                0x000000008000f5e4                xenos_write32
 .text.xenos_read32
                0x000000008000f608       0x24 /usr/local/xenon/usr/lib/libxenon.a(xenos.o)
                0x000000008000f608                xenos_read32
 .text.xenos_ana_write
                0x000000008000f62c       0x60 /usr/local/xenon/usr/lib/libxenon.a(xenos.o)
 .text.xenos_init_ana_new
                0x000000008000f68c      0x334 /usr/local/xenon/usr/lib/libxenon.a(xenos.o)
                0x000000008000f68c                xenos_init_ana_new
 .text.xenos_init_phase0
                0x000000008000f9c0       0x98 /usr/local/xenon/usr/lib/libxenon.a(xenos.o)
                0x000000008000f9c0                xenos_init_phase0
 .text.xenos_init_phase1
                0x000000008000fa58      0x3b0 /usr/local/xenon/usr/lib/libxenon.a(xenos.o)
                0x000000008000fa58                xenos_init_phase1
 .text.xenos_ana_preinit
                0x000000008000fe08       0xd0 /usr/local/xenon/usr/lib/libxenon.a(xenos.o)
                0x000000008000fe08                xenos_ana_preinit
 .text.xenos_set_mode_f1
                0x000000008000fed8      0x148 /usr/local/xenon/usr/lib/libxenon.a(xenos.o)
                0x000000008000fed8                xenos_set_mode_f1
 .text.xenos_set_mode_f2
                0x0000000080010020      0x304 /usr/local/xenon/usr/lib/libxenon.a(xenos.o)
                0x0000000080010020                xenos_set_mode_f2
 .text.xenos_set_mode
                0x0000000080010324      0x348 /usr/local/xenon/usr/lib/libxenon.a(xenos.o)
                0x0000000080010324                xenos_set_mode
 .text.xenos_autoset_mode
                0x000000008001066c      0x124 /usr/local/xenon/usr/lib/libxenon.a(xenos.o)
                0x000000008001066c                xenos_autoset_mode
 .text.xenos_init
                0x0000000080010790       0xe0 /usr/local/xenon/usr/lib/libxenon.a(xenos.o)
                0x0000000080010790                xenos_init
 .text.xenos_is_overscan
                0x0000000080010870       0x44 /usr/local/xenon/usr/lib/libxenon.a(xenos.o)
                0x0000000080010870                xenos_is_overscan
 .text.xenos_do_probe_ddc_edid
                0x00000000800108b4      0x1a0 /usr/local/xenon/usr/lib/libxenon.a(xenos_edid.o)
                0x00000000800108b4                xenos_do_probe_ddc_edid
 .text.xenos_ddc_read_edid
                0x0000000080010a54      0x178 /usr/local/xenon/usr/lib/libxenon.a(xenos_edid.o)
 .text.xenos_get_edid
                0x0000000080010bcc       0xa4 /usr/local/xenon/usr/lib/libxenon.a(xenos_edid.o)
                0x0000000080010bcc                xenos_get_edid
 .text.xenos_detect_hdmi_monitor
                0x0000000080010c70       0xe4 /usr/local/xenon/usr/lib/libxenon.a(xenos_edid.o)
                0x0000000080010c70                xenos_detect_hdmi_monitor
 .text.phy_read
                0x0000000080010d54       0x88 /usr/local/xenon/usr/lib/libxenon.a(enet.o)
 .text.enet_linkoutput
                0x0000000080010ddc      0x124 /usr/local/xenon/usr/lib/libxenon.a(enet.o)
 .text.enet_init
                0x0000000080010f00      0x570 /usr/local/xenon/usr/lib/libxenon.a(enet.o)
                0x0000000080010f00                enet_init
 .text.enet_poll
                0x0000000080011470      0x1e4 /usr/local/xenon/usr/lib/libxenon.a(enet.o)
                0x0000000080011470                enet_poll
 .text.enet_quiesce
                0x0000000080011654       0x3c /usr/local/xenon/usr/lib/libxenon.a(enet.o)
                0x0000000080011654                enet_quiesce
 .text.mftb     0x0000000080011690       0x1c /usr/local/xenon/usr/lib/libxenon.a(network.o)
 .text.network_poll
                0x00000000800116ac       0xdc /usr/local/xenon/usr/lib/libxenon.a(network.o)
                0x00000000800116ac                network_poll
 .text.network_init
                0x0000000080011788      0x1e8 /usr/local/xenon/usr/lib/libxenon.a(network.o)
                0x0000000080011788                network_init
 .text.network_print_config
                0x0000000080011970       0x88 /usr/local/xenon/usr/lib/libxenon.a(network.o)
                0x0000000080011970                network_print_config
 .text.xenon_get_PCIBridgeRevisionID
                0x00000000800119f8       0x2c /usr/local/xenon/usr/lib/libxenon.a(xb360.o)
                0x00000000800119f8                xenon_get_PCIBridgeRevisionID
 .text.xenon_get_XenosID
                0x0000000080011a24       0x28 /usr/local/xenon/usr/lib/libxenon.a(xb360.o)
                0x0000000080011a24                xenon_get_XenosID
 .text.kmeminit
                0x0000000080011a4c       0x38 /usr/local/xenon/usr/lib/libxenon.a(lib_malloc.o)
                0x0000000080011a4c                kmeminit
 .text.kfree    0x0000000080011a84       0xb8 /usr/local/xenon/usr/lib/libxenon.a(lib_malloc.o)
                0x0000000080011a84                kfree
 .text.lib_outofmemory
                0x0000000080011b3c       0x28 /usr/local/xenon/usr/lib/libxenon.a(lib_malloc.o)
                0x0000000080011b3c                lib_outofmemory
 .text.kmalloc  0x0000000080011b64      0x138 /usr/local/xenon/usr/lib/libxenon.a(lib_malloc.o)
                0x0000000080011b64                kmalloc
 .text.kmem_init
                0x0000000080011c9c       0x64 /usr/local/xenon/usr/lib/libxenon.a(lib_malloc.o)
                0x0000000080011c9c                kmem_init
 .text.read32   0x0000000080011d00        0x8 /usr/local/xenon/usr/lib/libxenon.a(io.o)
                0x0000000080011d00                read32
 .text.read32n  0x0000000080011d08        0x8 /usr/local/xenon/usr/lib/libxenon.a(io.o)
                0x0000000080011d08                read32n
 .text.write32  0x0000000080011d10        0x8 /usr/local/xenon/usr/lib/libxenon.a(io.o)
                0x0000000080011d10                write32
 .text.write32n
                0x0000000080011d18        0x8 /usr/local/xenon/usr/lib/libxenon.a(io.o)
                0x0000000080011d18                write32n
 .text.tdelay   0x0000000080011d20       0x48 /usr/local/xenon/usr/lib/libxenon.a(time.o)
 .text.udelay   0x0000000080011d68       0x24 /usr/local/xenon/usr/lib/libxenon.a(time.o)
                0x0000000080011d68                udelay
 .text.mdelay   0x0000000080011d8c       0x18 /usr/local/xenon/usr/lib/libxenon.a(time.o)
                0x0000000080011d8c                mdelay
 .text.delay    0x0000000080011da4       0x18 /usr/local/xenon/usr/lib/libxenon.a(time.o)
                0x0000000080011da4                delay
 .text.dummy_attach
                0x0000000080011dbc        0x8 /usr/local/xenon/usr/lib/libxenon.a(dummy.o)
 .text.dummy_detach
                0x0000000080011dc4        0x8 /usr/local/xenon/usr/lib/libxenon.a(dummy.o)
 .text._ohci_allocept
                0x0000000080011dcc       0x64 /usr/local/xenon/usr/lib/libxenon.a(ohci.o)
 .text._ohci_allocxfer
                0x0000000080011e30       0x5c /usr/local/xenon/usr/lib/libxenon.a(ohci.o)
 .text.ohci_delete
                0x0000000080011e8c        0x4 /usr/local/xenon/usr/lib/libxenon.a(ohci.o)
 .text.ohci_ept_setaddr
                0x0000000080011e90       0x38 /usr/local/xenon/usr/lib/libxenon.a(ohci.o)
 .text.ohci_ept_setmps
                0x0000000080011ec8       0x44 /usr/local/xenon/usr/lib/libxenon.a(ohci.o)
 .text._ohci_queueept
                0x0000000080011f0c       0x5c /usr/local/xenon/usr/lib/libxenon.a(ohci.o)
 .text.ohci_ept_create
                0x0000000080011f68      0x148 /usr/local/xenon/usr/lib/libxenon.a(ohci.o)
 .text.ohci_ept_cleartoggle
                0x00000000800120b0       0x64 /usr/local/xenon/usr/lib/libxenon.a(ohci.o)
 .text.ohci_stop
                0x0000000080012114       0x30 /usr/local/xenon/usr/lib/libxenon.a(ohci.o)
 .text.ohci_ept_delete
                0x0000000080012144      0x1fc /usr/local/xenon/usr/lib/libxenon.a(ohci.o)
 .text.ohci_start
                0x0000000080012340      0x1b0 /usr/local/xenon/usr/lib/libxenon.a(ohci.o)
 .text.ohci_roothub_strdscr
                0x00000000800124f0       0x6c /usr/local/xenon/usr/lib/libxenon.a(ohci.o)
 .text.ohci_intr
                0x000000008001255c      0x20c /usr/local/xenon/usr/lib/libxenon.a(ohci.o)
 .text._ohci_dma_alloc
                0x0000000080012768       0x50 /usr/local/xenon/usr/lib/libxenon.a(ohci.o)
 .text.ohci_create
                0x00000000800127b8      0x2a8 /usr/local/xenon/usr/lib/libxenon.a(ohci.o)
 .text.ohci_xfer
                0x0000000080012a60      0x7d8 /usr/local/xenon/usr/lib/libxenon.a(ohci.o)
 .text.getstringmaybe
                0x0000000080013238       0x6c /usr/local/xenon/usr/lib/libxenon.a(usbdebug.o)
 .text.usb_dbg_dumpportstatus
                0x00000000800132a4      0x25c /usr/local/xenon/usr/lib/libxenon.a(usbdebug.o)
                0x00000000800132a4                usb_dbg_dumpportstatus
 .text.usb_dbg_dumpdescriptors
                0x0000000080013500      0x678 /usr/local/xenon/usr/lib/libxenon.a(usbdebug.o)
                0x0000000080013500                usb_dbg_dumpdescriptors
 .text.ehci_maligned
                0x0000000080013b78       0x9c /usr/local/xenon/usr/lib/libxenon.a(usb_os.o)
                0x0000000080013b78                ehci_maligned
 .text.ehci_virt_to_dma
                0x0000000080013c14        0x8 /usr/local/xenon/usr/lib/libxenon.a(usb_os.o)
                0x0000000080013c14                ehci_virt_to_dma
 .text.ehci_dma_map_to
                0x0000000080013c1c       0x28 /usr/local/xenon/usr/lib/libxenon.a(usb_os.o)
                0x0000000080013c1c                ehci_dma_map_to
 .text.ehci_dma_map_from
                0x0000000080013c44       0x28 /usr/local/xenon/usr/lib/libxenon.a(usb_os.o)
                0x0000000080013c44                ehci_dma_map_from
 .text.ehci_dma_map_bidir
                0x0000000080013c6c       0x28 /usr/local/xenon/usr/lib/libxenon.a(usb_os.o)
                0x0000000080013c6c                ehci_dma_map_bidir
 .text.ehci_dma_unmap_to
                0x0000000080013c94       0x24 /usr/local/xenon/usr/lib/libxenon.a(usb_os.o)
                0x0000000080013c94                ehci_dma_unmap_to
 .text.ehci_dma_unmap_from
                0x0000000080013cb8       0x24 /usr/local/xenon/usr/lib/libxenon.a(usb_os.o)
                0x0000000080013cb8                ehci_dma_unmap_from
 .text.ehci_dma_unmap_bidir
                0x0000000080013cdc       0x24 /usr/local/xenon/usr/lib/libxenon.a(usb_os.o)
                0x0000000080013cdc                ehci_dma_unmap_bidir
 .text.ehci_usleep
                0x0000000080013d00       0x20 /usr/local/xenon/usr/lib/libxenon.a(usb_os.o)
                0x0000000080013d00                ehci_usleep
 .text.ehci_msleep
                0x0000000080013d20       0x20 /usr/local/xenon/usr/lib/libxenon.a(usb_os.o)
                0x0000000080013d20                ehci_msleep
 .text.USB_Alloc
                0x0000000080013d40       0x20 /usr/local/xenon/usr/lib/libxenon.a(usb_os.o)
                0x0000000080013d40                USB_Alloc
 .text.USB_Free
                0x0000000080013d60       0x20 /usr/local/xenon/usr/lib/libxenon.a(usb_os.o)
                0x0000000080013d60                USB_Free
 .text.xenon_gpio_control
                0x0000000080013d80       0x68 /usr/local/xenon/usr/lib/libxenon.a(xenon_gpio.o)
                0x0000000080013d80                xenon_gpio_control
 .text.xenon_gpio_set_oe
                0x0000000080013de8       0x44 /usr/local/xenon/usr/lib/libxenon.a(xenon_gpio.o)
                0x0000000080013de8                xenon_gpio_set_oe
 .text.xenon_gpio_set
                0x0000000080013e2c       0x44 /usr/local/xenon/usr/lib/libxenon.a(xenon_gpio.o)
                0x0000000080013e2c                xenon_gpio_set
 .text          0x0000000080013e70       0x3c /usr/local/xenon/usr/lib/libxenon.a(cpusleep.o)
                0x0000000080013e70                cpusleep
 .text.lwip_init
                0x0000000080013eac       0x30 /usr/local/xenon/usr/lib/libxenon.a(init.o)
                0x0000000080013eac                lwip_init
 .text.mem_init
                0x0000000080013edc       0x5c /usr/local/xenon/usr/lib/libxenon.a(mem.o)
                0x0000000080013edc                mem_init
 .text.mem_free
                0x0000000080013f38      0x204 /usr/local/xenon/usr/lib/libxenon.a(mem.o)
                0x0000000080013f38                mem_free
 .text.mem_trim
                0x000000008001413c      0x180 /usr/local/xenon/usr/lib/libxenon.a(mem.o)
                0x000000008001413c                mem_trim
 .text.mem_malloc
                0x00000000800142bc      0x240 /usr/local/xenon/usr/lib/libxenon.a(mem.o)
                0x00000000800142bc                mem_malloc
 .text.dns_parse_name
                0x00000000800144fc       0x28 /usr/local/xenon/usr/lib/libxenon.a(dns.o)
 .text.dns_recv
                0x0000000080014524      0x1f4 /usr/local/xenon/usr/lib/libxenon.a(dns.o)
 .text.dns_setserver
                0x0000000080014718       0x40 /usr/local/xenon/usr/lib/libxenon.a(dns.o)
                0x0000000080014718                dns_setserver
 .text.dns_init
                0x0000000080014758       0x94 /usr/local/xenon/usr/lib/libxenon.a(dns.o)
                0x0000000080014758                dns_init
 .text.memp_init
                0x00000000800147ec       0xb4 /usr/local/xenon/usr/lib/libxenon.a(memp.o)
                0x00000000800147ec                memp_init
 .text.memp_malloc
                0x00000000800148a0       0xdc /usr/local/xenon/usr/lib/libxenon.a(memp.o)
                0x00000000800148a0                memp_malloc
 .text.memp_free
                0x000000008001497c       0x88 /usr/local/xenon/usr/lib/libxenon.a(memp.o)
                0x000000008001497c                memp_free
 .text.netif_init
                0x0000000080014a04        0x4 /usr/local/xenon/usr/lib/libxenon.a(netif.o)
                0x0000000080014a04                netif_init
 .text.netif_set_ipaddr
                0x0000000080014a08       0xa4 /usr/local/xenon/usr/lib/libxenon.a(netif.o)
                0x0000000080014a08                netif_set_ipaddr
 .text.netif_set_addr
                0x0000000080014aac       0x54 /usr/local/xenon/usr/lib/libxenon.a(netif.o)
                0x0000000080014aac                netif_set_addr
 .text.netif_add
                0x0000000080014b00       0xb8 /usr/local/xenon/usr/lib/libxenon.a(netif.o)
                0x0000000080014b00                netif_add
 .text.netif_set_gw
                0x0000000080014bb8       0x18 /usr/local/xenon/usr/lib/libxenon.a(netif.o)
                0x0000000080014bb8                netif_set_gw
 .text.netif_set_netmask
                0x0000000080014bd0       0x18 /usr/local/xenon/usr/lib/libxenon.a(netif.o)
                0x0000000080014bd0                netif_set_netmask
 .text.netif_set_default
                0x0000000080014be8        0xc /usr/local/xenon/usr/lib/libxenon.a(netif.o)
                0x0000000080014be8                netif_set_default
 .text.netif_set_up
                0x0000000080014bf4       0x68 /usr/local/xenon/usr/lib/libxenon.a(netif.o)
                0x0000000080014bf4                netif_set_up
 .text.netif_set_down
                0x0000000080014c5c       0x48 /usr/local/xenon/usr/lib/libxenon.a(netif.o)
                0x0000000080014c5c                netif_set_down
 .text.pbuf_alloced_custom
                0x0000000080014ca4       0xe0 /usr/local/xenon/usr/lib/libxenon.a(pbuf.o)
                0x0000000080014ca4                pbuf_alloced_custom
 .text.pbuf_header
                0x0000000080014d84      0x134 /usr/local/xenon/usr/lib/libxenon.a(pbuf.o)
                0x0000000080014d84                pbuf_header
 .text.pbuf_free
                0x0000000080014eb8      0x150 /usr/local/xenon/usr/lib/libxenon.a(pbuf.o)
                0x0000000080014eb8                pbuf_free
 .text.pbuf_realloc
                0x0000000080015008      0x190 /usr/local/xenon/usr/lib/libxenon.a(pbuf.o)
                0x0000000080015008                pbuf_realloc
 .text.pbuf_alloc
                0x0000000080015198      0x2f0 /usr/local/xenon/usr/lib/libxenon.a(pbuf.o)
                0x0000000080015198                pbuf_alloc
 .text.pbuf_clen
                0x0000000080015488       0x24 /usr/local/xenon/usr/lib/libxenon.a(pbuf.o)
                0x0000000080015488                pbuf_clen
 .text.pbuf_ref
                0x00000000800154ac       0x18 /usr/local/xenon/usr/lib/libxenon.a(pbuf.o)
                0x00000000800154ac                pbuf_ref
 .text.pbuf_cat
                0x00000000800154c4       0xac /usr/local/xenon/usr/lib/libxenon.a(pbuf.o)
                0x00000000800154c4                pbuf_cat
 .text.pbuf_chain
                0x0000000080015570       0x34 /usr/local/xenon/usr/lib/libxenon.a(pbuf.o)
                0x0000000080015570                pbuf_chain
 .text.pbuf_copy
                0x00000000800155a4      0x1e0 /usr/local/xenon/usr/lib/libxenon.a(pbuf.o)
                0x00000000800155a4                pbuf_copy
 .text.pbuf_copy_partial
                0x0000000080015784      0x100 /usr/local/xenon/usr/lib/libxenon.a(pbuf.o)
                0x0000000080015784                pbuf_copy_partial
 .text.stats_init
                0x0000000080015884        0x4 /usr/local/xenon/usr/lib/libxenon.a(stats.o)
                0x0000000080015884                stats_init
 .text.tcp_update_rcv_ann_wnd
                0x0000000080015888       0x9c /usr/local/xenon/usr/lib/libxenon.a(tcp.o)
                0x0000000080015888                tcp_update_rcv_ann_wnd
 .text.tcp_recved
                0x0000000080015924       0x98 /usr/local/xenon/usr/lib/libxenon.a(tcp.o)
                0x0000000080015924                tcp_recved
 .text.tcp_seg_free
                0x00000000800159bc       0x40 /usr/local/xenon/usr/lib/libxenon.a(tcp.o)
                0x00000000800159bc                tcp_seg_free
 .text.tcp_segs_free
                0x00000000800159fc       0x34 /usr/local/xenon/usr/lib/libxenon.a(tcp.o)
                0x00000000800159fc                tcp_segs_free
 .text.tcp_seg_copy
                0x0000000080015a30       0x44 /usr/local/xenon/usr/lib/libxenon.a(tcp.o)
                0x0000000080015a30                tcp_seg_copy
 .text.tcp_pcb_purge
                0x0000000080015a74       0x88 /usr/local/xenon/usr/lib/libxenon.a(tcp.o)
                0x0000000080015a74                tcp_pcb_purge
 .text.tcp_slowtmr
                0x0000000080015afc      0x560 /usr/local/xenon/usr/lib/libxenon.a(tcp.o)
                0x0000000080015afc                tcp_slowtmr
 .text.tcp_pcb_remove
                0x000000008001605c      0x154 /usr/local/xenon/usr/lib/libxenon.a(tcp.o)
                0x000000008001605c                tcp_pcb_remove
 .text.tcp_abandon
                0x00000000800161b0      0x128 /usr/local/xenon/usr/lib/libxenon.a(tcp.o)
                0x00000000800161b0                tcp_abandon
 .text.tcp_abort
                0x00000000800162d8        0x8 /usr/local/xenon/usr/lib/libxenon.a(tcp.o)
                0x00000000800162d8                tcp_abort
 .text.tcp_close_shutdown
                0x00000000800162e0      0x248 /usr/local/xenon/usr/lib/libxenon.a(tcp.o)
 .text.tcp_close
                0x0000000080016528       0x20 /usr/local/xenon/usr/lib/libxenon.a(tcp.o)
                0x0000000080016528                tcp_close
 .text.tcp_recv_null
                0x0000000080016548       0x60 /usr/local/xenon/usr/lib/libxenon.a(tcp.o)
                0x0000000080016548                tcp_recv_null
 .text.tcp_fasttmr
                0x00000000800165a8       0xbc /usr/local/xenon/usr/lib/libxenon.a(tcp.o)
                0x00000000800165a8                tcp_fasttmr
 .text.tcp_tmr  0x0000000080016664       0x50 /usr/local/xenon/usr/lib/libxenon.a(tcp.o)
                0x0000000080016664                tcp_tmr
 .text.tcp_next_iss
                0x00000000800166b4       0x1c /usr/local/xenon/usr/lib/libxenon.a(tcp.o)
                0x00000000800166b4                tcp_next_iss
 .text.tcp_alloc
                0x00000000800166d0      0x1c4 /usr/local/xenon/usr/lib/libxenon.a(tcp.o)
                0x00000000800166d0                tcp_alloc
 .text.tcp_eff_send_mss
                0x0000000080016894       0x5c /usr/local/xenon/usr/lib/libxenon.a(tcp.o)
                0x0000000080016894                tcp_eff_send_mss
 .text.ip4_addr_isbroadcast
                0x00000000800168f0       0x64 /usr/local/xenon/usr/lib/libxenon.a(ip_addr.o)
                0x00000000800168f0                ip4_addr_isbroadcast
 .text.ipaddr_aton
                0x0000000080016954      0x22c /usr/local/xenon/usr/lib/libxenon.a(ip_addr.o)
                0x0000000080016954                ipaddr_aton
 .text.ipaddr_addr
                0x0000000080016b80       0x38 /usr/local/xenon/usr/lib/libxenon.a(ip_addr.o)
                0x0000000080016b80                ipaddr_addr
 .text.ip_route
                0x0000000080016bb8       0x88 /usr/local/xenon/usr/lib/libxenon.a(ip.o)
                0x0000000080016bb8                ip_route
 .text.ip_input
                0x0000000080016c40      0x31c /usr/local/xenon/usr/lib/libxenon.a(ip.o)
                0x0000000080016c40                ip_input
 .text.ip_output_if
                0x0000000080016f5c      0x1e0 /usr/local/xenon/usr/lib/libxenon.a(ip.o)
                0x0000000080016f5c                ip_output_if
 .text.ip_output
                0x000000008001713c       0xb4 /usr/local/xenon/usr/lib/libxenon.a(ip.o)
                0x000000008001713c                ip_output
 .text.ipfrag_free_pbuf_custom
                0x00000000800171f0       0x60 /usr/local/xenon/usr/lib/libxenon.a(ip_frag.o)
 .text.unlikely.ip_reass_dequeue_datagram.part.2
                0x0000000080017250       0x2c /usr/local/xenon/usr/lib/libxenon.a(ip_frag.o)
 .text.ip_reass_free_complete_datagram
                0x000000008001727c      0x1a8 /usr/local/xenon/usr/lib/libxenon.a(ip_frag.o)
 .text.ip_reass_remove_oldest_datagram
                0x0000000080017424       0xd0 /usr/local/xenon/usr/lib/libxenon.a(ip_frag.o)
 .text.ip_reass
                0x00000000800174f4      0x51c /usr/local/xenon/usr/lib/libxenon.a(ip_frag.o)
                0x00000000800174f4                ip_reass
 .text.ip_frag  0x0000000080017a10      0x228 /usr/local/xenon/usr/lib/libxenon.a(ip_frag.o)
                0x0000000080017a10                ip_frag
 .text.tcp_create_segment
                0x0000000080017c38      0x104 /usr/local/xenon/usr/lib/libxenon.a(tcp_out.o)
 .text.tcp_output_alloc_header.constprop.1
                0x0000000080017d3c       0xb0 /usr/local/xenon/usr/lib/libxenon.a(tcp_out.o)
 .text.tcp_enqueue_flags
                0x0000000080017dec      0x268 /usr/local/xenon/usr/lib/libxenon.a(tcp_out.o)
                0x0000000080017dec                tcp_enqueue_flags
 .text.tcp_send_fin
                0x0000000080018054       0x4c /usr/local/xenon/usr/lib/libxenon.a(tcp_out.o)
                0x0000000080018054                tcp_send_fin
 .text.tcp_send_empty_ack
                0x00000000800180a0       0x90 /usr/local/xenon/usr/lib/libxenon.a(tcp_out.o)
                0x00000000800180a0                tcp_send_empty_ack
 .text.tcp_output
                0x0000000080018130      0x41c /usr/local/xenon/usr/lib/libxenon.a(tcp_out.o)
                0x0000000080018130                tcp_output
 .text.tcp_rst  0x000000008001854c       0xf8 /usr/local/xenon/usr/lib/libxenon.a(tcp_out.o)
                0x000000008001854c                tcp_rst
 .text.tcp_rexmit_rto
                0x0000000080018644       0x48 /usr/local/xenon/usr/lib/libxenon.a(tcp_out.o)
                0x0000000080018644                tcp_rexmit_rto
 .text.tcp_rexmit
                0x000000008001868c       0x64 /usr/local/xenon/usr/lib/libxenon.a(tcp_out.o)
                0x000000008001868c                tcp_rexmit
 .text.tcp_rexmit_fast
                0x00000000800186f0       0x98 /usr/local/xenon/usr/lib/libxenon.a(tcp_out.o)
                0x00000000800186f0                tcp_rexmit_fast
 .text.tcp_keepalive
                0x0000000080018788       0x90 /usr/local/xenon/usr/lib/libxenon.a(tcp_out.o)
                0x0000000080018788                tcp_keepalive
 .text.tcp_zero_window_probe
                0x0000000080018818      0x11c /usr/local/xenon/usr/lib/libxenon.a(tcp_out.o)
                0x0000000080018818                tcp_zero_window_probe
 .text.udp_input
                0x0000000080018934      0x340 /usr/local/xenon/usr/lib/libxenon.a(udp.o)
                0x0000000080018934                udp_input
 .text.udp_bind
                0x0000000080018c74      0x138 /usr/local/xenon/usr/lib/libxenon.a(udp.o)
                0x0000000080018c74                udp_bind
 .text.udp_sendto_if
                0x0000000080018dac      0x1a4 /usr/local/xenon/usr/lib/libxenon.a(udp.o)
                0x0000000080018dac                udp_sendto_if
 .text.udp_connect
                0x0000000080018f50       0xa0 /usr/local/xenon/usr/lib/libxenon.a(udp.o)
                0x0000000080018f50                udp_connect
 .text.udp_recv
                0x0000000080018ff0        0xc /usr/local/xenon/usr/lib/libxenon.a(udp.o)
                0x0000000080018ff0                udp_recv
 .text.udp_remove
                0x0000000080018ffc       0x6c /usr/local/xenon/usr/lib/libxenon.a(udp.o)
                0x0000000080018ffc                udp_remove
 .text.udp_new  0x0000000080019068       0x44 /usr/local/xenon/usr/lib/libxenon.a(udp.o)
                0x0000000080019068                udp_new
 .text.etharp_send_ip
                0x00000000800190ac       0x80 /usr/local/xenon/usr/lib/libxenon.a(etharp.o)
 .text.free_entry
                0x000000008001912c       0xd8 /usr/local/xenon/usr/lib/libxenon.a(etharp.o)
 .text.find_entry
                0x0000000080019204      0x230 /usr/local/xenon/usr/lib/libxenon.a(etharp.o)
 .text.update_arp_entry
                0x0000000080019434      0x124 /usr/local/xenon/usr/lib/libxenon.a(etharp.o)
 .text.etharp_ip_input
                0x0000000080019558       0x78 /usr/local/xenon/usr/lib/libxenon.a(etharp.o)
                0x0000000080019558                etharp_ip_input
 .text.etharp_arp_input
                0x00000000800195d0      0x218 /usr/local/xenon/usr/lib/libxenon.a(etharp.o)
                0x00000000800195d0                etharp_arp_input
 .text.etharp_request
                0x00000000800197e8      0x174 /usr/local/xenon/usr/lib/libxenon.a(etharp.o)
                0x00000000800197e8                etharp_request
 .text.etharp_query
                0x000000008001995c      0x2ac /usr/local/xenon/usr/lib/libxenon.a(etharp.o)
                0x000000008001995c                etharp_query
 .text.etharp_output
                0x0000000080019c08      0x17c /usr/local/xenon/usr/lib/libxenon.a(etharp.o)
                0x0000000080019c08                etharp_output
 .text.dhcp_set_state
                0x0000000080019d84       0x24 /usr/local/xenon/usr/lib/libxenon.a(dhcp.o)
 .text.dhcp_option_trailer
                0x0000000080019da8      0x104 /usr/local/xenon/usr/lib/libxenon.a(dhcp.o)
 .text.dhcp_check
                0x0000000080019eac       0x54 /usr/local/xenon/usr/lib/libxenon.a(dhcp.o)
 .text.dhcp_bind
                0x0000000080019f00      0x190 /usr/local/xenon/usr/lib/libxenon.a(dhcp.o)
 .text.dhcp_option
                0x000000008001a090       0x74 /usr/local/xenon/usr/lib/libxenon.a(dhcp.o)
 .text.dhcp_option_byte
                0x000000008001a104       0x5c /usr/local/xenon/usr/lib/libxenon.a(dhcp.o)
 .text.dhcp_option_short
                0x000000008001a160       0x74 /usr/local/xenon/usr/lib/libxenon.a(dhcp.o)
 .text.dhcp_option_long
                0x000000008001a1d4       0xa4 /usr/local/xenon/usr/lib/libxenon.a(dhcp.o)
 .text.dhcp_create_msg
                0x000000008001a278      0x2b0 /usr/local/xenon/usr/lib/libxenon.a(dhcp.o)
 .text.dhcp_delete_msg
                0x000000008001a528       0xac /usr/local/xenon/usr/lib/libxenon.a(dhcp.o)
 .text.dhcp_reboot
                0x000000008001a5d4       0xf8 /usr/local/xenon/usr/lib/libxenon.a(dhcp.o)
 .text.dhcp_discover
                0x000000008001a6cc      0x144 /usr/local/xenon/usr/lib/libxenon.a(dhcp.o)
 .text.dhcp_select
                0x000000008001a810      0x1d4 /usr/local/xenon/usr/lib/libxenon.a(dhcp.o)
 .text.dhcp_rebind
                0x000000008001a9e4      0x148 /usr/local/xenon/usr/lib/libxenon.a(dhcp.o)
 .text.dhcp_recv
                0x000000008001ab2c      0x8ac /usr/local/xenon/usr/lib/libxenon.a(dhcp.o)
 .text.dhcp_arp_reply
                0x000000008001b3d8      0x100 /usr/local/xenon/usr/lib/libxenon.a(dhcp.o)
                0x000000008001b3d8                dhcp_arp_reply
 .text.dhcp_renew
                0x000000008001b4d8      0x144 /usr/local/xenon/usr/lib/libxenon.a(dhcp.o)
                0x000000008001b4d8                dhcp_renew
 .text.dhcp_coarse_tmr
                0x000000008001b61c       0xb4 /usr/local/xenon/usr/lib/libxenon.a(dhcp.o)
                0x000000008001b61c                dhcp_coarse_tmr
 .text.dhcp_release
                0x000000008001b6d0      0x114 /usr/local/xenon/usr/lib/libxenon.a(dhcp.o)
                0x000000008001b6d0                dhcp_release
 .text.dhcp_fine_tmr
                0x000000008001b7e4      0x128 /usr/local/xenon/usr/lib/libxenon.a(dhcp.o)
                0x000000008001b7e4                dhcp_fine_tmr
 .text.dhcp_stop
                0x000000008001b90c       0xc0 /usr/local/xenon/usr/lib/libxenon.a(dhcp.o)
                0x000000008001b90c                dhcp_stop
 .text.dhcp_start
                0x000000008001b9cc      0x1a0 /usr/local/xenon/usr/lib/libxenon.a(dhcp.o)
                0x000000008001b9cc                dhcp_start
 .text.raw_input
                0x000000008001bb6c       0xe8 /usr/local/xenon/usr/lib/libxenon.a(raw.o)
                0x000000008001bb6c                raw_input
 .text.tcp_timer_needed
                0x000000008001bc54        0x4 /usr/local/xenon/usr/lib/libxenon.a(timers.o)
                0x000000008001bc54                tcp_timer_needed
 .text.q_enqueue
                0x000000008001bc58       0x18 /usr/local/xenon/usr/lib/libxenon.a(lib_queue.o)
                0x000000008001bc58                q_enqueue
 .text.q_deqnext
                0x000000008001bc70       0x30 /usr/local/xenon/usr/lib/libxenon.a(lib_queue.o)
                0x000000008001bc70                q_deqnext
 .text.unlikely.tcp_oos_insert_segment
                0x000000008001bca0       0xd0 /usr/local/xenon/usr/lib/libxenon.a(tcp_in.o)
 .text.unlikely.tcp_receive
                0x000000008001bd70      0xde4 /usr/local/xenon/usr/lib/libxenon.a(tcp_in.o)
 .text.tcp_parseopt.isra.0
                0x000000008001cb54       0xc0 /usr/local/xenon/usr/lib/libxenon.a(tcp_in.o)
 .text.tcp_input
                0x000000008001cc14      0xe60 /usr/local/xenon/usr/lib/libxenon.a(tcp_in.o)
                0x000000008001cc14                tcp_input
 .text.lwip_standard_chksum
                0x000000008001da74       0xb0 /usr/local/xenon/usr/lib/libxenon.a(inet_chksum.o)
 .text.inet_chksum_pseudo
                0x000000008001db24       0xec /usr/local/xenon/usr/lib/libxenon.a(inet_chksum.o)
                0x000000008001db24                inet_chksum_pseudo
 .text.inet_chksum
                0x000000008001dc10       0x28 /usr/local/xenon/usr/lib/libxenon.a(inet_chksum.o)
                0x000000008001dc10                inet_chksum
 .text.inet_chksum_pbuf
                0x000000008001dc38       0x94 /usr/local/xenon/usr/lib/libxenon.a(inet_chksum.o)
                0x000000008001dc38                inet_chksum_pbuf
 .text.icmp_send_response.isra.0
                0x000000008001dccc       0xf0 /usr/local/xenon/usr/lib/libxenon.a(icmp.o)
 .text.icmp_input
                0x000000008001ddbc      0x368 /usr/local/xenon/usr/lib/libxenon.a(icmp.o)
                0x000000008001ddbc                icmp_input
 .text.icmp_dest_unreach
                0x000000008001e124       0x10 /usr/local/xenon/usr/lib/libxenon.a(icmp.o)
                0x000000008001e124                icmp_dest_unreach
 .text.icmp_time_exceeded
                0x000000008001e134       0x10 /usr/local/xenon/usr/lib/libxenon.a(icmp.o)
                0x000000008001e134                icmp_time_exceeded
 .text          0x000000008001e144       0x4c /usr/local/xenon/lib/gcc/xenon/4.6.1/32/libgcc.a(crtsavgpr.o)
                0x000000008001e144                _savegpr_14
                0x000000008001e148                _savegpr_15
                0x000000008001e14c                _savegpr_16
                0x000000008001e150                _savegpr_17
                0x000000008001e154                _savegpr_18
                0x000000008001e158                _savegpr_19
                0x000000008001e15c                _savegpr_20
                0x000000008001e160                _savegpr_21
                0x000000008001e164                _savegpr_22
                0x000000008001e168                _savegpr_23
                0x000000008001e16c                _savegpr_24
                0x000000008001e170                _savegpr_25
                0x000000008001e174                _savegpr_26
                0x000000008001e178                _savegpr_27
                0x000000008001e17c                _savegpr_28
                0x000000008001e180                _savegpr_29
                0x000000008001e184                _savegpr_30
                0x000000008001e188                _savegpr_31
 .text          0x000000008001e190       0x58 /usr/local/xenon/lib/gcc/xenon/4.6.1/32/libgcc.a(crtresxgpr.o)
                0x000000008001e190                _restgpr_14_x
                0x000000008001e194                _restgpr_15_x
                0x000000008001e198                _restgpr_16_x
                0x000000008001e19c                _restgpr_17_x
                0x000000008001e1a0                _restgpr_18_x
                0x000000008001e1a4                _restgpr_19_x
                0x000000008001e1a8                _restgpr_20_x
                0x000000008001e1ac                _restgpr_21_x
                0x000000008001e1b0                _restgpr_22_x
                0x000000008001e1b4                _restgpr_23_x
                0x000000008001e1b8                _restgpr_24_x
                0x000000008001e1bc                _restgpr_25_x
                0x000000008001e1c0                _restgpr_26_x
                0x000000008001e1c4                _restgpr_27_x
                0x000000008001e1c8                _restgpr_28_x
                0x000000008001e1cc                _restgpr_29_x
                0x000000008001e1d0                _restgpr_30_x
                0x000000008001e1d4                _restgpr_31_x
 .text          0x000000008001e1e8     0x1ae0 /usr/local/xenon/lib/gcc/xenon/4.6.1/32/libgcc.a(unwind-dw2-fde-glibc.o)
                0x000000008001f764                __register_frame_info_bases
                0x000000008001f7d8                __register_frame_info
                0x000000008001f800                __register_frame
                0x000000008001f84c                __register_frame_info_table_bases
                0x000000008001f8b0                __register_frame_info_table
                0x000000008001f8d8                __register_frame_table
                0x000000008001f91c                __deregister_frame_info_bases
                0x000000008001fa68                __deregister_frame_info
                0x000000008001fa88                __deregister_frame
                0x000000008001fabc                _Unwind_Find_FDE
 .text          0x000000008001fcc8       0x88 /usr/local/xenon/xenon/lib/32/libc.a(lib_a-assert.o)
                0x000000008001fccc                __assert_func
                0x000000008001fd38                __assert
 .text          0x000000008001fd50       0x58 /usr/local/xenon/xenon/lib/32/libc.a(lib_a-exit.o)
                0x000000008001fd54                exit
 .text          0x000000008001fda8      0x1c0 /usr/local/xenon/xenon/lib/32/libc.a(lib_a-fclose.o)
                0x000000008001fda8                _fclose_r
                0x000000008001ff24                fclose
 .text          0x000000008001ff68      0x334 /usr/local/xenon/xenon/lib/32/libc.a(lib_a-fflush.o)
                0x000000008001ff68                _fflush_r
                0x000000008002022c                fflush
 *fill*         0x000000008002029c        0x4 00
 .text          0x00000000800202a0      0x48c /usr/local/xenon/xenon/lib/32/libc.a(lib_a-findfp.o)
                0x00000000800202b4                _cleanup_r
                0x0000000080020390                __sfmoreglue
                0x0000000080020414                _cleanup
                0x0000000080020458                __sfp_lock_acquire
                0x0000000080020460                __sfp_lock_release
                0x0000000080020468                __sinit_lock_acquire
                0x0000000080020470                __sinit_lock_release
                0x000000008002047c                __sinit
                0x000000008002052c                __sfp
                0x0000000080020694                __fp_lock_all
                0x00000000800206e4                __fp_unlock_all
 *fill*         0x000000008002072c        0x4 00
 .text          0x0000000080020730      0x130 /usr/local/xenon/xenon/lib/32/libc.a(lib_a-fiprintf.o)
                0x0000000080020730                _fiprintf_r
                0x00000000800207b4                fiprintf
 .text          0x0000000080020860      0x194 /usr/local/xenon/xenon/lib/32/libc.a(lib_a-fopen.o)
                0x0000000080020864                _fopen_r
                0x00000000800209ac                fopen
 *fill*         0x00000000800209f4        0x4 00
 .text          0x00000000800209f8      0x418 /usr/local/xenon/xenon/lib/32/libc.a(lib_a-freer.o)
                0x00000000800209fc                _malloc_trim_r
                0x0000000080020b54                _free_r
 .text          0x0000000080020e10      0x5e4 /usr/local/xenon/xenon/lib/32/libc.a(lib_a-fseek.o)
                0x0000000080020e14                _fseek_r
                0x00000000800213a4                fseek
 *fill*         0x00000000800213f4        0x4 00
 .text          0x00000000800213f8       0x9c /usr/local/xenon/xenon/lib/32/libc.a(lib_a-fstatr.o)
                0x00000000800213fc                _fstat_r
 *fill*         0x0000000080021494        0x4 00
 .text          0x0000000080021498      0x19c /usr/local/xenon/xenon/lib/32/libc.a(lib_a-fwalk.o)
                0x0000000080021498                _fwalk
                0x0000000080021560                _fwalk_reent
 *fill*         0x0000000080021634        0x4 00
 .text          0x0000000080021638      0x220 /usr/local/xenon/xenon/lib/32/libc.a(lib_a-makebuf.o)
                0x000000008002163c                __smakebuf_r
 .text          0x0000000080021858       0x4c /usr/local/xenon/xenon/lib/32/libc.a(lib_a-malign.o)
                0x000000008002185c                memalign
 *fill*         0x00000000800218a4        0x4 00
 .text          0x00000000800218a8      0x21c /usr/local/xenon/xenon/lib/32/libc.a(lib_a-malignr.o)
                0x00000000800218a8                _memalign_r
 *fill*         0x0000000080021ac4        0x4 00
 .text          0x0000000080021ac8       0x90 /usr/local/xenon/xenon/lib/32/libc.a(lib_a-malloc.o)
                0x0000000080021acc                malloc
                0x0000000080021b14                free
 .text          0x0000000080021b58      0x890 /usr/local/xenon/xenon/lib/32/libc.a(lib_a-mallocr.o)
                0x0000000080021b5c                _malloc_r
 .text          0x00000000800223e8       0xe0 /usr/local/xenon/xenon/lib/32/libc.a(lib_a-memcmp.o)
                0x00000000800223e8                memcmp
 .text          0x00000000800224c8      0x128 /usr/local/xenon/xenon/lib/32/libc.a(lib_a-memcpy.o)
                0x00000000800224c8                memcpy
 .text          0x00000000800225f0      0x134 /usr/local/xenon/xenon/lib/32/libc.a(lib_a-memset.o)
                0x00000000800225f0                memset
 *fill*         0x0000000080022724        0x4 00
 .text          0x0000000080022728       0xa4 /usr/local/xenon/xenon/lib/32/libc.a(lib_a-openr.o)
                0x000000008002272c                _open_r
 *fill*         0x00000000800227cc        0x4 00
 .text          0x00000000800227d0      0x138 /usr/local/xenon/xenon/lib/32/libc.a(lib_a-printf.o)
                0x00000000800227d0                _printf_r
                0x000000008002285c                printf
 .text          0x0000000080022908       0x74 /usr/local/xenon/xenon/lib/32/libc.a(lib_a-putchar.o)
                0x0000000080022908                _putchar_r
                0x0000000080022934                putchar
 *fill*         0x000000008002297c        0x4 00
 .text          0x0000000080022980      0x204 /usr/local/xenon/xenon/lib/32/libc.a(lib_a-putc.o)
                0x0000000080022980                _putc_r
                0x0000000080022a64                putc
 *fill*         0x0000000080022b84        0x4 00
 .text          0x0000000080022b88      0x128 /usr/local/xenon/xenon/lib/32/libc.a(lib_a-puts.o)
                0x0000000080022b8c                _puts_r
                0x0000000080022c6c                puts
 .text          0x0000000080022cb0      0x2bc /usr/local/xenon/xenon/lib/32/libc.a(lib_a-refill.o)
                0x0000000080022d0c                __srefill_r
 *fill*         0x0000000080022f6c        0x4 00
 .text          0x0000000080022f70       0x94 /usr/local/xenon/xenon/lib/32/libc.a(lib_a-sbrkr.o)
                0x0000000080022f74                _sbrk_r
 *fill*         0x0000000080023004        0x4 00
 .text          0x0000000080023008      0x1a8 /usr/local/xenon/xenon/lib/32/libc.a(lib_a-sprintf.o)
                0x0000000080023008                _sprintf_r
                0x00000000800230cc                sprintf
 .text          0x00000000800231b0      0x1a8 /usr/local/xenon/xenon/lib/32/libc.a(lib_a-stdio.o)
                0x00000000800231b0                __sread
                0x0000000080023218                __swrite
                0x00000000800232c0                __sseek
                0x0000000080023330                __sclose
 .text          0x0000000080023358       0xb0 /usr/local/xenon/xenon/lib/32/libc.a(lib_a-strcat.o)
                0x0000000080023358                strcat
 .text          0x0000000080023408      0x238 /usr/local/xenon/xenon/lib/32/libc.a(lib_a-strchr.o)
                0x0000000080023408                strchr
 .text          0x0000000080023640      0x10c /usr/local/xenon/xenon/lib/32/libc.a(lib_a-strcmp.o)
                0x0000000080023640                strcmp
 *fill*         0x000000008002374c        0x4 00
 .text          0x0000000080023750       0xa4 /usr/local/xenon/xenon/lib/32/libc.a(lib_a-strcpy.o)
                0x0000000080023750                strcpy
 *fill*         0x00000000800237f4        0x4 00
 .text          0x00000000800237f8      0x100 /usr/local/xenon/xenon/lib/32/libc.a(lib_a-strlen.o)
                0x00000000800237f8                strlen
 .text          0x00000000800238f8      0x18c /usr/local/xenon/xenon/lib/32/libc.a(lib_a-strncmp.o)
                0x00000000800238f8                strncmp
 *fill*         0x0000000080023a84        0x4 00
 .text          0x0000000080023a88       0xec /usr/local/xenon/xenon/lib/32/libc.a(lib_a-strncpy.o)
                0x0000000080023a88                strncpy
 *fill*         0x0000000080023b74        0x4 00
 .text          0x0000000080023b78     0x2318 /usr/local/xenon/xenon/lib/32/libc.a(lib_a-svfprintf.o)
                0x0000000080023e5c                _svfprintf_r
 .text          0x0000000080025e90     0x153c /usr/local/xenon/xenon/lib/32/libc.a(lib_a-vfiprintf.o)
                0x0000000080025efc                _vfiprintf_r
                0x000000008002737c                vfiprintf
 *fill*         0x00000000800273cc        0x4 00
 .text          0x00000000800273d0     0x21e4 /usr/local/xenon/xenon/lib/32/libc.a(lib_a-vfprintf.o)
                0x000000008002743c                _vfprintf_r
                0x0000000080029564                vfprintf
 *fill*         0x00000000800295b4        0x4 00
 .text          0x00000000800295b8       0x80 /usr/local/xenon/xenon/lib/32/libc.a(lib_a-vprintf.o)
                0x00000000800295bc                vprintf
                0x0000000080029608                _vprintf_r
 .text          0x0000000080029638      0x21c /usr/local/xenon/xenon/lib/32/libc.a(lib_a-wbuf.o)
                0x0000000080029638                __swbuf_r
                0x000000008002980c                __swbuf
 *fill*         0x0000000080029854        0x4 00
 .text          0x0000000080029858       0x9c /usr/local/xenon/xenon/lib/32/libc.a(lib_a-writer.o)
                0x000000008002985c                _write_r
 *fill*         0x00000000800298f4        0x4 00
 .text          0x00000000800298f8      0x1b0 /usr/local/xenon/xenon/lib/32/libc.a(lib_a-wsetup.o)
                0x00000000800298fc                __swsetup_r
 .text          0x0000000080029aa8      0x1f8 /usr/local/xenon/xenon/lib/32/libc.a(lib_a-__call_atexit.o)
                0x0000000080029aac                __call_exitprocs
 .text          0x0000000080029ca0       0x94 /usr/local/xenon/xenon/lib/32/libc.a(lib_a-closer.o)
                0x0000000080029ca4                _close_r
 *fill*         0x0000000080029d34        0x4 00
 .text          0x0000000080029d38     0x14dc /usr/local/xenon/xenon/lib/32/libc.a(lib_a-dtoa.o)
                0x0000000080029f8c                _dtoa_r
 *fill*         0x000000008002b214        0x4 00
 .text          0x000000008002b218       0xa0 /usr/local/xenon/xenon/lib/32/libc.a(lib_a-flags.o)
                0x000000008002b218                __sflags
 .text          0x000000008002b2b8      0x57c /usr/local/xenon/xenon/lib/32/libc.a(lib_a-fvwrite.o)
                0x000000008002b2b8                __sfvwrite_r
 *fill*         0x000000008002b834        0x4 00
 .text          0x000000008002b838       0x94 /usr/local/xenon/xenon/lib/32/libc.a(lib_a-isattyr.o)
                0x000000008002b83c                _isatty_r
 *fill*         0x000000008002b8cc        0x4 00
 .text          0x000000008002b8d0      0x1cc /usr/local/xenon/xenon/lib/32/libc.a(lib_a-locale.o)
                0x000000008002b8d4                _setlocale_r
                0x000000008002b98c                __locale_charset
                0x000000008002b9cc                _localeconv_r
                0x000000008002ba0c                setlocale
                0x000000008002ba5c                localeconv
 *fill*         0x000000008002ba9c        0x4 00
 .text          0x000000008002baa0       0x9c /usr/local/xenon/xenon/lib/32/libc.a(lib_a-lseekr.o)
                0x000000008002baa4                _lseek_r
 *fill*         0x000000008002bb3c        0x4 00
 .text          0x000000008002bb40      0x130 /usr/local/xenon/xenon/lib/32/libc.a(lib_a-memchr.o)
                0x000000008002bb40                memchr
 .text          0x000000008002bc70      0x198 /usr/local/xenon/xenon/lib/32/libc.a(lib_a-memmove.o)
                0x000000008002bc70                memmove
 .text          0x000000008002be08     0x1308 /usr/local/xenon/xenon/lib/32/libc.a(lib_a-mprec.o)
                0x000000008002be08                _Balloc
                0x000000008002bed0                _Bfree
                0x000000008002bef8                __multadd
                0x000000008002c020                __s2b
                0x000000008002c170                __hi0bits
                0x000000008002c1e8                __lo0bits
                0x000000008002c2c8                __i2b
                0x000000008002c308                __multiply
                0x000000008002c56c                __pow5mult
                0x000000008002c6c0                __lshift
                0x000000008002c840                __mcmp
                0x000000008002c8a0                __mdiff
                0x000000008002ca88                __ulp
                0x000000008002cb20                __b2d
                0x000000008002cca0                __d2b
                0x000000008002ce40                __ratio
                0x000000008002cf2c                _mprec_log10
                0x000000008002cfa8                __copybits
                0x000000008002d030                __any_on
 .text          0x000000008002d110       0x9c /usr/local/xenon/xenon/lib/32/libc.a(lib_a-readr.o)
                0x000000008002d114                _read_r
 *fill*         0x000000008002d1ac        0x4 00
 .text          0x000000008002d1b0      0x630 /usr/local/xenon/xenon/lib/32/libc.a(lib_a-reallocr.o)
                0x000000008002d1b4                _realloc_r
 .text          0x000000008002d7e0       0x44 /usr/local/xenon/xenon/lib/32/libc.a(lib_a-s_isinfd.o)
                0x000000008002d7e0                __isinfd
 *fill*         0x000000008002d824        0x4 00
 .text          0x000000008002d828       0x38 /usr/local/xenon/xenon/lib/32/libc.a(lib_a-s_isnand.o)
                0x000000008002d828                __isnand
 .text          0x000000008002d860       0xc8 /usr/local/xenon/xenon/lib/32/libc.a(lib_a-callocr.o)
                0x000000008002d860                _calloc_r
 .text          0x000000008002d928      0x434 /usr/local/xenon/lib/gcc/xenon/4.6.1/32/libgcc.a(_udivdi3.o)
                0x000000008002d928                __udivdi3
 *fill*         0x000000008002dd5c        0x4 00
 .text          0x000000008002dd60      0x3f0 /usr/local/xenon/lib/gcc/xenon/4.6.1/32/libgcc.a(_umoddi3.o)
                0x000000008002dd60                __umoddi3
 *(.init*)

.glink          0x000000008002e150        0x0
 .glink         0x0000000000000000        0x0 /usr/local/xenon/lib/gcc/xenon/4.6.1/../../../../xenon/lib/../lib/crt1.o

.elfldr         0x000000008002e150        0x0
                0x000000008002e150                elfldr_start = .
 *(.elfldr)
                0x000000008002e150                elfldr_end = .

.data           0x000000008002e150     0x6f80
 *(.data*)
 .data.devoptab_list
                0x000000008002e150       0x40 /usr/local/xenon/usr/lib/libxenon.a(newlib.o)
                0x000000008002e150                devoptab_list
 .data.defaultDevice
                0x000000008002e190        0x4 /usr/local/xenon/usr/lib/libxenon.a(newlib.o)
 .data.__syscalls
                0x000000008002e194       0x24 /usr/local/xenon/usr/lib/libxenon.a(xenon_syscalls.o)
                0x000000008002e194                __syscalls
 .data.lockowner
                0x000000008002e1b8        0x4 /usr/local/xenon/usr/lib/libxenon.a(xenon_syscalls.o)
 .data.usbctrl_driver
                0x000000008002e1bc        0xc /usr/local/xenon/usr/lib/libxenon.a(usbctrl.o)
                0x000000008002e1bc                usbctrl_driver
 .data.usb_drivers
                0x000000008002e1c8       0x90 /usr/local/xenon/usr/lib/libxenon.a(usbdevs.o)
                0x000000008002e1c8                usb_drivers
 .data.usbhid_driver
                0x000000008002e258        0xc /usr/local/xenon/usr/lib/libxenon.a(usbhid.o)
                0x000000008002e258                usbhid_driver
 .data.usbhid_scantable
                0x000000008002e264      0x650 /usr/local/xenon/usr/lib/libxenon.a(usbhid.o)
 .data.usbhub_driver
                0x000000008002e8b4        0xc /usr/local/xenon/usr/lib/libxenon.a(usbhub.o)
                0x000000008002e8b4                usbhub_driver
 .data.usbroothub_driver
                0x000000008002e8c0        0xc /usr/local/xenon/usr/lib/libxenon.a(usbhub.o)
                0x000000008002e8c0                usbroothub_driver
 .data.first_access
                0x000000008002e8cc        0x4 /usr/local/xenon/usr/lib/libxenon.a(tinyehci.o)
 .data.__lun    0x000000008002e8d0        0x1 /usr/local/xenon/usr/lib/libxenon.a(tinyehci.o)
 *fill*         0x000000008002e8d1        0x3 00
 .data.ana_1024x768
                0x000000008002e8d4      0x400 /usr/local/xenon/usr/lib/libxenon.a(xenos.o)
                0x000000008002e8d4                ana_1024x768
 .data.ana_ntsc_480i
                0x000000008002ecd4      0x400 /usr/local/xenon/usr/lib/libxenon.a(xenos.o)
                0x000000008002ecd4                ana_ntsc_480i
 .data.ana_yuv_480p
                0x000000008002f0d4      0x400 /usr/local/xenon/usr/lib/libxenon.a(xenos.o)
                0x000000008002f0d4                ana_yuv_480p
 .data.ana_1280x1024
                0x000000008002f4d4      0x400 /usr/local/xenon/usr/lib/libxenon.a(xenos.o)
                0x000000008002f4d4                ana_1280x1024
 .data.ana_pal  0x000000008002f8d4      0x400 /usr/local/xenon/usr/lib/libxenon.a(xenos.o)
                0x000000008002f8d4                ana_pal
 .data.ana_1360x768
                0x000000008002fcd4      0x400 /usr/local/xenon/usr/lib/libxenon.a(xenos.o)
                0x000000008002fcd4                ana_1360x768
 .data.ana_640_480_composite
                0x00000000800300d4      0x400 /usr/local/xenon/usr/lib/libxenon.a(xenos.o)
                0x00000000800300d4                ana_640_480_composite
 .data.ana_1440x900
                0x00000000800304d4      0x400 /usr/local/xenon/usr/lib/libxenon.a(xenos.o)
                0x00000000800304d4                ana_1440x900
 .data.ana_1280x768
                0x00000000800308d4      0x400 /usr/local/xenon/usr/lib/libxenon.a(xenos.o)
                0x00000000800308d4                ana_1280x768
 .data.ana_1280x720
                0x0000000080030cd4      0x400 /usr/local/xenon/usr/lib/libxenon.a(xenos.o)
                0x0000000080030cd4                ana_1280x720
 .data.ana_hdmi_720p
                0x00000000800310d4      0x400 /usr/local/xenon/usr/lib/libxenon.a(xenos.o)
                0x00000000800310d4                ana_hdmi_720p
 .data.xenos_modes
                0x00000000800314d4      0x2d8 /usr/local/xenon/usr/lib/libxenon.a(xenos.o)
                0x00000000800314d4                xenos_modes
 .data.ana_640x480p
                0x00000000800317ac      0x400 /usr/local/xenon/usr/lib/libxenon.a(xenos.o)
                0x00000000800317ac                ana_640x480p
 .data.ana_yuv_720p
                0x0000000080031bac      0x400 /usr/local/xenon/usr/lib/libxenon.a(xenos.o)
                0x0000000080031bac                ana_yuv_720p
 .data.dummy_driver
                0x0000000080031fac        0xc /usr/local/xenon/usr/lib/libxenon.a(dummy.o)
                0x0000000080031fac                dummy_driver
 .data.ohci_driver
                0x0000000080031fb8       0x2c /usr/local/xenon/usr/lib/libxenon.a(ohci.o)
                0x0000000080031fb8                ohci_driver
 .data.xenos_ucode0
                0x0000000080031fe4      0x480 /usr/local/xenon/usr/lib/libxenon.a(ucode.o)
                0x0000000080031fe4                xenos_ucode0
 .data.xenos_ucode1
                0x0000000080032464     0x2400 /usr/local/xenon/usr/lib/libxenon.a(ucode.o)
                0x0000000080032464                xenos_ucode1
 .data.iss.3625
                0x0000000080034864        0x4 /usr/local/xenon/usr/lib/libxenon.a(tcp.o)
 .data.xid.3562
                0x0000000080034868        0x4 /usr/local/xenon/usr/lib/libxenon.a(dhcp.o)
 *fill*         0x000000008003486c        0x4 00
 .data.rel.local
                0x0000000080034870      0x428 /usr/local/xenon/xenon/lib/32/libc.a(lib_a-impure.o)
 .data.rel      0x0000000080034c98      0x408 /usr/local/xenon/xenon/lib/32/libc.a(lib_a-mallocr.o)
                0x0000000080034c98                __malloc_av_
 .data.rel.ro.local
                0x00000000800350a0       0x30 /usr/local/xenon/xenon/lib/32/libc.a(lib_a-locale.o)

.got2           0x00000000800350d0      0x1fc
 .got2          0x00000000800350d0       0x14 /usr/local/xenon/lib/gcc/xenon/4.6.1/32/libgcc.a(unwind-dw2-fde-glibc.o)
 .got2          0x00000000800350e4       0x10 /usr/local/xenon/xenon/lib/32/libc.a(lib_a-assert.o)