Archive member included because of file (symbol)

/usr/local/xenon/usr/lib/libxenon.a(argv.o)
                              /usr/local/xenon/lib/gcc/xenon/4.6.1/../../../../xenon/lib/../lib/crt1.o (__check_argv)
/usr/local/xenon/usr/lib/libxenon.a(startup_from_xell.o)
                              (_start)
/usr/local/xenon/usr/lib/libxenon.a(console.o)
                              VL.o (console_init)
/usr/local/xenon/usr/lib/libxenon.a(input.o)
                              dashboard.o (get_controller_data)
/usr/local/xenon/usr/lib/libxenon.a(newlib.o)
                              /usr/local/xenon/usr/lib/libxenon.a(console.o) (stdout_hook)
/usr/local/xenon/usr/lib/libxenon.a(xenon_syscalls.o)
                              /usr/local/xenon/usr/lib/libxenon.a(newlib.o) (__syscalls)
/usr/local/xenon/usr/lib/libxenon.a(atomic.o)
                              /usr/local/xenon/usr/lib/libxenon.a(startup_from_xell.o) (atomic_clearset)
/usr/local/xenon/usr/lib/libxenon.a(cache.o)
                              /usr/local/xenon/usr/lib/libxenon.a(console.o) (memdcbst)
/usr/local/xenon/usr/lib/libxenon.a(except.o)
                              (exc_base)
/usr/local/xenon/usr/lib/libxenon.a(c_except.o)
                              /usr/local/xenon/usr/lib/libxenon.a(except.o) (crashdump)
/usr/local/xenon/usr/lib/libxenon.a(vm.o)
                              /usr/local/xenon/usr/lib/libxenon.a(except.o) (vm_segfault_handler)
/usr/local/xenon/usr/lib/libxenon.a(usbctrl.o)
                              /usr/local/xenon/usr/lib/libxenon.a(input.o) (usbctrl_set_rumble)
/usr/local/xenon/usr/lib/libxenon.a(usbd.o)
                              /usr/local/xenon/usr/lib/libxenon.a(usbctrl.o) (usb_open_pipe)
/usr/local/xenon/usr/lib/libxenon.a(usbdevs.o)
                              /usr/local/xenon/usr/lib/libxenon.a(usbd.o) (usb_find_driver)
/usr/local/xenon/usr/lib/libxenon.a(usbhid.o)
                              /usr/local/xenon/usr/lib/libxenon.a(usbdevs.o) (usbhid_driver)
/usr/local/xenon/usr/lib/libxenon.a(usbhub.o)
                              /usr/local/xenon/usr/lib/libxenon.a(usbd.o) (usb_scan)
/usr/local/xenon/usr/lib/libxenon.a(usbmain.o)
                              /usr/local/xenon/usr/lib/libxenon.a(xenon_syscalls.o) (usb_shutdown)
/usr/local/xenon/usr/lib/libxenon.a(tinyehci.o)
                              /usr/local/xenon/usr/lib/libxenon.a(usbmain.o) (USBStorage_Init)
/usr/local/xenon/usr/lib/libxenon.a(xenon_smc.o)
                              /usr/local/xenon/usr/lib/libxenon.a(xenon_syscalls.o) (xenon_smc_send_message)
/usr/local/xenon/usr/lib/libxenon.a(xenon_power.o)
                              /usr/local/xenon/usr/lib/libxenon.a(xenon_syscalls.o) (xenon_is_thread_task_running)
/usr/local/xenon/usr/lib/libxenon.a(xenon_uart.o)
                              /usr/local/xenon/usr/lib/libxenon.a(newlib.o) (putch)
/usr/local/xenon/usr/lib/libxenon.a(xenon_sfcx.o)
                              VL.o (sfcx_init)
/usr/local/xenon/usr/lib/libxenon.a(xenon_config.o)
                              VL.o (xenon_config_init)
/usr/local/xenon/usr/lib/libxenon.a(edram.o)
                              VL.o (edram_init)
/usr/local/xenon/usr/lib/libxenon.a(xe.o)
                              /usr/local/xenon/usr/lib/libxenon.a(edram.o) (Xe_pSyncToDevice)
/usr/local/xenon/usr/lib/libxenon.a(xenos.o)
                              /usr/local/xenon/usr/lib/libxenon.a(edram.o) (xenos_write32)
/usr/local/xenon/usr/lib/libxenon.a(xenos_edid.o)
                              /usr/local/xenon/usr/lib/libxenon.a(xenos.o) (xenos_get_edid)
/usr/local/xenon/usr/lib/libxenon.a(enet.o)
                              /usr/local/xenon/usr/lib/libxenon.a(xenon_syscalls.o) (enet_quiesce)
/usr/local/xenon/usr/lib/libxenon.a(network.o)
                              VL.o (network_init)
/usr/local/xenon/usr/lib/libxenon.a(xb360.o)
                              /usr/local/xenon/usr/lib/libxenon.a(xenon_sfcx.o) (xenon_get_PCIBridgeRevisionID)
/usr/local/xenon/usr/lib/libxenon.a(lib_malloc.o)
                              /usr/local/xenon/usr/lib/libxenon.a(usbctrl.o) (kfree)
/usr/local/xenon/usr/lib/libxenon.a(io.o)
                              /usr/local/xenon/usr/lib/libxenon.a(usbmain.o) (read32)
/usr/local/xenon/usr/lib/libxenon.a(time.o)
                              /usr/local/xenon/usr/lib/libxenon.a(xenon_power.o) (udelay)
/usr/local/xenon/usr/lib/libxenon.a(dummy.o)
                              /usr/local/xenon/usr/lib/libxenon.a(usbdevs.o) (dummy_driver)
/usr/local/xenon/usr/lib/libxenon.a(ohci.o)
                              /usr/local/xenon/usr/lib/libxenon.a(usbmain.o) (ohci_driver)
/usr/local/xenon/usr/lib/libxenon.a(usbdebug.o)
                              /usr/local/xenon/usr/lib/libxenon.a(usbhub.o) (usb_dbg_dumpportstatus)
/usr/local/xenon/usr/lib/libxenon.a(usb_os.o)
                              /usr/local/xenon/usr/lib/libxenon.a(tinyehci.o) (ehci_maligned)
/usr/local/xenon/usr/lib/libxenon.a(xenon_gpio.o)
[...]
Memory Configuration

Name             Origin             Length             Attributes
*default*        0x0000000000000000 0xffffffffffffffff

Linker script and memory map

LOAD /usr/local/xenon/lib/gcc/xenon/4.6.1/../../../../xenon/lib/../lib/crt1.o
LOAD /usr/local/xenon/lib/gcc/xenon/4.6.1/../../../../xenon/lib/../lib/crti.o
LOAD /usr/local/xenon/lib/gcc/xenon/4.6.1/32/crtbegin.o
LOAD dashboard.o
LOAD main.o
LOAD VL.o
LOAD /usr/local/xenon/usr/lib/libxenon.a
LOAD /usr/local/xenon/xenon/lib/32/libm.a
LOAD /usr/local/xenon/lib/gcc/xenon/4.6.1/32/libgcc.a
LOAD /usr/local/xenon/xenon/lib/32/libc.a
LOAD /usr/local/xenon/lib/gcc/xenon/4.6.1/32/libgcc.a
LOAD /usr/local/xenon/lib/gcc/xenon/4.6.1/32/crtend.o
LOAD /usr/local/xenon/lib/gcc/xenon/4.6.1/../../../../xenon/lib/../lib/crtn.o
                0x0000000080000000                . = 0x80000000

.text           0x0000000080000000    0x2cee8
 *(.except*)
 .except        0x0000000080000000     0x1e1c /usr/local/xenon/usr/lib/libxenon.a(except.o)
                0x0000000080000000                secondary_lock
                0x0000000080000000                exc_base
                0x0000000080000004                secondary_alive
 *(.pagetable)
 .pagetable     0x0000000080001e1c       0x40 /usr/local/xenon/usr/lib/libxenon.a(vm.o)
                0x0000000080001e1c                pagetable
                0x0000000080001e5c                pagetable_end = .
 *(.text*)
 .text.call_ctors
                0x0000000080001e5c       0x48 /usr/local/xenon/lib/gcc/xenon/4.6.1/../../../../xenon/lib/../lib/crt1.o
                0x0000000080001e5c                call_ctors
 .text.c_register_frame
                0x0000000080001ea4       0x28 /usr/local/xenon/lib/gcc/xenon/4.6.1/../../../../xenon/lib/../lib/crt1.o
                0x0000000080001ea4                c_register_frame
 .text.__crtmain
                0x0000000080001ecc       0x2c /usr/local/xenon/lib/gcc/xenon/4.6.1/../../../../xenon/lib/../lib/crt1.o
                0x0000000080001ecc                __crtmain
 .text.setupPNG
                0x0000000080001ef8       0xb8 dashboard.o
                0x0000000080001ef8                setupPNG
 .text.displayPNG
                0x0000000080001fb0       0x20 dashboard.o
                0x0000000080001fb0                displayPNG
 .text.dashboard
                0x0000000080001fd0       0x40 dashboard.o
                0x0000000080001fd0                dashboard
 .text.startup.main
                0x0000000080002010       0x38 main.o
                0x0000000080002010                main
 .text.verificationLoader
                0x0000000080002048       0x68 VL.o
                0x0000000080002048                verificationLoader
 .text.__check_argv
                0x00000000800020b0       0x28 /usr/local/xenon/usr/lib/libxenon.a(argv.o)
                0x00000000800020b0                __check_argv
 *fill*         0x00000000800020d8       0x28 00
 .text          0x0000000080002100      0x2f4 /usr/local/xenon/usr/lib/libxenon.a(startup_from_xell.o)
                0x0000000080002100                _start
                0x00000000800022f8                wait
                0x0000000080002380                return_to_xell
 .text.console_pset32
                0x00000000800023f4       0x54 /usr/local/xenon/usr/lib/libxenon.a(console.o)
 .text.console_clrscr
                0x0000000080002448       0x80 /usr/local/xenon/usr/lib/libxenon.a(console.o)
                0x0000000080002448                console_clrscr
 .text.console_newline
                0x00000000800024c8       0xe8 /usr/local/xenon/usr/lib/libxenon.a(console.o)
                0x00000000800024c8                console_newline
 .text.console_putch
                0x00000000800025b0      0x120 /usr/local/xenon/usr/lib/libxenon.a(console.o)
                0x00000000800025b0                console_putch
 .text.console_stdout_hook
                0x00000000800026d0       0x40 /usr/local/xenon/usr/lib/libxenon.a(console.o)
 .text.console_init
                0x0000000080002710      0x13c /usr/local/xenon/usr/lib/libxenon.a(console.o)
                0x0000000080002710                console_init
 .text.console_set_colors
                0x000000008000284c       0x14 /usr/local/xenon/usr/lib/libxenon.a(console.o)
                0x000000008000284c                console_set_colors
 .text.set_controller_data
                0x0000000080002860       0x54 /usr/local/xenon/usr/lib/libxenon.a(input.o)
                0x0000000080002860                set_controller_data
 .text.vfs_console_write
                0x00000000800028b4       0x64 /usr/local/xenon/usr/lib/libxenon.a(newlib.o)
                0x00000000800028b4                vfs_console_write
 .text.__malloc_lock
                0x0000000080002918       0x34 /usr/local/xenon/usr/lib/libxenon.a(newlib.o)
                0x0000000080002918                __malloc_lock
 .text.__malloc_unlock
                0x000000008000294c       0x34 /usr/local/xenon/usr/lib/libxenon.a(newlib.o)
                0x000000008000294c                __malloc_unlock
 .text._exit    0x0000000080002980       0x38 /usr/local/xenon/usr/lib/libxenon.a(newlib.o)
                0x0000000080002980                _exit
 .text.sbrk     0x00000000800029b8       0x50 /usr/local/xenon/usr/lib/libxenon.a(newlib.o)
                0x00000000800029b8                sbrk
 .text.abort    0x0000000080002a08       0x2c /usr/local/xenon/usr/lib/libxenon.a(newlib.o)
                0x0000000080002a08                abort
 .text.isatty   0x0000000080002a34        0x8 /usr/local/xenon/usr/lib/libxenon.a(newlib.o)
                0x0000000080002a34                isatty
 .text.__release_handle
                0x0000000080002a3c       0x4c /usr/local/xenon/usr/lib/libxenon.a(newlib.o)
                0x0000000080002a3c                __release_handle
 .text.__get_handle
                0x0000000080002a88       0x24 /usr/local/xenon/usr/lib/libxenon.a(newlib.o)
                0x0000000080002a88                __get_handle
 .text.read     0x0000000080002aac       0x98 /usr/local/xenon/usr/lib/libxenon.a(newlib.o)
                0x0000000080002aac                read
 .text.write    0x0000000080002b44       0x9c /usr/local/xenon/usr/lib/libxenon.a(newlib.o)
                0x0000000080002b44                write
 .text.fstat    0x0000000080002be0       0x9c /usr/local/xenon/usr/lib/libxenon.a(newlib.o)
                0x0000000080002be0                fstat
 .text.lseek    0x0000000080002c7c       0x98 /usr/local/xenon/usr/lib/libxenon.a(newlib.o)
                0x0000000080002c7c                lseek
 .text.close    0x0000000080002d14       0x80 /usr/local/xenon/usr/lib/libxenon.a(newlib.o)
                0x0000000080002d14                close
 .text.xenon_sbrk
                0x0000000080002d94       0x2c /usr/local/xenon/usr/lib/libxenon.a(xenon_syscalls.o)
 .text.xenon_gettimeofday
                0x0000000080002dc0       0xa4 /usr/local/xenon/usr/lib/libxenon.a(xenon_syscalls.o)
 .text.xenon_malloc_unlock
                0x0000000080002e64       0xac /usr/local/xenon/usr/lib/libxenon.a(xenon_syscalls.o)
 .text.xenon_malloc_lock
                0x0000000080002f10       0x94 /usr/local/xenon/usr/lib/libxenon.a(xenon_syscalls.o)
 .text.shutdown_drivers
                0x0000000080002fa4       0x24 /usr/local/xenon/usr/lib/libxenon.a(xenon_syscalls.o)
                0x0000000080002fa4                shutdown_drivers
 .text.try_return_to_xell
                0x0000000080002fc8       0x50 /usr/local/xenon/usr/lib/libxenon.a(xenon_syscalls.o)
                0x0000000080002fc8                try_return_to_xell
 .text.xenon_exit
                0x0000000080003018      0x154 /usr/local/xenon/usr/lib/libxenon.a(xenon_syscalls.o)
 .text          0x000000008000316c       0x84 /usr/local/xenon/usr/lib/libxenon.a(atomic.o)
                0x000000008000316c                atomic_inc
                0x0000000080003180                atomic_dec
                0x0000000080003194                atomic_clearset
                0x00000000800031ac                lock
                0x00000000800031e0                unlock
 .text          0x00000000800031f0       0xa8 /usr/local/xenon/usr/lib/libxenon.a(cache.o)
                0x00000000800031f0                memdcbt
                0x0000000080003218                memdcbst
                0x0000000080003240                memdcbf
                0x0000000080003268                memicbi
 .text.flush_console
                0x0000000080003298       0x4c /usr/local/xenon/usr/lib/libxenon.a(c_except.o)
 .text.crashdump
                0x00000000800032e4      0x2bc /usr/local/xenon/usr/lib/libxenon.a(c_except.o)
                0x00000000800032e4                crashdump
 .text.usbctrl_queue_intreq
                0x00000000800035a0       0x48 /usr/local/xenon/usr/lib/libxenon.a(usbctrl.o)
 .text.usbctrl_set_led_callback
                0x00000000800035e8       0x3c /usr/local/xenon/usr/lib/libxenon.a(usbctrl.o)
 .text.usbctrl_detach
                0x0000000080003624       0x88 /usr/local/xenon/usr/lib/libxenon.a(usbctrl.o)
 .text.usbctrl_set_leds
                0x00000000800036ac      0x118 /usr/local/xenon/usr/lib/libxenon.a(usbctrl.o)
                0x00000000800036ac                usbctrl_set_leds
 .text.usbctrl_ireq_callback
                0x00000000800037c4      0x25c /usr/local/xenon/usr/lib/libxenon.a(usbctrl.o)
 .text.usbctrl_poll
                0x0000000080003a20       0xb0 /usr/local/xenon/usr/lib/libxenon.a(usbctrl.o)
                0x0000000080003a20                usbctrl_poll
 .text.usbctrl_attach
                0x0000000080003ad0      0x320 /usr/local/xenon/usr/lib/libxenon.a(usbctrl.o)
 .text.usb_create_pipe
                0x0000000080003df0       0xd8 /usr/local/xenon/usr/lib/libxenon.a(usbd.o)
                0x0000000080003df0                usb_create_pipe
 .text.usb_open_pipe
                0x0000000080003ec8       0x84 /usr/local/xenon/usr/lib/libxenon.a(usbd.o)
                0x0000000080003ec8                usb_open_pipe
 .text.usb_destroy_all_pipes
                0x0000000080003f4c       0x74 /usr/local/xenon/usr/lib/libxenon.a(usbd.o)
                0x0000000080003f4c                usb_destroy_all_pipes
 .text.usb_destroy_device
                0x0000000080003fc0       0x4c /usr/local/xenon/usr/lib/libxenon.a(usbd.o)
                0x0000000080003fc0                usb_destroy_device
 .text.usb_create_device
                0x000000008000400c       0x78 /usr/local/xenon/usr/lib/libxenon.a(usbd.o)
                0x000000008000400c                usb_create_device
 .text.usb_make_request
                0x0000000080004084       0x8c /usr/local/xenon/usr/lib/libxenon.a(usbd.o)
                0x0000000080004084                usb_make_request
 .text.usb_poll
                0x0000000080004110       0x2c /usr/local/xenon/usr/lib/libxenon.a(usbd.o)
                0x0000000080004110                usb_poll
 .text.usb_daemon
                0x000000008000413c       0x38 /usr/local/xenon/usr/lib/libxenon.a(usbd.o)
                0x000000008000413c                usb_daemon
 .text.usb_free_request
                0x0000000080004174       0x48 /usr/local/xenon/usr/lib/libxenon.a(usbd.o)
                0x0000000080004174                usb_free_request
 .text.usb_delay_ms
                0x00000000800041bc       0x24 /usr/local/xenon/usr/lib/libxenon.a(usbd.o)
                0x00000000800041bc                usb_delay_ms
 .text.usb_queue_request
                0x00000000800041e0       0x50 /usr/local/xenon/usr/lib/libxenon.a(usbd.o)
                0x00000000800041e0                usb_queue_request
 .text.usb_wait_request
                0x0000000080004230       0x40 /usr/local/xenon/usr/lib/libxenon.a(usbd.o)
                0x0000000080004230                usb_wait_request
 .text.usb_sync_request
                0x0000000080004270       0x34 /usr/local/xenon/usr/lib/libxenon.a(usbd.o)
                0x0000000080004270                usb_sync_request
 .text.usb_new_address
                0x00000000800042a4       0x30 /usr/local/xenon/usr/lib/libxenon.a(usbd.o)
                0x00000000800042a4                usb_new_address
 .text.usb_set_ep0mps
                0x00000000800042d4       0x60 /usr/local/xenon/usr/lib/libxenon.a(usbd.o)
                0x00000000800042d4                usb_set_ep0mps
 .text.usb_clear_stall
                0x0000000080004334      0x100 /usr/local/xenon/usr/lib/libxenon.a(usbd.o)
                0x0000000080004334                usb_clear_stall
 .text.usb_std_request
                0x0000000080004434      0x234 /usr/local/xenon/usr/lib/libxenon.a(usbd.o)
                0x0000000080004434                usb_std_request
 .text.usb_simple_request
                0x0000000080004668       0x18 /usr/local/xenon/usr/lib/libxenon.a(usbd.o)
                0x0000000080004668                usb_simple_request
 .text.usb_set_address
                0x0000000080004680       0x9c /usr/local/xenon/usr/lib/libxenon.a(usbd.o)
                0x0000000080004680                usb_set_address
 .text.usb_set_configuration
                0x000000008000471c       0x14 /usr/local/xenon/usr/lib/libxenon.a(usbd.o)
                0x000000008000471c                usb_set_configuration
 .text.usb_get_descriptor
                0x0000000080004730       0x24 /usr/local/xenon/usr/lib/libxenon.a(usbd.o)
                0x0000000080004730                usb_get_descriptor
 .text.usb_get_string
                0x0000000080004754      0x104 /usr/local/xenon/usr/lib/libxenon.a(usbd.o)
                0x0000000080004754                usb_get_string
 .text.usb_get_device_descriptor
                0x0000000080004858       0x90 /usr/local/xenon/usr/lib/libxenon.a(usbd.o)
                0x0000000080004858                usb_get_device_descriptor
 .text.usb_get_config_descriptor
                0x00000000800048e8       0x8c /usr/local/xenon/usr/lib/libxenon.a(usbd.o)
                0x00000000800048e8                usb_get_config_descriptor
 .text.usb_get_device_status
                0x0000000080004974       0x1c /usr/local/xenon/usr/lib/libxenon.a(usbd.o)
                0x0000000080004974                usb_get_device_status
 .text.usb_complete_request
                0x0000000080004990       0x3c /usr/local/xenon/usr/lib/libxenon.a(usbd.o)
                0x0000000080004990                usb_complete_request
 .text.usb_initroot
                0x00000000800049cc      0x150 /usr/local/xenon/usr/lib/libxenon.a(usbd.o)
                0x00000000800049cc                usb_initroot
 .text.usb_find_cfg_descr
                0x0000000080004b1c       0x54 /usr/local/xenon/usr/lib/libxenon.a(usbd.o)
                0x0000000080004b1c                usb_find_cfg_descr
 .text.usb_find_driver
                0x0000000080004b70      0x158 /usr/local/xenon/usr/lib/libxenon.a(usbdevs.o)
                0x0000000080004b70                usb_find_driver
 .text.usbhid_detach
                0x0000000080004cc8        0x8 /usr/local/xenon/usr/lib/libxenon.a(usbhid.o)
 .text.usbhid_attach
                0x0000000080004cd0      0x164 /usr/local/xenon/usr/lib/libxenon.a(usbhid.o)
 .text.usbhid_kbd_scan1.isra.0.part.1
                0x0000000080004e34       0x94 /usr/local/xenon/usr/lib/libxenon.a(usbhid.o)
 .text.usbhid_ireq_callback
                0x0000000080004ec8      0x18c /usr/local/xenon/usr/lib/libxenon.a(usbhid.o)
 .text.usbhub_markdetached1
                0x0000000080005054       0x14 /usr/local/xenon/usr/lib/libxenon.a(usbhub.o)
 .text.usbhub_get_port_status
                0x0000000080005068       0x38 /usr/local/xenon/usr/lib/libxenon.a(usbhub.o)
 .text.usbhub_ireq_callback
                0x00000000800050a0       0x8c /usr/local/xenon/usr/lib/libxenon.a(usbhub.o)
 .text.usbhub_map_tree1
                0x000000008000512c       0x7c /usr/local/xenon/usr/lib/libxenon.a(usbhub.o)
 .text.usbhub_detach
                0x00000000800051a8      0x13c /usr/local/xenon/usr/lib/libxenon.a(usbhub.o)
 .text.usbhub_attach
                0x00000000800052e4      0x1a4 /usr/local/xenon/usr/lib/libxenon.a(usbhub.o)
 .text.usbhub_map_tree
                0x0000000080005488       0x18 /usr/local/xenon/usr/lib/libxenon.a(usbhub.o)
                0x0000000080005488                usbhub_map_tree
 .text.usbhub_map_from_device
                0x00000000800054a0       0x14 /usr/local/xenon/usr/lib/libxenon.a(usbhub.o)
                0x00000000800054a0                usbhub_map_from_device
 .text.usbhub_scan1
                0x00000000800054b4      0x558 /usr/local/xenon/usr/lib/libxenon.a(usbhub.o)
 .text.usb_scan
                0x0000000080005a0c       0x10 /usr/local/xenon/usr/lib/libxenon.a(usbhub.o)
                0x0000000080005a0c                usb_scan
 .text.usb_init_one_ohci
                0x0000000080005a1c       0xcc /usr/local/xenon/usr/lib/libxenon.a(usbmain.o)
 .text.usb_shutdown
                0x0000000080005ae8       0xb4 /usr/local/xenon/usr/lib/libxenon.a(usbmain.o)
                0x0000000080005ae8                usb_shutdown
 .text.usb_init
                0x0000000080005b9c      0x108 /usr/local/xenon/usr/lib/libxenon.a(usbmain.o)
                0x0000000080005b9c                usb_init
 .text.usb_do_poll
                0x0000000080005ca4       0x90 /usr/local/xenon/usr/lib/libxenon.a(usbmain.o)
                0x0000000080005ca4                usb_do_poll
 .text.qtd_fill
                0x0000000080005d34       0xa4 /usr/local/xenon/usr/lib/libxenon.a(tinyehci.o)
 .text.ehci_qtd_alloc
                0x0000000080005dd8       0x78 /usr/local/xenon/usr/lib/libxenon.a(tinyehci.o)
 .text.handshake.isra.5
                0x0000000080005e50      0x178 /usr/local/xenon/usr/lib/libxenon.a(tinyehci.o)
 .text.ehci_mem_init
                0x0000000080005fc8       0xf8 /usr/local/xenon/usr/lib/libxenon.a(tinyehci.o)
                0x0000000080005fc8                ehci_mem_init
 .text.qh_urb_transaction
                0x00000000800060c0      0x1c0 /usr/local/xenon/usr/lib/libxenon.a(tinyehci.o)
                0x00000000800060c0                qh_urb_transaction
 .text.ehci_do_urb
                0x0000000080006280      0x3c8 /usr/local/xenon/usr/lib/libxenon.a(tinyehci.o)
                0x0000000080006280                ehci_do_urb
 .text.ehci_control_message
                0x0000000080006648       0x84 /usr/local/xenon/usr/lib/libxenon.a(tinyehci.o)
                0x0000000080006648                ehci_control_message
 .text.ehci_bulk_message
                0x00000000800066cc       0x48 /usr/local/xenon/usr/lib/libxenon.a(tinyehci.o)
                0x00000000800066cc                ehci_bulk_message
 .text.__send_cbw
                0x0000000080006714      0x118 /usr/local/xenon/usr/lib/libxenon.a(tinyehci.o)
 .text.ehci_reset_port_old
                0x000000008000682c      0x1a4 /usr/local/xenon/usr/lib/libxenon.a(tinyehci.o)
                0x000000008000682c                ehci_reset_port_old
 .text.ehci_adquire_port
                0x00000000800069d0       0x88 /usr/local/xenon/usr/lib/libxenon.a(tinyehci.o)
                0x00000000800069d0                ehci_adquire_port
 .text.ehci_reset_usb_port
                0x0000000080006a58      0x174 /usr/local/xenon/usr/lib/libxenon.a(tinyehci.o)
                0x0000000080006a58                ehci_reset_usb_port
 .text.ehci_reset_port2
                0x0000000080006bcc       0x6c /usr/local/xenon/usr/lib/libxenon.a(tinyehci.o)
                0x0000000080006bcc                ehci_reset_port2
 .text.USB_FreeDescriptors
                0x0000000080006c38       0xa8 /usr/local/xenon/usr/lib/libxenon.a(tinyehci.o)
                0x0000000080006c38                USB_FreeDescriptors
 .text.USB_GetDescriptors
                0x0000000080006ce0      0x340 /usr/local/xenon/usr/lib/libxenon.a(tinyehci.o)
                0x0000000080006ce0                USB_GetDescriptors
 .text.USB_GetConfiguration
                0x0000000080007020       0x7c /usr/local/xenon/usr/lib/libxenon.a(tinyehci.o)
                0x0000000080007020                USB_GetConfiguration
 .text.USB_SetConfiguration
                0x000000008000709c       0x1c /usr/local/xenon/usr/lib/libxenon.a(tinyehci.o)
                0x000000008000709c                USB_SetConfiguration
 .text.USB_SetAlternativeInterface
                0x00000000800070b8       0x28 /usr/local/xenon/usr/lib/libxenon.a(tinyehci.o)
                0x00000000800070b8                USB_SetAlternativeInterface
 .text.USB_ClearHalt
                0x00000000800070e0       0x1c /usr/local/xenon/usr/lib/libxenon.a(tinyehci.o)
                0x00000000800070e0                USB_ClearHalt
 .text.ehci_init_port
                0x00000000800070fc      0x14c /usr/local/xenon/usr/lib/libxenon.a(tinyehci.o)
                0x00000000800070fc                ehci_init_port
 .text.ehci_reset_port
                0x0000000080007248       0x50 /usr/local/xenon/usr/lib/libxenon.a(tinyehci.o)
                0x0000000080007248                ehci_reset_port
 .text.ehci_discover
                0x0000000080007298       0x54 /usr/local/xenon/usr/lib/libxenon.a(tinyehci.o)
                0x0000000080007298                ehci_discover
 .text.EHCI_do_one
                0x00000000800072ec      0x144 /usr/local/xenon/usr/lib/libxenon.a(tinyehci.o)
 .text.my_memcmp
                0x0000000080007430       0x44 /usr/local/xenon/usr/lib/libxenon.a(tinyehci.o)
                0x0000000080007430                my_memcmp
 .text.USBStorage_Close
                0x0000000080007474       0x44 /usr/local/xenon/usr/lib/libxenon.a(tinyehci.o)
                0x0000000080007474                USBStorage_Close
 .text.USBStorage_ReadCapacity
                0x00000000800074b8       0xb8 /usr/local/xenon/usr/lib/libxenon.a(tinyehci.o)
                0x00000000800074b8                USBStorage_ReadCapacity
 .text.USBStorage_MountLUN
                0x0000000080007570      0x1f4 /usr/local/xenon/usr/lib/libxenon.a(tinyehci.o)
                0x0000000080007570                USBStorage_MountLUN
 .text.__usbstorage_reset.isra.9
                0x0000000080007764      0x1a8 /usr/local/xenon/usr/lib/libxenon.a(tinyehci.o)
 .text.USBStorage_Open
                0x000000008000790c      0x3b8 /usr/local/xenon/usr/lib/libxenon.a(tinyehci.o)
                0x000000008000790c                USBStorage_Open
 .text.__cycle.constprop.13
                0x0000000080007cc4      0x268 /usr/local/xenon/usr/lib/libxenon.a(tinyehci.o)
 .text.USBStorage_Inquiry
                0x0000000080007f2c       0xa0 /usr/local/xenon/usr/lib/libxenon.a(tinyehci.o)
                0x0000000080007f2c                USBStorage_Inquiry
 .text.USBStorage_Try_Device
                0x0000000080007fcc      0x19c /usr/local/xenon/usr/lib/libxenon.a(tinyehci.o)
                0x0000000080007fcc                USBStorage_Try_Device
 .text.USBStorage_Init
                0x0000000080008168      0x18c /usr/local/xenon/usr/lib/libxenon.a(tinyehci.o)
                0x0000000080008168                USBStorage_Init
 .text.EHCI_Init
                0x00000000800082f4       0x50 /usr/local/xenon/usr/lib/libxenon.a(tinyehci.o)
                0x00000000800082f4                EHCI_Init
 .text.xenon_smc_send_message
                0x0000000080008344       0x98 /usr/local/xenon/usr/lib/libxenon.a(xenon_smc.o)
                0x0000000080008344                xenon_smc_send_message
 .text.xenon_smc_receive_message
                0x00000000800083dc       0x80 /usr/local/xenon/usr/lib/libxenon.a(xenon_smc.o)
                0x00000000800083dc                xenon_smc_receive_message
 .text.xenon_smc_handle_bulk
                0x000000008000845c       0x90 /usr/local/xenon/usr/lib/libxenon.a(xenon_smc.o)
                0x000000008000845c                xenon_smc_handle_bulk
 .text.xenon_smc_receive_response
                0x00000000800084ec       0x48 /usr/local/xenon/usr/lib/libxenon.a(xenon_smc.o)
                0x00000000800084ec                xenon_smc_receive_response
 .text.xenon_smc_ana_write
                0x0000000080008534       0x9c /usr/local/xenon/usr/lib/libxenon.a(xenon_smc.o)
                0x0000000080008534                xenon_smc_ana_write
 .text.xenon_smc_ana_read
                0x00000000800085d0       0xc0 /usr/local/xenon/usr/lib/libxenon.a(xenon_smc.o)
                0x00000000800085d0                xenon_smc_ana_read
 .text.xenon_smc_i2c_ddc_lock
                0x0000000080008690       0x78 /usr/local/xenon/usr/lib/libxenon.a(xenon_smc.o)
                0x0000000080008690                xenon_smc_i2c_ddc_lock
 .text.xenon_smc_i2c_write
                0x0000000080008708       0xb0 /usr/local/xenon/usr/lib/libxenon.a(xenon_smc.o)
                0x0000000080008708                xenon_smc_i2c_write
 .text.xenon_smc_i2c_read
                0x00000000800087b8       0xc8 /usr/local/xenon/usr/lib/libxenon.a(xenon_smc.o)
                0x00000000800087b8                xenon_smc_i2c_read
 .text.xenon_smc_power_shutdown
                0x0000000080008880       0x40 /usr/local/xenon/usr/lib/libxenon.a(xenon_smc.o)
                0x0000000080008880                xenon_smc_power_shutdown
 .text.xenon_smc_power_reboot
                0x00000000800088c0       0x48 /usr/local/xenon/usr/lib/libxenon.a(xenon_smc.o)
                0x00000000800088c0                xenon_smc_power_reboot
 .text.xenon_smc_read_avpack
                0x0000000080008908       0x48 /usr/local/xenon/usr/lib/libxenon.a(xenon_smc.o)
                0x0000000080008908                xenon_smc_read_avpack
 .text.xenon_smc_set_fan_algorithm
                0x0000000080008950       0x3c /usr/local/xenon/usr/lib/libxenon.a(xenon_smc.o)
                0x0000000080008950                xenon_smc_set_fan_algorithm
 .text.wakeup_cpus
                0x000000008000898c       0xb8 /usr/local/xenon/usr/lib/libxenon.a(xenon_power.o)
                0x000000008000898c                wakeup_cpus
 .text.prepare_sleep
                0x0000000080008a44       0x70 /usr/local/xenon/usr/lib/libxenon.a(xenon_power.o)
                0x0000000080008a44                prepare_sleep
 .text.xenon_thread_sleep
                0x0000000080008ab4       0x5c /usr/local/xenon/usr/lib/libxenon.a(xenon_power.o)
                0x0000000080008ab4                xenon_thread_sleep
 .text.xenon_set_speed
                0x0000000080008b10      0x348 /usr/local/xenon/usr/lib/libxenon.a(xenon_power.o)
                0x0000000080008b10                xenon_set_speed
 .text.xenon_run_thread_task
                0x0000000080008e58       0x38 /usr/local/xenon/usr/lib/libxenon.a(xenon_power.o)
                0x0000000080008e58                xenon_run_thread_task
 .text.xenon_is_thread_task_running
                0x0000000080008e90       0x20 /usr/local/xenon/usr/lib/libxenon.a(xenon_power.o)
                0x0000000080008e90                xenon_is_thread_task_running
 .text.xenon_thread_startup
                0x0000000080008eb0       0x4c /usr/local/xenon/usr/lib/libxenon.a(xenon_power.o)
                0x0000000080008eb0                xenon_thread_startup
 .text.xenon_set_single_thread_mode
                0x0000000080008efc       0x94 /usr/local/xenon/usr/lib/libxenon.a(xenon_power.o)
                0x0000000080008efc                xenon_set_single_thread_mode
 .text.xenon_make_it_faster
                0x0000000080008f90       0xec /usr/local/xenon/usr/lib/libxenon.a(xenon_power.o)
                0x0000000080008f90                xenon_make_it_faster
 .text.putch    0x000000008000907c       0x58 /usr/local/xenon/usr/lib/libxenon.a(xenon_uart.o)
                0x000000008000907c                putch
 .text.kbhit    0x00000000800090d4       0x24 /usr/local/xenon/usr/lib/libxenon.a(xenon_uart.o)
                0x00000000800090d4                kbhit
 .text.getch    0x00000000800090f8       0x38 /usr/local/xenon/usr/lib/libxenon.a(xenon_uart.o)
                0x00000000800090f8                getch
 .text.sfcx_read_page
                0x0000000080009130      0x148 /usr/local/xenon/usr/lib/libxenon.a(xenon_sfcx.o)
                0x0000000080009130                sfcx_read_page
 .text.sfcx_init
                0x0000000080009278      0x2d4 /usr/local/xenon/usr/lib/libxenon.a(xenon_sfcx.o)
                0x0000000080009278                sfcx_init
 .text.xenon_config_init
                0x000000008000954c       0xa0 /usr/local/xenon/usr/lib/libxenon.a(xenon_config.o)
                0x000000008000954c                xenon_config_init
 .text.xenon_config_get_avregion
                0x00000000800095ec       0x94 /usr/local/xenon/usr/lib/libxenon.a(xenon_config.o)
                0x00000000800095ec                xenon_config_get_avregion
 .text.xenon_config_get_mac_addr
                0x0000000080009680       0x9c /usr/local/xenon/usr/lib/libxenon.a(xenon_config.o)
                0x0000000080009680                xenon_config_get_mac_addr
 .text.xenon_config_get_vid_delta
                0x000000008000971c       0x24 /usr/local/xenon/usr/lib/libxenon.a(xenon_config.o)
                0x000000008000971c                xenon_config_get_vid_delta
 .text.determine_broken
                0x0000000080009740       0x80 /usr/local/xenon/usr/lib/libxenon.a(edram.o)
 .text.edram_write
                0x00000000800097c0       0xa4 /usr/local/xenon/usr/lib/libxenon.a(edram.o)
 .text.edram_read
                0x0000000080009864       0x90 /usr/local/xenon/usr/lib/libxenon.a(edram.o)
 .text.edram_rmw
                0x00000000800098f4       0x5c /usr/local/xenon/usr/lib/libxenon.a(edram.o)
 .text.edram_p3
                0x0000000080009950       0xa8 /usr/local/xenon/usr/lib/libxenon.a(edram.o)
                0x0000000080009950                edram_p3
 .text.edram_p4
                0x00000000800099f8       0x94 /usr/local/xenon/usr/lib/libxenon.a(edram.o)
                0x00000000800099f8                edram_p4
 .text.edram_p2
                0x0000000080009a8c      0xc54 /usr/local/xenon/usr/lib/libxenon.a(edram.o)
                0x0000000080009a8c                edram_p2
 .text.edram_pc
                0x000000008000a6e0       0xc4 /usr/local/xenon/usr/lib/libxenon.a(edram.o)
                0x000000008000a6e0                edram_pc
 .text.edram_compare_crc
                0x000000008000a7a4      0x124 /usr/local/xenon/usr/lib/libxenon.a(edram.o)
                0x000000008000a7a4                edram_compare_crc
 .text.edram_init_state1
                0x000000008000a8c8      0x1b0 /usr/local/xenon/usr/lib/libxenon.a(edram.o)
                0x000000008000a8c8                edram_init_state1
 .text.edram_72c
                0x000000008000aa78      0x920 /usr/local/xenon/usr/lib/libxenon.a(edram.o)
                0x000000008000aa78                edram_72c
 .text.edram_974
                0x000000008000b398      0x1cc /usr/local/xenon/usr/lib/libxenon.a(edram.o)
                0x000000008000b398                edram_974
 .text.edram_9e4
                0x000000008000b564      0x81c /usr/local/xenon/usr/lib/libxenon.a(edram.o)
                0x000000008000b564                edram_9e4
 .text.edram_4c
                0x000000008000bd80     0x16b8 /usr/local/xenon/usr/lib/libxenon.a(edram.o)
                0x000000008000bd80                edram_4c
 .text.edram_init
                0x000000008000d438      0x5d0 /usr/local/xenon/usr/lib/libxenon.a(edram.o)
                0x000000008000d438                edram_init
 .text.Xe_pWriteReg
                0x000000008000da08       0x2c /usr/local/xenon/usr/lib/libxenon.a(xe.o)
 .text.Xe_pSyncToDevice
                0x000000008000da34       0x28 /usr/local/xenon/usr/lib/libxenon.a(xe.o)
                0x000000008000da34                Xe_pSyncToDevice
 .text.Xe_pSyncFromDevice
                0x000000008000da5c       0x28 /usr/local/xenon/usr/lib/libxenon.a(xe.o)
                0x000000008000da5c                Xe_pSyncFromDevice
 .text.Xe_pInvalidateGpuCache_Primary
                0x000000008000da84      0x1c4 /usr/local/xenon/usr/lib/libxenon.a(xe.o)
                0x000000008000da84                Xe_pInvalidateGpuCache_Primary
 .text.Xe_pRBCommitPrimary
                0x000000008000dc48       0x70 /usr/local/xenon/usr/lib/libxenon.a(xe.o)
                0x000000008000dc48                Xe_pRBCommitPrimary
 .text.Xe_pRBKickSegment
                0x000000008000dcb8       0xd0 /usr/local/xenon/usr/lib/libxenon.a(xe.o)
                0x000000008000dcb8                Xe_pRBKickSegment
 .text.Xe_pSetSurfaceClip
                0x000000008000dd88       0x60 /usr/local/xenon/usr/lib/libxenon.a(xe.o)
                0x000000008000dd88                Xe_pSetSurfaceClip
 .text.Xe_pResetRingbuffer
                0x000000008000dde8       0x2c /usr/local/xenon/usr/lib/libxenon.a(xe.o)
                0x000000008000dde8                Xe_pResetRingbuffer
 .text.Xe_pSetupRingbuffer
                0x000000008000de14       0x44 /usr/local/xenon/usr/lib/libxenon.a(xe.o)
                0x000000008000de14                Xe_pSetupRingbuffer
 .text.Xe_pEnableWriteback
                0x000000008000de58       0x30 /usr/local/xenon/usr/lib/libxenon.a(xe.o)
                0x000000008000de58                Xe_pEnableWriteback
 .text.Xe_pGInit0
                0x000000008000de88      0x454 /usr/local/xenon/usr/lib/libxenon.a(xe.o)
                0x000000008000de88                Xe_pGInit0
 .text.Xe_pGInit1
                0x000000008000e2dc       0xc4 /usr/local/xenon/usr/lib/libxenon.a(xe.o)
                0x000000008000e2dc                Xe_pGInit1
 .text.Xe_pGInit2
                0x000000008000e3a0       0x50 /usr/local/xenon/usr/lib/libxenon.a(xe.o)
                0x000000008000e3a0                Xe_pGInit2
 .text.Xe_pGInit3
                0x000000008000e3f0       0x50 /usr/local/xenon/usr/lib/libxenon.a(xe.o)
                0x000000008000e3f0                Xe_pGInit3
 .text.Xe_pGInit4
                0x000000008000e440       0x88 /usr/local/xenon/usr/lib/libxenon.a(xe.o)
                0x000000008000e440                Xe_pGInit4
 .text.Xe_pGInit5
                0x000000008000e4c8      0x12c /usr/local/xenon/usr/lib/libxenon.a(xe.o)
                0x000000008000e4c8                Xe_pGInit5
 .text.Xe_pGInit6
                0x000000008000e5f4       0xc8 /usr/local/xenon/usr/lib/libxenon.a(xe.o)
                0x000000008000e5f4                Xe_pGInit6
 .text.Xe_pGInit7
                0x000000008000e6bc       0x50 /usr/local/xenon/usr/lib/libxenon.a(xe.o)
                0x000000008000e6bc                Xe_pGInit7
 .text.Xe_pGInit8
                0x000000008000e70c       0x1c /usr/local/xenon/usr/lib/libxenon.a(xe.o)
                0x000000008000e70c                Xe_pGInit8
 .text.Xe_pGInit9
                0x000000008000e728       0xc8 /usr/local/xenon/usr/lib/libxenon.a(xe.o)
                0x000000008000e728                Xe_pGInit9
 .text.Xe_pGInit10
                0x000000008000e7f0       0xa8 /usr/local/xenon/usr/lib/libxenon.a(xe.o)
                0x000000008000e7f0                Xe_pGInit10
 .text.Xe_pGInit
                0x000000008000e898      0x16c /usr/local/xenon/usr/lib/libxenon.a(xe.o)
                0x000000008000e898                Xe_pGInit
 .text.Xe_pInvalidateGpuCache
                0x000000008000ea04       0xbc /usr/local/xenon/usr/lib/libxenon.a(xe.o)
                0x000000008000ea04                Xe_pInvalidateGpuCache
 .text.Xe_pBlockUntilIdle
                0x000000008000eac0        0xc /usr/local/xenon/usr/lib/libxenon.a(xe.o)
                0x000000008000eac0                Xe_pBlockUntilIdle
 .text.Xe_Fatal
                0x000000008000eacc       0x9c /usr/local/xenon/usr/lib/libxenon.a(xe.o)
                0x000000008000eacc                Xe_Fatal
 .text.Xe_pWaitReady
                0x000000008000eb68       0x50 /usr/local/xenon/usr/lib/libxenon.a(xe.o)
                0x000000008000eb68                Xe_pWaitReady
 .text.Xe_pResetCP
                0x000000008000ebb8      0x124 /usr/local/xenon/usr/lib/libxenon.a(xe.o)
                0x000000008000ebb8                Xe_pResetCP
 .text.Xe_pLoadUcodes
                0x000000008000ecdc       0xfc /usr/local/xenon/usr/lib/libxenon.a(xe.o)
                0x000000008000ecdc                Xe_pLoadUcodes
 .text.Xe_pSetup
                0x000000008000edd8       0xd8 /usr/local/xenon/usr/lib/libxenon.a(xe.o)
                0x000000008000edd8                Xe_pSetup
 .text.Xe_pMasterInit
                0x000000008000eeb0       0xcc /usr/local/xenon/usr/lib/libxenon.a(xe.o)
                0x000000008000eeb0                Xe_pMasterInit
 .text.Xe_pRBKick
                0x000000008000ef7c       0x94 /usr/local/xenon/usr/lib/libxenon.a(xe.o)
                0x000000008000ef7c                Xe_pRBKick
 .text.Xe_pAlloc
                0x000000008000f010       0x64 /usr/local/xenon/usr/lib/libxenon.a(xe.o)
                0x000000008000f010                Xe_pAlloc
 .text.Xe_pRBAlloc
                0x000000008000f074       0x54 /usr/local/xenon/usr/lib/libxenon.a(xe.o)
                0x000000008000f074                Xe_pRBAlloc
 .text.Xe_Init  0x000000008000f0c8      0x134 /usr/local/xenon/usr/lib/libxenon.a(xe.o)
                0x000000008000f0c8                Xe_Init
 .text.Xe_Execute
                0x000000008000f1fc       0x34 /usr/local/xenon/usr/lib/libxenon.a(xe.o)
                0x000000008000f1fc                Xe_Execute
 .text.Xe_pDebugSync
                0x000000008000f230       0x98 /usr/local/xenon/usr/lib/libxenon.a(xe.o)
                0x000000008000f230                Xe_pDebugSync
 .text.xenos_write32
                0x000000008000f2c8       0x24 /usr/local/xenon/usr/lib/libxenon.a(xenos.o)
                0x000000008000f2c8                xenos_write32
 .text.xenos_read32
                0x000000008000f2ec       0x24 /usr/local/xenon/usr/lib/libxenon.a(xenos.o)
                0x000000008000f2ec                xenos_read32
 .text.xenos_ana_write
                0x000000008000f310       0x60 /usr/local/xenon/usr/lib/libxenon.a(xenos.o)
 .text.xenos_init_ana_new
                0x000000008000f370      0x334 /usr/local/xenon/usr/lib/libxenon.a(xenos.o)
                0x000000008000f370                xenos_init_ana_new
 .text.xenos_init_phase0
                0x000000008000f6a4       0x98 /usr/local/xenon/usr/lib/libxenon.a(xenos.o)
                0x000000008000f6a4                xenos_init_phase0
 .text.xenos_init_phase1
                0x000000008000f73c      0x3b0 /usr/local/xenon/usr/lib/libxenon.a(xenos.o)
                0x000000008000f73c                xenos_init_phase1
 .text.xenos_ana_preinit
                0x000000008000faec       0xd0 /usr/local/xenon/usr/lib/libxenon.a(xenos.o)
                0x000000008000faec                xenos_ana_preinit
 .text.xenos_set_mode_f1
                0x000000008000fbbc      0x148 /usr/local/xenon/usr/lib/libxenon.a(xenos.o)
                0x000000008000fbbc                xenos_set_mode_f1
 .text.xenos_set_mode_f2
                0x000000008000fd04      0x304 /usr/local/xenon/usr/lib/libxenon.a(xenos.o)
                0x000000008000fd04                xenos_set_mode_f2
 .text.xenos_set_mode
                0x0000000080010008      0x348 /usr/local/xenon/usr/lib/libxenon.a(xenos.o)
                0x0000000080010008                xenos_set_mode
 .text.xenos_autoset_mode
                0x0000000080010350      0x124 /usr/local/xenon/usr/lib/libxenon.a(xenos.o)
                0x0000000080010350                xenos_autoset_mode
 .text.xenos_init
                0x0000000080010474       0xe0 /usr/local/xenon/usr/lib/libxenon.a(xenos.o)
                0x0000000080010474                xenos_init
 .text.xenos_is_overscan
                0x0000000080010554       0x44 /usr/local/xenon/usr/lib/libxenon.a(xenos.o)
                0x0000000080010554                xenos_is_overscan
 .text.xenos_do_probe_ddc_edid
                0x0000000080010598      0x1a0 /usr/local/xenon/usr/lib/libxenon.a(xenos_edid.o)
                0x0000000080010598                xenos_do_probe_ddc_edid
 .text.xenos_ddc_read_edid
                0x0000000080010738      0x178 /usr/local/xenon/usr/lib/libxenon.a(xenos_edid.o)
 .text.xenos_get_edid
                0x00000000800108b0       0xa4 /usr/local/xenon/usr/lib/libxenon.a(xenos_edid.o)
                0x00000000800108b0                xenos_get_edid
 .text.xenos_detect_hdmi_monitor
                0x0000000080010954       0xe4 /usr/local/xenon/usr/lib/libxenon.a(xenos_edid.o)
                0x0000000080010954                xenos_detect_hdmi_monitor
 .text.phy_read
                0x0000000080010a38       0x88 /usr/local/xenon/usr/lib/libxenon.a(enet.o)
 .text.enet_linkoutput
                0x0000000080010ac0      0x124 /usr/local/xenon/usr/lib/libxenon.a(enet.o)
 .text.enet_init
                0x0000000080010be4      0x570 /usr/local/xenon/usr/lib/libxenon.a(enet.o)
                0x0000000080010be4                enet_init
 .text.enet_poll
                0x0000000080011154      0x1e4 /usr/local/xenon/usr/lib/libxenon.a(enet.o)
                0x0000000080011154                enet_poll
 .text.enet_quiesce
                0x0000000080011338       0x3c /usr/local/xenon/usr/lib/libxenon.a(enet.o)
                0x0000000080011338                enet_quiesce
 .text.mftb     0x0000000080011374       0x1c /usr/local/xenon/usr/lib/libxenon.a(network.o)
 .text.network_poll
                0x0000000080011390       0xdc /usr/local/xenon/usr/lib/libxenon.a(network.o)
                0x0000000080011390                network_poll
 .text.network_init
                0x000000008001146c      0x1e8 /usr/local/xenon/usr/lib/libxenon.a(network.o)
                0x000000008001146c                network_init
 .text.network_print_config
                0x0000000080011654       0x88 /usr/local/xenon/usr/lib/libxenon.a(network.o)
                0x0000000080011654                network_print_config
 .text.xenon_get_PCIBridgeRevisionID
                0x00000000800116dc       0x2c /usr/local/xenon/usr/lib/libxenon.a(xb360.o)
                0x00000000800116dc                xenon_get_PCIBridgeRevisionID
 .text.xenon_get_XenosID
                0x0000000080011708       0x28 /usr/local/xenon/usr/lib/libxenon.a(xb360.o)
                0x0000000080011708                xenon_get_XenosID
 .text.kmeminit
                0x0000000080011730       0x38 /usr/local/xenon/usr/lib/libxenon.a(lib_malloc.o)
                0x0000000080011730                kmeminit
 .text.kfree    0x0000000080011768       0xb8 /usr/local/xenon/usr/lib/libxenon.a(lib_malloc.o)
                0x0000000080011768                kfree
 .text.lib_outofmemory
                0x0000000080011820       0x28 /usr/local/xenon/usr/lib/libxenon.a(lib_malloc.o)
                0x0000000080011820                lib_outofmemory
 .text.kmalloc  0x0000000080011848      0x138 /usr/local/xenon/usr/lib/libxenon.a(lib_malloc.o)
                0x0000000080011848                kmalloc
 .text.kmem_init
                0x0000000080011980       0x64 /usr/local/xenon/usr/lib/libxenon.a(lib_malloc.o)
                0x0000000080011980                kmem_init
 .text.read32   0x00000000800119e4        0x8 /usr/local/xenon/usr/lib/libxenon.a(io.o)
                0x00000000800119e4                read32
 .text.read32n  0x00000000800119ec        0x8 /usr/local/xenon/usr/lib/libxenon.a(io.o)
                0x00000000800119ec                read32n
 .text.write32  0x00000000800119f4        0x8 /usr/local/xenon/usr/lib/libxenon.a(io.o)
                0x00000000800119f4                write32
 .text.write32n
                0x00000000800119fc        0x8 /usr/local/xenon/usr/lib/libxenon.a(io.o)
                0x00000000800119fc                write32n
 .text.tdelay   0x0000000080011a04       0x48 /usr/local/xenon/usr/lib/libxenon.a(time.o)
 .text.udelay   0x0000000080011a4c       0x24 /usr/local/xenon/usr/lib/libxenon.a(time.o)
                0x0000000080011a4c                udelay
 .text.mdelay   0x0000000080011a70       0x18 /usr/local/xenon/usr/lib/libxenon.a(time.o)
                0x0000000080011a70                mdelay
 .text.delay    0x0000000080011a88       0x18 /usr/local/xenon/usr/lib/libxenon.a(time.o)
                0x0000000080011a88                delay
 .text.dummy_attach
                0x0000000080011aa0        0x8 /usr/local/xenon/usr/lib/libxenon.a(dummy.o)
 .text.dummy_detach
                0x0000000080011aa8        0x8 /usr/local/xenon/usr/lib/libxenon.a(dummy.o)
 .text._ohci_allocept
                0x0000000080011ab0       0x64 /usr/local/xenon/usr/lib/libxenon.a(ohci.o)
 .text._ohci_allocxfer
                0x0000000080011b14       0x5c /usr/local/xenon/usr/lib/libxenon.a(ohci.o)
 .text.ohci_delete
                0x0000000080011b70        0x4 /usr/local/xenon/usr/lib/libxenon.a(ohci.o)
 .text.ohci_ept_setaddr
                0x0000000080011b74       0x38 /usr/local/xenon/usr/lib/libxenon.a(ohci.o)
 .text.ohci_ept_setmps
                0x0000000080011bac       0x44 /usr/local/xenon/usr/lib/libxenon.a(ohci.o)
 .text._ohci_queueept
                0x0000000080011bf0       0x5c /usr/local/xenon/usr/lib/libxenon.a(ohci.o)
 .text.ohci_ept_create
                0x0000000080011c4c      0x148 /usr/local/xenon/usr/lib/libxenon.a(ohci.o)
 .text.ohci_ept_cleartoggle
                0x0000000080011d94       0x64 /usr/local/xenon/usr/lib/libxenon.a(ohci.o)
 .text.ohci_stop
                0x0000000080011df8       0x30 /usr/local/xenon/usr/lib/libxenon.a(ohci.o)
 .text.ohci_ept_delete
                0x0000000080011e28      0x1fc /usr/local/xenon/usr/lib/libxenon.a(ohci.o)
 .text.ohci_start
                0x0000000080012024      0x1b0 /usr/local/xenon/usr/lib/libxenon.a(ohci.o)
 .text.ohci_roothub_strdscr
                0x00000000800121d4       0x6c /usr/local/xenon/usr/lib/libxenon.a(ohci.o)
 .text.ohci_intr
                0x0000000080012240      0x20c /usr/local/xenon/usr/lib/libxenon.a(ohci.o)
 .text._ohci_dma_alloc
                0x000000008001244c       0x50 /usr/local/xenon/usr/lib/libxenon.a(ohci.o)
 .text.ohci_create
                0x000000008001249c      0x2a8 /usr/local/xenon/usr/lib/libxenon.a(ohci.o)
 .text.ohci_xfer
                0x0000000080012744      0x7d8 /usr/local/xenon/usr/lib/libxenon.a(ohci.o)
 .text.getstringmaybe
                0x0000000080012f1c       0x6c /usr/local/xenon/usr/lib/libxenon.a(usbdebug.o)
 .text.usb_dbg_dumpportstatus
                0x0000000080012f88      0x25c /usr/local/xenon/usr/lib/libxenon.a(usbdebug.o)
                0x0000000080012f88                usb_dbg_dumpportstatus
 .text.usb_dbg_dumpdescriptors
                0x00000000800131e4      0x678 /usr/local/xenon/usr/lib/libxenon.a(usbdebug.o)
                0x00000000800131e4                usb_dbg_dumpdescriptors
 .text.ehci_maligned
                0x000000008001385c       0x9c /usr/local/xenon/usr/lib/libxenon.a(usb_os.o)
                0x000000008001385c                ehci_maligned
 .text.ehci_virt_to_dma
                0x00000000800138f8        0x8 /usr/local/xenon/usr/lib/libxenon.a(usb_os.o)
                0x00000000800138f8                ehci_virt_to_dma
 .text.ehci_dma_map_to
                0x0000000080013900       0x28 /usr/local/xenon/usr/lib/libxenon.a(usb_os.o)
                0x0000000080013900                ehci_dma_map_to
 .text.ehci_dma_map_from
                0x0000000080013928       0x28 /usr/local/xenon/usr/lib/libxenon.a(usb_os.o)
                0x0000000080013928                ehci_dma_map_from
 .text.ehci_dma_map_bidir
                0x0000000080013950       0x28 /usr/local/xenon/usr/lib/libxenon.a(usb_os.o)
                0x0000000080013950                ehci_dma_map_bidir
 .text.ehci_dma_unmap_to
                0x0000000080013978       0x24 /usr/local/xenon/usr/lib/libxenon.a(usb_os.o)
                0x0000000080013978                ehci_dma_unmap_to
 .text.ehci_dma_unmap_from
                0x000000008001399c       0x24 /usr/local/xenon/usr/lib/libxenon.a(usb_os.o)
                0x000000008001399c                ehci_dma_unmap_from
 .text.ehci_dma_unmap_bidir
                0x00000000800139c0       0x24 /usr/local/xenon/usr/lib/libxenon.a(usb_os.o)
                0x00000000800139c0                ehci_dma_unmap_bidir
 .text.ehci_usleep
                0x00000000800139e4       0x20 /usr/local/xenon/usr/lib/libxenon.a(usb_os.o)
                0x00000000800139e4                ehci_usleep
 .text.ehci_msleep
                0x0000000080013a04       0x20 /usr/local/xenon/usr/lib/libxenon.a(usb_os.o)
                0x0000000080013a04                ehci_msleep
 .text.USB_Alloc
                0x0000000080013a24       0x20 /usr/local/xenon/usr/lib/libxenon.a(usb_os.o)
                0x0000000080013a24                USB_Alloc
 .text.USB_Free
                0x0000000080013a44       0x20 /usr/local/xenon/usr/lib/libxenon.a(usb_os.o)
                0x0000000080013a44                USB_Free
 .text.xenon_gpio_control
                0x0000000080013a64       0x68 /usr/local/xenon/usr/lib/libxenon.a(xenon_gpio.o)
                0x0000000080013a64                xenon_gpio_control
 .text.xenon_gpio_set_oe
                0x0000000080013acc       0x44 /usr/local/xenon/usr/lib/libxenon.a(xenon_gpio.o)
                0x0000000080013acc                xenon_gpio_set_oe
 .text.xenon_gpio_set
                0x0000000080013b10       0x44 /usr/local/xenon/usr/lib/libxenon.a(xenon_gpio.o)
                0x0000000080013b10                xenon_gpio_set
 .text          0x0000000080013b54       0x3c /usr/local/xenon/usr/lib/libxenon.a(cpusleep.o)
                0x0000000080013b54                cpusleep
 .text.lwip_init
                0x0000000080013b90       0x30 /usr/local/xenon/usr/lib/libxenon.a(init.o)
                0x0000000080013b90                lwip_init
 .text.mem_init
                0x0000000080013bc0       0x5c /usr/local/xenon/usr/lib/libxenon.a(mem.o)
                0x0000000080013bc0                mem_init
 .text.mem_free
                0x0000000080013c1c      0x204 /usr/local/xenon/usr/lib/libxenon.a(mem.o)
                0x0000000080013c1c                mem_free
 .text.mem_trim
                0x0000000080013e20      0x180 /usr/local/xenon/usr/lib/libxenon.a(mem.o)
                0x0000000080013e20                mem_trim
 .text.mem_malloc
                0x0000000080013fa0      0x240 /usr/local/xenon/usr/lib/libxenon.a(mem.o)
                0x0000000080013fa0                mem_malloc
 .text.dns_parse_name
                0x00000000800141e0       0x28 /usr/local/xenon/usr/lib/libxenon.a(dns.o)
 .text.dns_recv
                0x0000000080014208      0x1f4 /usr/local/xenon/usr/lib/libxenon.a(dns.o)
 .text.dns_setserver
                0x00000000800143fc       0x40 /usr/local/xenon/usr/lib/libxenon.a(dns.o)
                0x00000000800143fc                dns_setserver
 .text.dns_init
                0x000000008001443c       0x94 /usr/local/xenon/usr/lib/libxenon.a(dns.o)
                0x000000008001443c                dns_init
 .text.memp_init
                0x00000000800144d0       0xb4 /usr/local/xenon/usr/lib/libxenon.a(memp.o)
                0x00000000800144d0                memp_init
 .text.memp_malloc
                0x0000000080014584       0xdc /usr/local/xenon/usr/lib/libxenon.a(memp.o)
                0x0000000080014584                memp_malloc
 .text.memp_free
                0x0000000080014660       0x88 /usr/local/xenon/usr/lib/libxenon.a(memp.o)
                0x0000000080014660                memp_free
 .text.netif_init
                0x00000000800146e8        0x4 /usr/local/xenon/usr/lib/libxenon.a(netif.o)
                0x00000000800146e8                netif_init
 .text.netif_set_ipaddr
                0x00000000800146ec       0xa4 /usr/local/xenon/usr/lib/libxenon.a(netif.o)
                0x00000000800146ec                netif_set_ipaddr
 .text.netif_set_addr
                0x0000000080014790       0x54 /usr/local/xenon/usr/lib/libxenon.a(netif.o)
                0x0000000080014790                netif_set_addr
 .text.netif_add
                0x00000000800147e4       0xb8 /usr/local/xenon/usr/lib/libxenon.a(netif.o)
                0x00000000800147e4                netif_add
 .text.netif_set_gw
                0x000000008001489c       0x18 /usr/local/xenon/usr/lib/libxenon.a(netif.o)
                0x000000008001489c                netif_set_gw
 .text.netif_set_netmask
                0x00000000800148b4       0x18 /usr/local/xenon/usr/lib/libxenon.a(netif.o)
                0x00000000800148b4                netif_set_netmask
 .text.netif_set_default
                0x00000000800148cc        0xc /usr/local/xenon/usr/lib/libxenon.a(netif.o)
                0x00000000800148cc                netif_set_default
 .text.netif_set_up
                0x00000000800148d8       0x68 /usr/local/xenon/usr/lib/libxenon.a(netif.o)
                0x00000000800148d8                netif_set_up
 .text.netif_set_down
                0x0000000080014940       0x48 /usr/local/xenon/usr/lib/libxenon.a(netif.o)
                0x0000000080014940                netif_set_down
 .text.pbuf_alloced_custom
                0x0000000080014988       0xe0 /usr/local/xenon/usr/lib/libxenon.a(pbuf.o)
                0x0000000080014988                pbuf_alloced_custom
 .text.pbuf_header
                0x0000000080014a68      0x134 /usr/local/xenon/usr/lib/libxenon.a(pbuf.o)
                0x0000000080014a68                pbuf_header
 .text.pbuf_free
                0x0000000080014b9c      0x150 /usr/local/xenon/usr/lib/libxenon.a(pbuf.o)
                0x0000000080014b9c                pbuf_free
 .text.pbuf_realloc
                0x0000000080014cec      0x190 /usr/local/xenon/usr/lib/libxenon.a(pbuf.o)
                0x0000000080014cec                pbuf_realloc
 .text.pbuf_alloc
                0x0000000080014e7c      0x2f0 /usr/local/xenon/usr/lib/libxenon.a(pbuf.o)
                0x0000000080014e7c                pbuf_alloc
 .text.pbuf_clen
                0x000000008001516c       0x24 /usr/local/xenon/usr/lib/libxenon.a(pbuf.o)
                0x000000008001516c                pbuf_clen
 .text.pbuf_ref
                0x0000000080015190       0x18 /usr/local/xenon/usr/lib/libxenon.a(pbuf.o)
                0x0000000080015190                pbuf_ref
 .text.pbuf_cat
                0x00000000800151a8       0xac /usr/local/xenon/usr/lib/libxenon.a(pbuf.o)
                0x00000000800151a8                pbuf_cat
 .text.pbuf_chain
                0x0000000080015254       0x34 /usr/local/xenon/usr/lib/libxenon.a(pbuf.o)
                0x0000000080015254                pbuf_chain
 .text.pbuf_copy
                0x0000000080015288      0x1e0 /usr/local/xenon/usr/lib/libxenon.a(pbuf.o)
                0x0000000080015288                pbuf_copy
 .text.pbuf_copy_partial
                0x0000000080015468      0x100 /usr/local/xenon/usr/lib/libxenon.a(pbuf.o)
                0x0000000080015468                pbuf_copy_partial
 .text.stats_init
                0x0000000080015568        0x4 /usr/local/xenon/usr/lib/libxenon.a(stats.o)
                0x0000000080015568                stats_init
 .text.tcp_update_rcv_ann_wnd
                0x000000008001556c       0x9c /usr/local/xenon/usr/lib/libxenon.a(tcp.o)
                0x000000008001556c                tcp_update_rcv_ann_wnd
 .text.tcp_recved
                0x0000000080015608       0x98 /usr/local/xenon/usr/lib/libxenon.a(tcp.o)
                0x0000000080015608                tcp_recved
 .text.tcp_seg_free
                0x00000000800156a0       0x40 /usr/local/xenon/usr/lib/libxenon.a(tcp.o)
                0x00000000800156a0                tcp_seg_free
 .text.tcp_segs_free
                0x00000000800156e0       0x34 /usr/local/xenon/usr/lib/libxenon.a(tcp.o)
                0x00000000800156e0                tcp_segs_free
 .text.tcp_seg_copy
                0x0000000080015714       0x44 /usr/local/xenon/usr/lib/libxenon.a(tcp.o)
                0x0000000080015714                tcp_seg_copy
 .text.tcp_pcb_purge
                0x0000000080015758       0x88 /usr/local/xenon/usr/lib/libxenon.a(tcp.o)
                0x0000000080015758                tcp_pcb_purge
 .text.tcp_slowtmr
                0x00000000800157e0      0x560 /usr/local/xenon/usr/lib/libxenon.a(tcp.o)
                0x00000000800157e0                tcp_slowtmr
 .text.tcp_pcb_remove
                0x0000000080015d40      0x154 /usr/local/xenon/usr/lib/libxenon.a(tcp.o)
                0x0000000080015d40                tcp_pcb_remove
 .text.tcp_abandon
                0x0000000080015e94      0x128 /usr/local/xenon/usr/lib/libxenon.a(tcp.o)
                0x0000000080015e94                tcp_abandon
 .text.tcp_abort
                0x0000000080015fbc        0x8 /usr/local/xenon/usr/lib/libxenon.a(tcp.o)
                0x0000000080015fbc                tcp_abort
 .text.tcp_close_shutdown
                0x0000000080015fc4      0x248 /usr/local/xenon/usr/lib/libxenon.a(tcp.o)
 .text.tcp_close
                0x000000008001620c       0x20 /usr/local/xenon/usr/lib/libxenon.a(tcp.o)
                0x000000008001620c                tcp_close
 .text.tcp_recv_null
                0x000000008001622c       0x60 /usr/local/xenon/usr/lib/libxenon.a(tcp.o)
                0x000000008001622c                tcp_recv_null
 .text.tcp_fasttmr
                0x000000008001628c       0xbc /usr/local/xenon/usr/lib/libxenon.a(tcp.o)
                0x000000008001628c                tcp_fasttmr
 .text.tcp_tmr  0x0000000080016348       0x50 /usr/local/xenon/usr/lib/libxenon.a(tcp.o)
                0x0000000080016348                tcp_tmr
 .text.tcp_next_iss
                0x0000000080016398       0x1c /usr/local/xenon/usr/lib/libxenon.a(tcp.o)
                0x0000000080016398                tcp_next_iss
 .text.tcp_alloc
                0x00000000800163b4      0x1c4 /usr/local/xenon/usr/lib/libxenon.a(tcp.o)
                0x00000000800163b4                tcp_alloc
 .text.tcp_eff_send_mss
                0x0000000080016578       0x5c /usr/local/xenon/usr/lib/libxenon.a(tcp.o)
                0x0000000080016578                tcp_eff_send_mss
 .text.ip4_addr_isbroadcast
                0x00000000800165d4       0x64 /usr/local/xenon/usr/lib/libxenon.a(ip_addr.o)
                0x00000000800165d4                ip4_addr_isbroadcast
 .text.ipaddr_aton
                0x0000000080016638      0x22c /usr/local/xenon/usr/lib/libxenon.a(ip_addr.o)
                0x0000000080016638                ipaddr_aton
 .text.ipaddr_addr
                0x0000000080016864       0x38 /usr/local/xenon/usr/lib/libxenon.a(ip_addr.o)
                0x0000000080016864                ipaddr_addr
 .text.ip_route
                0x000000008001689c       0x88 /usr/local/xenon/usr/lib/libxenon.a(ip.o)
                0x000000008001689c                ip_route
 .text.ip_input
                0x0000000080016924      0x31c /usr/local/xenon/usr/lib/libxenon.a(ip.o)
                0x0000000080016924                ip_input
 .text.ip_output_if
                0x0000000080016c40      0x1e0 /usr/local/xenon/usr/lib/libxenon.a(ip.o)
                0x0000000080016c40                ip_output_if
 .text.ip_output
                0x0000000080016e20       0xb4 /usr/local/xenon/usr/lib/libxenon.a(ip.o)
                0x0000000080016e20                ip_output
 .text.ipfrag_free_pbuf_custom
                0x0000000080016ed4       0x60 /usr/local/xenon/usr/lib/libxenon.a(ip_frag.o)
 .text.unlikely.ip_reass_dequeue_datagram.part.2
                0x0000000080016f34       0x2c /usr/local/xenon/usr/lib/libxenon.a(ip_frag.o)
 .text.ip_reass_free_complete_datagram
                0x0000000080016f60      0x1a8 /usr/local/xenon/usr/lib/libxenon.a(ip_frag.o)
 .text.ip_reass_remove_oldest_datagram
                0x0000000080017108       0xd0 /usr/local/xenon/usr/lib/libxenon.a(ip_frag.o)
 .text.ip_reass
                0x00000000800171d8      0x51c /usr/local/xenon/usr/lib/libxenon.a(ip_frag.o)
                0x00000000800171d8                ip_reass
 .text.ip_frag  0x00000000800176f4      0x228 /usr/local/xenon/usr/lib/libxenon.a(ip_frag.o)
                0x00000000800176f4                ip_frag
 .text.tcp_create_segment
                0x000000008001791c      0x104 /usr/local/xenon/usr/lib/libxenon.a(tcp_out.o)
 .text.tcp_output_alloc_header.constprop.1
                0x0000000080017a20       0xb0 /usr/local/xenon/usr/lib/libxenon.a(tcp_out.o)
 .text.tcp_enqueue_flags
                0x0000000080017ad0      0x268 /usr/local/xenon/usr/lib/libxenon.a(tcp_out.o)
                0x0000000080017ad0                tcp_enqueue_flags
 .text.tcp_send_fin
                0x0000000080017d38       0x4c /usr/local/xenon/usr/lib/libxenon.a(tcp_out.o)
                0x0000000080017d38                tcp_send_fin
 .text.tcp_send_empty_ack
                0x0000000080017d84       0x90 /usr/local/xenon/usr/lib/libxenon.a(tcp_out.o)
                0x0000000080017d84                tcp_send_empty_ack
 .text.tcp_output
                0x0000000080017e14      0x41c /usr/local/xenon/usr/lib/libxenon.a(tcp_out.o)
                0x0000000080017e14                tcp_output
 .text.tcp_rst  0x0000000080018230       0xf8 /usr/local/xenon/usr/lib/libxenon.a(tcp_out.o)
                0x0000000080018230                tcp_rst
 .text.tcp_rexmit_rto
                0x0000000080018328       0x48 /usr/local/xenon/usr/lib/libxenon.a(tcp_out.o)
                0x0000000080018328                tcp_rexmit_rto
 .text.tcp_rexmit
                0x0000000080018370       0x64 /usr/local/xenon/usr/lib/libxenon.a(tcp_out.o)
                0x0000000080018370                tcp_rexmit
 .text.tcp_rexmit_fast
                0x00000000800183d4       0x98 /usr/local/xenon/usr/lib/libxenon.a(tcp_out.o)
                0x00000000800183d4                tcp_rexmit_fast
 .text.tcp_keepalive
                0x000000008001846c       0x90 /usr/local/xenon/usr/lib/libxenon.a(tcp_out.o)
                0x000000008001846c                tcp_keepalive
 .text.tcp_zero_window_probe
                0x00000000800184fc      0x11c /usr/local/xenon/usr/lib/libxenon.a(tcp_out.o)
                0x00000000800184fc                tcp_zero_window_probe
 .text.udp_input
                0x0000000080018618      0x340 /usr/local/xenon/usr/lib/libxenon.a(udp.o)
                0x0000000080018618                udp_input
 .text.udp_bind
                0x0000000080018958      0x138 /usr/local/xenon/usr/lib/libxenon.a(udp.o)
                0x0000000080018958                udp_bind
 .text.udp_sendto_if
                0x0000000080018a90      0x1a4 /usr/local/xenon/usr/lib/libxenon.a(udp.o)
                0x0000000080018a90                udp_sendto_if
 .text.udp_connect
                0x0000000080018c34       0xa0 /usr/local/xenon/usr/lib/libxenon.a(udp.o)
                0x0000000080018c34                udp_connect
 .text.udp_recv
                0x0000000080018cd4        0xc /usr/local/xenon/usr/lib/libxenon.a(udp.o)
                0x0000000080018cd4                udp_recv
 .text.udp_remove
                0x0000000080018ce0       0x6c /usr/local/xenon/usr/lib/libxenon.a(udp.o)
                0x0000000080018ce0                udp_remove
 .text.udp_new  0x0000000080018d4c       0x44 /usr/local/xenon/usr/lib/libxenon.a(udp.o)
                0x0000000080018d4c                udp_new
 .text.etharp_send_ip
                0x0000000080018d90       0x80 /usr/local/xenon/usr/lib/libxenon.a(etharp.o)
 .text.free_entry
                0x0000000080018e10       0xd8 /usr/local/xenon/usr/lib/libxenon.a(etharp.o)
 .text.find_entry
                0x0000000080018ee8      0x230 /usr/local/xenon/usr/lib/libxenon.a(etharp.o)
 .text.update_arp_entry
                0x0000000080019118      0x124 /usr/local/xenon/usr/lib/libxenon.a(etharp.o)
 .text.etharp_ip_input
                0x000000008001923c       0x78 /usr/local/xenon/usr/lib/libxenon.a(etharp.o)
                0x000000008001923c                etharp_ip_input
 .text.etharp_arp_input
                0x00000000800192b4      0x218 /usr/local/xenon/usr/lib/libxenon.a(etharp.o)
                0x00000000800192b4                etharp_arp_input
 .text.etharp_request
                0x00000000800194cc      0x174 /usr/local/xenon/usr/lib/libxenon.a(etharp.o)
                0x00000000800194cc                etharp_request
 .text.etharp_query
                0x0000000080019640      0x2ac /usr/local/xenon/usr/lib/libxenon.a(etharp.o)
                0x0000000080019640                etharp_query
 .text.etharp_output
                0x00000000800198ec      0x17c /usr/local/xenon/usr/lib/libxenon.a(etharp.o)
                0x00000000800198ec                etharp_output
 .text.dhcp_set_state
                0x0000000080019a68       0x24 /usr/local/xenon/usr/lib/libxenon.a(dhcp.o)
 .text.dhcp_option_trailer
                0x0000000080019a8c      0x104 /usr/local/xenon/usr/lib/libxenon.a(dhcp.o)
 .text.dhcp_check
                0x0000000080019b90       0x54 /usr/local/xenon/usr/lib/libxenon.a(dhcp.o)
 .text.dhcp_bind
                0x0000000080019be4      0x190 /usr/local/xenon/usr/lib/libxenon.a(dhcp.o)
 .text.dhcp_option
                0x0000000080019d74       0x74 /usr/local/xenon/usr/lib/libxenon.a(dhcp.o)
 .text.dhcp_option_byte
                0x0000000080019de8       0x5c /usr/local/xenon/usr/lib/libxenon.a(dhcp.o)
 .text.dhcp_option_short
                0x0000000080019e44       0x74 /usr/local/xenon/usr/lib/libxenon.a(dhcp.o)
 .text.dhcp_option_long
                0x0000000080019eb8       0xa4 /usr/local/xenon/usr/lib/libxenon.a(dhcp.o)
 .text.dhcp_create_msg
                0x0000000080019f5c      0x2b0 /usr/local/xenon/usr/lib/libxenon.a(dhcp.o)
 .text.dhcp_delete_msg
                0x000000008001a20c       0xac /usr/local/xenon/usr/lib/libxenon.a(dhcp.o)
 .text.dhcp_reboot
                0x000000008001a2b8       0xf8 /usr/local/xenon/usr/lib/libxenon.a(dhcp.o)
 .text.dhcp_discover
                0x000000008001a3b0      0x144 /usr/local/xenon/usr/lib/libxenon.a(dhcp.o)
 .text.dhcp_select
                0x000000008001a4f4      0x1d4 /usr/local/xenon/usr/lib/libxenon.a(dhcp.o)
 .text.dhcp_rebind
                0x000000008001a6c8      0x148 /usr/local/xenon/usr/lib/libxenon.a(dhcp.o)
 .text.dhcp_recv
                0x000000008001a810      0x8ac /usr/local/xenon/usr/lib/libxenon.a(dhcp.o)
 .text.dhcp_arp_reply
                0x000000008001b0bc      0x100 /usr/local/xenon/usr/lib/libxenon.a(dhcp.o)
                0x000000008001b0bc                dhcp_arp_reply
 .text.dhcp_renew
                0x000000008001b1bc      0x144 /usr/local/xenon/usr/lib/libxenon.a(dhcp.o)
                0x000000008001b1bc                dhcp_renew
 .text.dhcp_coarse_tmr
                0x000000008001b300       0xb4 /usr/local/xenon/usr/lib/libxenon.a(dhcp.o)
                0x000000008001b300                dhcp_coarse_tmr
 .text.dhcp_release
                0x000000008001b3b4      0x114 /usr/local/xenon/usr/lib/libxenon.a(dhcp.o)
                0x000000008001b3b4                dhcp_release
 .text.dhcp_fine_tmr
                0x000000008001b4c8      0x128 /usr/local/xenon/usr/lib/libxenon.a(dhcp.o)
                0x000000008001b4c8                dhcp_fine_tmr
 .text.dhcp_stop
                0x000000008001b5f0       0xc0 /usr/local/xenon/usr/lib/libxenon.a(dhcp.o)
                0x000000008001b5f0                dhcp_stop
 .text.dhcp_start
                0x000000008001b6b0      0x1a0 /usr/local/xenon/usr/lib/libxenon.a(dhcp.o)
                0x000000008001b6b0                dhcp_start
 .text.raw_input
                0x000000008001b850       0xe8 /usr/local/xenon/usr/lib/libxenon.a(raw.o)
                0x000000008001b850                raw_input
 .text.tcp_timer_needed
                0x000000008001b938        0x4 /usr/local/xenon/usr/lib/libxenon.a(timers.o)
                0x000000008001b938                tcp_timer_needed
 .text.q_enqueue
                0x000000008001b93c       0x18 /usr/local/xenon/usr/lib/libxenon.a(lib_queue.o)
                0x000000008001b93c                q_enqueue
 .text.q_deqnext
                0x000000008001b954       0x30 /usr/local/xenon/usr/lib/libxenon.a(lib_queue.o)
                0x000000008001b954                q_deqnext
 .text.unlikely.tcp_oos_insert_segment
                0x000000008001b984       0xd0 /usr/local/xenon/usr/lib/libxenon.a(tcp_in.o)
 .text.unlikely.tcp_receive
                0x000000008001ba54      0xde4 /usr/local/xenon/usr/lib/libxenon.a(tcp_in.o)
 .text.tcp_parseopt.isra.0
                0x000000008001c838       0xc0 /usr/local/xenon/usr/lib/libxenon.a(tcp_in.o)
 .text.tcp_input
                0x000000008001c8f8      0xe60 /usr/local/xenon/usr/lib/libxenon.a(tcp_in.o)
                0x000000008001c8f8                tcp_input
 .text.lwip_standard_chksum
                0x000000008001d758       0xb0 /usr/local/xenon/usr/lib/libxenon.a(inet_chksum.o)
 .text.inet_chksum_pseudo
                0x000000008001d808       0xec /usr/local/xenon/usr/lib/libxenon.a(inet_chksum.o)
                0x000000008001d808                inet_chksum_pseudo
 .text.inet_chksum
                0x000000008001d8f4       0x28 /usr/local/xenon/usr/lib/libxenon.a(inet_chksum.o)
                0x000000008001d8f4                inet_chksum
 .text.inet_chksum_pbuf
                0x000000008001d91c       0x94 /usr/local/xenon/usr/lib/libxenon.a(inet_chksum.o)
                0x000000008001d91c                inet_chksum_pbuf
 .text.icmp_send_response.isra.0
                0x000000008001d9b0       0xf0 /usr/local/xenon/usr/lib/libxenon.a(icmp.o)
 .text.icmp_input
                0x000000008001daa0      0x368 /usr/local/xenon/usr/lib/libxenon.a(icmp.o)
                0x000000008001daa0                icmp_input
 .text.icmp_dest_unreach
                0x000000008001de08       0x10 /usr/local/xenon/usr/lib/libxenon.a(icmp.o)
                0x000000008001de08                icmp_dest_unreach
 .text.icmp_time_exceeded
                0x000000008001de18       0x10 /usr/local/xenon/usr/lib/libxenon.a(icmp.o)
                0x000000008001de18                icmp_time_exceeded
 .text          0x000000008001de28       0x4c /usr/local/xenon/lib/gcc/xenon/4.6.1/32/libgcc.a(crtsavgpr.o)
                0x000000008001de28                _savegpr_14
                0x000000008001de2c                _savegpr_15
                0x000000008001de30                _savegpr_16
                0x000000008001de34                _savegpr_17
                0x000000008001de38                _savegpr_18
                0x000000008001de3c                _savegpr_19
                0x000000008001de40                _savegpr_20
                0x000000008001de44                _savegpr_21
                0x000000008001de48                _savegpr_22
                0x000000008001de4c                _savegpr_23
                0x000000008001de50                _savegpr_24
                0x000000008001de54                _savegpr_25
                0x000000008001de58                _savegpr_26
                0x000000008001de5c                _savegpr_27
                0x000000008001de60                _savegpr_28
                0x000000008001de64                _savegpr_29
                0x000000008001de68                _savegpr_30
                0x000000008001de6c                _savegpr_31
 .text          0x000000008001de74       0x58 /usr/local/xenon/lib/gcc/xenon/4.6.1/32/libgcc.a(crtresxgpr.o)
                0x000000008001de74                _restgpr_14_x
                0x000000008001de78                _restgpr_15_x
                0x000000008001de7c                _restgpr_16_x
                0x000000008001de80                _restgpr_17_x
                0x000000008001de84                _restgpr_18_x
                0x000000008001de88                _restgpr_19_x
                0x000000008001de8c                _restgpr_20_x
                0x000000008001de90                _restgpr_21_x
                0x000000008001de94                _restgpr_22_x
                0x000000008001de98                _restgpr_23_x
                0x000000008001de9c                _restgpr_24_x
                0x000000008001dea0                _restgpr_25_x
                0x000000008001dea4                _restgpr_26_x
                0x000000008001dea8                _restgpr_27_x
                0x000000008001deac                _restgpr_28_x
                0x000000008001deb0                _restgpr_29_x
                0x000000008001deb4                _restgpr_30_x
                0x000000008001deb8                _restgpr_31_x
 *fill*         0x000000008001decc        0x4 00
 .text          0x000000008001ded0     0x1ae0 /usr/local/xenon/lib/gcc/xenon/4.6.1/32/libgcc.a(unwind-dw2-fde-glibc.o)
                0x000000008001f44c                __register_frame_info_bases
                0x000000008001f4c0                __register_frame_info
                0x000000008001f4e8                __register_frame
                0x000000008001f534                __register_frame_info_table_bases
                0x000000008001f598                __register_frame_info_table
                0x000000008001f5c0                __register_frame_table
                0x000000008001f604                __deregister_frame_info_bases
                0x000000008001f750                __deregister_frame_info
                0x000000008001f770                __deregister_frame
                0x000000008001f7a4                _Unwind_Find_FDE
 .text          0x000000008001f9b0       0x88 /usr/local/xenon/xenon/lib/32/libc.a(lib_a-assert.o)
                0x000000008001f9b4                __assert_func
                0x000000008001fa20                __assert
 .text          0x000000008001fa38       0x58 /usr/local/xenon/xenon/lib/32/libc.a(lib_a-exit.o)
                0x000000008001fa3c                exit
 .text          0x000000008001fa90      0x1c0 /usr/local/xenon/xenon/lib/32/libc.a(lib_a-fclose.o)
                0x000000008001fa90                _fclose_r
                0x000000008001fc0c                fclose
 .text          0x000000008001fc50      0x334 /usr/local/xenon/xenon/lib/32/libc.a(lib_a-fflush.o)
                0x000000008001fc50                _fflush_r
                0x000000008001ff14                fflush
 *fill*         0x000000008001ff84        0x4 00
 .text          0x000000008001ff88      0x48c /usr/local/xenon/xenon/lib/32/libc.a(lib_a-findfp.o)
                0x000000008001ff9c                _cleanup_r
                0x0000000080020078                __sfmoreglue
                0x00000000800200fc                _cleanup
                0x0000000080020140                __sfp_lock_acquire
                0x0000000080020148                __sfp_lock_release
                0x0000000080020150                __sinit_lock_acquire
                0x0000000080020158                __sinit_lock_release
                0x0000000080020164                __sinit
                0x0000000080020214                __sfp
                0x000000008002037c                __fp_lock_all
                0x00000000800203cc                __fp_unlock_all
 *fill*         0x0000000080020414        0x4 00
 .text          0x0000000080020418      0x130 /usr/local/xenon/xenon/lib/32/libc.a(lib_a-fiprintf.o)
                0x0000000080020418                _fiprintf_r
                0x000000008002049c                fiprintf
 .text          0x0000000080020548      0x418 /usr/local/xenon/xenon/lib/32/libc.a(lib_a-freer.o)
                0x000000008002054c                _malloc_trim_r
                0x00000000800206a4                _free_r
 .text          0x0000000080020960       0x9c /usr/local/xenon/xenon/lib/32/libc.a(lib_a-fstatr.o)
                0x0000000080020964                _fstat_r
 *fill*         0x00000000800209fc        0x4 00
 .text          0x0000000080020a00      0x19c /usr/local/xenon/xenon/lib/32/libc.a(lib_a-fwalk.o)
                0x0000000080020a00                _fwalk
                0x0000000080020ac8                _fwalk_reent
 *fill*         0x0000000080020b9c        0x4 00
 .text          0x0000000080020ba0      0x220 /usr/local/xenon/xenon/lib/32/libc.a(lib_a-makebuf.o)
                0x0000000080020ba4                __smakebuf_r
 .text          0x0000000080020dc0       0x4c /usr/local/xenon/xenon/lib/32/libc.a(lib_a-malign.o)
                0x0000000080020dc4                memalign
 *fill*         0x0000000080020e0c        0x4 00
 .text          0x0000000080020e10      0x21c /usr/local/xenon/xenon/lib/32/libc.a(lib_a-malignr.o)
                0x0000000080020e10                _memalign_r
 *fill*         0x000000008002102c        0x4 00
 .text          0x0000000080021030       0x90 /usr/local/xenon/xenon/lib/32/libc.a(lib_a-malloc.o)
                0x0000000080021034                malloc
                0x000000008002107c                free
 .text          0x00000000800210c0      0x890 /usr/local/xenon/xenon/lib/32/libc.a(lib_a-mallocr.o)
                0x00000000800210c4                _malloc_r
 .text          0x0000000080021950       0xe0 /usr/local/xenon/xenon/lib/32/libc.a(lib_a-memcmp.o)
                0x0000000080021950                memcmp
 .text          0x0000000080021a30      0x128 /usr/local/xenon/xenon/lib/32/libc.a(lib_a-memcpy.o)
                0x0000000080021a30                memcpy
 .text          0x0000000080021b58      0x134 /usr/local/xenon/xenon/lib/32/libc.a(lib_a-memset.o)
                0x0000000080021b58                memset
 *fill*         0x0000000080021c8c        0x4 00
 .text          0x0000000080021c90      0x138 /usr/local/xenon/xenon/lib/32/libc.a(lib_a-printf.o)
                0x0000000080021c90                _printf_r
                0x0000000080021d1c                printf
 .text          0x0000000080021dc8       0x74 /usr/local/xenon/xenon/lib/32/libc.a(lib_a-putchar.o)
                0x0000000080021dc8                _putchar_r
                0x0000000080021df4                putchar
 *fill*         0x0000000080021e3c        0x4 00
 .text          0x0000000080021e40      0x204 /usr/local/xenon/xenon/lib/32/libc.a(lib_a-putc.o)
                0x0000000080021e40                _putc_r
                0x0000000080021f24                putc
 *fill*         0x0000000080022044        0x4 00
 .text          0x0000000080022048      0x128 /usr/local/xenon/xenon/lib/32/libc.a(lib_a-puts.o)
                0x000000008002204c                _puts_r
                0x000000008002212c                puts
 .text          0x0000000080022170       0x94 /usr/local/xenon/xenon/lib/32/libc.a(lib_a-sbrkr.o)
                0x0000000080022174                _sbrk_r
 *fill*         0x0000000080022204        0x4 00
 .text          0x0000000080022208      0x1a8 /usr/local/xenon/xenon/lib/32/libc.a(lib_a-sprintf.o)
                0x0000000080022208                _sprintf_r
                0x00000000800222cc                sprintf
 .text          0x00000000800223b0      0x1a8 /usr/local/xenon/xenon/lib/32/libc.a(lib_a-stdio.o)
                0x00000000800223b0                __sread
                0x0000000080022418                __swrite
                0x00000000800224c0                __sseek
                0x0000000080022530                __sclose
 .text          0x0000000080022558       0xb0 /usr/local/xenon/xenon/lib/32/libc.a(lib_a-strcat.o)
                0x0000000080022558                strcat
 .text          0x0000000080022608      0x10c /usr/local/xenon/xenon/lib/32/libc.a(lib_a-strcmp.o)
                0x0000000080022608                strcmp
 *fill*         0x0000000080022714        0x4 00
 .text          0x0000000080022718       0xa4 /usr/local/xenon/xenon/lib/32/libc.a(lib_a-strcpy.o)
                0x0000000080022718                strcpy
 *fill*         0x00000000800227bc        0x4 00
 .text          0x00000000800227c0      0x100 /usr/local/xenon/xenon/lib/32/libc.a(lib_a-strlen.o)
                0x00000000800227c0                strlen
 .text          0x00000000800228c0       0xec /usr/local/xenon/xenon/lib/32/libc.a(lib_a-strncpy.o)
                0x00000000800228c0                strncpy
 *fill*         0x00000000800229ac        0x4 00
 .text          0x00000000800229b0     0x2318 /usr/local/xenon/xenon/lib/32/libc.a(lib_a-svfprintf.o)
                0x0000000080022c94                _svfprintf_r
 .text          0x0000000080024cc8     0x153c /usr/local/xenon/xenon/lib/32/libc.a(lib_a-vfiprintf.o)
                0x0000000080024d34                _vfiprintf_r
                0x00000000800261b4                vfiprintf
 *fill*         0x0000000080026204        0x4 00
 .text          0x0000000080026208     0x21e4 /usr/local/xenon/xenon/lib/32/libc.a(lib_a-vfprintf.o)
                0x0000000080026274                _vfprintf_r
                0x000000008002839c                vfprintf
 *fill*         0x00000000800283ec        0x4 00
 .text          0x00000000800283f0       0x80 /usr/local/xenon/xenon/lib/32/libc.a(lib_a-vprintf.o)
                0x00000000800283f4                vprintf
                0x0000000080028440                _vprintf_r
 .text          0x0000000080028470      0x21c /usr/local/xenon/xenon/lib/32/libc.a(lib_a-wbuf.o)
                0x0000000080028470                __swbuf_r
                0x0000000080028644                __swbuf
 *fill*         0x000000008002868c        0x4 00
 .text          0x0000000080028690       0x9c /usr/local/xenon/xenon/lib/32/libc.a(lib_a-writer.o)
                0x0000000080028694                _write_r
 *fill*         0x000000008002872c        0x4 00
 .text          0x0000000080028730      0x1b0 /usr/local/xenon/xenon/lib/32/libc.a(lib_a-wsetup.o)
                0x0000000080028734                __swsetup_r
 .text          0x00000000800288e0      0x1f8 /usr/local/xenon/xenon/lib/32/libc.a(lib_a-__call_atexit.o)
                0x00000000800288e4                __call_exitprocs
 .text          0x0000000080028ad8       0x94 /usr/local/xenon/xenon/lib/32/libc.a(lib_a-closer.o)
                0x0000000080028adc                _close_r
 *fill*         0x0000000080028b6c        0x4 00
 .text          0x0000000080028b70     0x14dc /usr/local/xenon/xenon/lib/32/libc.a(lib_a-dtoa.o)
                0x0000000080028dc4                _dtoa_r
 *fill*         0x000000008002a04c        0x4 00
 .text          0x000000008002a050      0x57c /usr/local/xenon/xenon/lib/32/libc.a(lib_a-fvwrite.o)
                0x000000008002a050                __sfvwrite_r
 *fill*         0x000000008002a5cc        0x4 00
 .text          0x000000008002a5d0       0x94 /usr/local/xenon/xenon/lib/32/libc.a(lib_a-isattyr.o)
                0x000000008002a5d4                _isatty_r
 *fill*         0x000000008002a664        0x4 00
 .text          0x000000008002a668      0x1cc /usr/local/xenon/xenon/lib/32/libc.a(lib_a-locale.o)
                0x000000008002a66c                _setlocale_r
                0x000000008002a724                __locale_charset
                0x000000008002a764                _localeconv_r
                0x000000008002a7a4                setlocale
                0x000000008002a7f4                localeconv
 *fill*         0x000000008002a834        0x4 00
 .text          0x000000008002a838       0x9c /usr/local/xenon/xenon/lib/32/libc.a(lib_a-lseekr.o)
                0x000000008002a83c                _lseek_r
 *fill*         0x000000008002a8d4        0x4 00
 .text          0x000000008002a8d8      0x130 /usr/local/xenon/xenon/lib/32/libc.a(lib_a-memchr.o)
                0x000000008002a8d8                memchr
 .text          0x000000008002aa08      0x198 /usr/local/xenon/xenon/lib/32/libc.a(lib_a-memmove.o)
                0x000000008002aa08                memmove
 .text          0x000000008002aba0     0x1308 /usr/local/xenon/xenon/lib/32/libc.a(lib_a-mprec.o)
                0x000000008002aba0                _Balloc
                0x000000008002ac68                _Bfree
                0x000000008002ac90                __multadd
                0x000000008002adb8                __s2b
                0x000000008002af08                __hi0bits
                0x000000008002af80                __lo0bits
                0x000000008002b060                __i2b
                0x000000008002b0a0                __multiply
                0x000000008002b304                __pow5mult
                0x000000008002b458                __lshift
                0x000000008002b5d8                __mcmp
                0x000000008002b638                __mdiff
                0x000000008002b820                __ulp
                0x000000008002b8b8                __b2d
                0x000000008002ba38                __d2b
                0x000000008002bbd8                __ratio
                0x000000008002bcc4                _mprec_log10
                0x000000008002bd40                __copybits
                0x000000008002bdc8                __any_on
 .text          0x000000008002bea8       0x9c /usr/local/xenon/xenon/lib/32/libc.a(lib_a-readr.o)
                0x000000008002beac                _read_r
 *fill*         0x000000008002bf44        0x4 00
 .text          0x000000008002bf48      0x630 /usr/local/xenon/xenon/lib/32/libc.a(lib_a-reallocr.o)
                0x000000008002bf4c                _realloc_r
 .text          0x000000008002c578       0x44 /usr/local/xenon/xenon/lib/32/libc.a(lib_a-s_isinfd.o)
                0x000000008002c578                __isinfd
 *fill*         0x000000008002c5bc        0x4 00
 .text          0x000000008002c5c0       0x38 /usr/local/xenon/xenon/lib/32/libc.a(lib_a-s_isnand.o)
                0x000000008002c5c0                __isnand
 .text          0x000000008002c5f8       0xc8 /usr/local/xenon/xenon/lib/32/libc.a(lib_a-callocr.o)
                0x000000008002c5f8                _calloc_r
 .text          0x000000008002c6c0      0x434 /usr/local/xenon/lib/gcc/xenon/4.6.1/32/libgcc.a(_udivdi3.o)
                0x000000008002c6c0                __udivdi3
 *fill*         0x000000008002caf4        0x4 00
 .text          0x000000008002caf8      0x3f0 /usr/local/xenon/lib/gcc/xenon/4.6.1/32/libgcc.a(_umoddi3.o)
                0x000000008002caf8                __umoddi3
 *(.init*)

.glink          0x000000008002cee8        0x0
 .glink         0x0000000000000000        0x0 /usr/local/xenon/lib/gcc/xenon/4.6.1/../../../../xenon/lib/../lib/crt1.o

.elfldr         0x000000008002cee8        0x0
                0x000000008002cee8                elfldr_start = .
 *(.elfldr)
                0x000000008002cee8                elfldr_end = .

.data           0x000000008002cee8     0x6f78
 *(.data*)
 .data.devoptab_list
                0x000000008002cee8       0x40 /usr/local/xenon/usr/lib/libxenon.a(newlib.o)
                0x000000008002cee8                devoptab_list
 .data.__syscalls
                0x000000008002cf28       0x24 /usr/local/xenon/usr/lib/libxenon.a(xenon_syscalls.o)
                0x000000008002cf28                __syscalls
 .data.lockowner
                0x000000008002cf4c        0x4 /usr/local/xenon/usr/lib/libxenon.a(xenon_syscalls.o)
 .data.usbctrl_driver
                0x000000008002cf50        0xc /usr/local/xenon/usr/lib/libxenon.a(usbctrl.o)
                0x000000008002cf50                usbctrl_driver
 .data.usb_drivers
                0x000000008002cf5c       0x90 /usr/local/xenon/usr/lib/libxenon.a(usbdevs.o)
                0x000000008002cf5c                usb_drivers
 .data.usbhid_driver
                0x000000008002cfec        0xc /usr/local/xenon/usr/lib/libxenon.a(usbhid.o)
                0x000000008002cfec                usbhid_driver
 .data.usbhid_scantable
                0x000000008002cff8      0x650 /usr/local/xenon/usr/lib/libxenon.a(usbhid.o)
 .data.usbhub_driver
                0x000000008002d648        0xc /usr/local/xenon/usr/lib/libxenon.a(usbhub.o)
                0x000000008002d648                usbhub_driver
 .data.usbroothub_driver
                0x000000008002d654        0xc /usr/local/xenon/usr/lib/libxenon.a(usbhub.o)
                0x000000008002d654                usbroothub_driver
 .data.first_access
                0x000000008002d660        0x4 /usr/local/xenon/usr/lib/libxenon.a(tinyehci.o)
 .data.__lun    0x000000008002d664        0x1 /usr/local/xenon/usr/lib/libxenon.a(tinyehci.o)
 *fill*         0x000000008002d665        0x3 00
 .data.ana_1024x768
                0x000000008002d668      0x400 /usr/local/xenon/usr/lib/libxenon.a(xenos.o)
                0x000000008002d668                ana_1024x768
 .data.ana_ntsc_480i
                0x000000008002da68      0x400 /usr/local/xenon/usr/lib/libxenon.a(xenos.o)
                0x000000008002da68                ana_ntsc_480i
 .data.ana_yuv_480p
                0x000000008002de68      0x400 /usr/local/xenon/usr/lib/libxenon.a(xenos.o)
                0x000000008002de68                ana_yuv_480p
 .data.ana_1280x1024
                0x000000008002e268      0x400 /usr/local/xenon/usr/lib/libxenon.a(xenos.o)
                0x000000008002e268                ana_1280x1024
 .data.ana_pal  0x000000008002e668      0x400 /usr/local/xenon/usr/lib/libxenon.a(xenos.o)
                0x000000008002e668                ana_pal
 .data.ana_1360x768
                0x000000008002ea68      0x400 /usr/local/xenon/usr/lib/libxenon.a(xenos.o)
                0x000000008002ea68                ana_1360x768
 .data.ana_640_480_composite
                0x000000008002ee68      0x400 /usr/local/xenon/usr/lib/libxenon.a(xenos.o)
                0x000000008002ee68                ana_640_480_composite
 .data.ana_1440x900
                0x000000008002f268      0x400 /usr/local/xenon/usr/lib/libxenon.a(xenos.o)
                0x000000008002f268                ana_1440x900
 .data.ana_1280x768
                0x000000008002f668      0x400 /usr/local/xenon/usr/lib/libxenon.a(xenos.o)
                0x000000008002f668                ana_1280x768
 .data.ana_1280x720
                0x000000008002fa68      0x400 /usr/local/xenon/usr/lib/libxenon.a(xenos.o)
                0x000000008002fa68                ana_1280x720
 .data.ana_hdmi_720p
                0x000000008002fe68      0x400 /usr/local/xenon/usr/lib/libxenon.a(xenos.o)
                0x000000008002fe68                ana_hdmi_720p
 .data.xenos_modes
                0x0000000080030268      0x2d8 /usr/local/xenon/usr/lib/libxenon.a(xenos.o)
                0x0000000080030268                xenos_modes
 .data.ana_640x480p
                0x0000000080030540      0x400 /usr/local/xenon/usr/lib/libxenon.a(xenos.o)
                0x0000000080030540                ana_640x480p
 .data.ana_yuv_720p
                0x0000000080030940      0x400 /usr/local/xenon/usr/lib/libxenon.a(xenos.o)
                0x0000000080030940                ana_yuv_720p
 .data.dummy_driver
                0x0000000080030d40        0xc /usr/local/xenon/usr/lib/libxenon.a(dummy.o)
                0x0000000080030d40                dummy_driver
 .data.ohci_driver
                0x0000000080030d4c       0x2c /usr/local/xenon/usr/lib/libxenon.a(ohci.o)
                0x0000000080030d4c                ohci_driver
 .data.xenos_ucode0
                0x0000000080030d78      0x480 /usr/local/xenon/usr/lib/libxenon.a(ucode.o)
                0x0000000080030d78                xenos_ucode0
 .data.xenos_ucode1
                0x00000000800311f8     0x2400 /usr/local/xenon/usr/lib/libxenon.a(ucode.o)
                0x00000000800311f8                xenos_ucode1
 .data.iss.3625
                0x00000000800335f8        0x4 /usr/local/xenon/usr/lib/libxenon.a(tcp.o)
 .data.xid.3562
                0x00000000800335fc        0x4 /usr/local/xenon/usr/lib/libxenon.a(dhcp.o)
 .data.rel.local
                0x0000000080033600      0x428 /usr/local/xenon/xenon/lib/32/libc.a(lib_a-impure.o)
 .data.rel      0x0000000080033a28      0x408 /usr/local/xenon/xenon/lib/32/libc.a(lib_a-mallocr.o)
                0x0000000080033a28                __malloc_av_
 .data.rel.ro.local
                0x0000000080033e30       0x30 /usr/local/xenon/xenon/lib/32/libc.a(lib_a-locale.o)

.got2           0x0000000080033e60      0x1d4
 .got2          0x0000000080033e60       0x14 /usr/local/xenon/lib/gcc/xenon/4.6.1/32/libgcc.a(unwind-dw2-fde-glibc.o)
 .got2          0x0000000080033e74       0x10 /usr/local/xenon/xenon/lib/32/libc.a(lib_a-assert.o)
 .got2          0x0000000080033e84        0x4 /usr/local/xenon/xenon/lib/32/libc.a(lib_a-exit.o)
 .got2          0x0000000080033e88        0x4 /usr/local/xenon/xenon/lib/32/libc.a(lib_a-fclose.o)
 .got2          0x0000000080033e8c        0xc /usr/local/xenon/xenon/lib/32/libc.a(lib_a-fflush.o)
 .got2          0x0000000080033e98       0x28 /usr/local/xenon/xenon/lib/32/libc.a(lib_a-findfp.o)
 .got2          0x0000000080033ec0        0x4 /usr/local/xenon/xenon/lib/32/libc.a(lib_a-fiprintf.o)
 .got2          0x0000000080033ec4       0x18 /usr/local/xenon/xenon/lib/32/libc.a(lib_a-freer.o)
 .got2          0x0000000080033edc        0x4 /usr/local/xenon/xenon/lib/32/libc.a(lib_a-fstatr.o)
 .got2          0x0000000080033ee0        0x8 /usr/local/xenon/xenon/lib/32/libc.a(lib_a-makebuf.o)
 .got2          0x0000000080033ee8        0x4 /usr/local/xenon/xenon/lib/32/libc.a(lib_a-malign.o)
 .got2          0x0000000080033eec        0x4 /usr/local/xenon/xenon/lib/32/libc.a(lib_a-malloc.o)
 .got2          0x0000000080033ef0       0x18 /usr/local/xenon/xenon/lib/32/libc.a(lib_a-mallocr.o)
 .got2          0x0000000080033f08        0x4 /usr/local/xenon/xenon/lib/32/libc.a(lib_a-printf.o)
 .got2          0x0000000080033f0c        0x4 /usr/local/xenon/xenon/lib/32/libc.a(lib_a-putchar.o)
 .got2          0x0000000080033f10        0x4 /usr/local/xenon/xenon/lib/32/libc.a(lib_a-putc.o)
 .got2          0x0000000080033f14        0x8 /usr/local/xenon/xenon/lib/32/libc.a(lib_a-puts.o)
 .got2          0x0000000080033f1c        0x4 /usr/local/xenon/xenon/lib/32/libc.a(lib_a-sbrkr.o)
 .got2          0x0000000080033f20        0x4 /usr/local/xenon/xenon/lib/32/libc.a(lib_a-sprintf.o)
 .got2          0x0000000080033f24       0x30 /usr/local/xenon/xenon/lib/32/libc.a(lib_a-svfprintf.o)
 .got2          0x0000000080033f54       0x1c /usr/local/xenon/xenon/lib/32/libc.a(lib_a-vfiprintf.o)
 .got2          0x0000000080033f70       0x34 /usr/local/xenon/xenon/lib/32/libc.a(lib_a-vfprintf.o)
 .got2          0x0000000080033fa4        0x4 /usr/local/xenon/xenon/lib/32/libc.a(lib_a-vprintf.o)
 .got2          0x0000000080033fa8        0x4 /usr/local/xenon/xenon/lib/32/libc.a(lib_a-wbuf.o)