Archive member included because of file (symbol)

/usr/local/xenon/usr/lib/libxenon.a(argv.o)
                              /usr/local/xenon/lib/gcc/xenon/4.6.1/../../../../xenon/lib/../lib/crt1.o (__check_argv)
/usr/local/xenon/usr/lib/libxenon.a(startup_from_xell.o)
                              (_start)
/usr/local/xenon/usr/lib/libxenon.a(console.o)
                              main.o (console_clrscr)
/usr/local/xenon/usr/lib/libxenon.a(newlib.o)
                              /usr/local/xenon/usr/lib/libxenon.a(console.o) (stdout_hook)
/usr/local/xenon/usr/lib/libxenon.a(xenon_syscalls.o)
                              /usr/local/xenon/usr/lib/libxenon.a(newlib.o) (__syscalls)
/usr/local/xenon/usr/lib/libxenon.a(atomic.o)
                              /usr/local/xenon/usr/lib/libxenon.a(startup_from_xell.o) (atomic_clearset)
/usr/local/xenon/usr/lib/libxenon.a(cache.o)
                              /usr/local/xenon/usr/lib/libxenon.a(console.o) (memdcbst)
/usr/local/xenon/usr/lib/libxenon.a(except.o)
                              (exc_base)
/usr/local/xenon/usr/lib/libxenon.a(c_except.o)
                              /usr/local/xenon/usr/lib/libxenon.a(except.o) (crashdump)
/usr/local/xenon/usr/lib/libxenon.a(vm.o)
                              /usr/local/xenon/usr/lib/libxenon.a(except.o) (vm_segfault_handler)
/usr/local/xenon/usr/lib/libxenon.a(usbmain.o)
                              /usr/local/xenon/usr/lib/libxenon.a(xenon_syscalls.o) (usb_shutdown)
/usr/local/xenon/usr/lib/libxenon.a(tinyehci.o)
                              /usr/local/xenon/usr/lib/libxenon.a(usbmain.o) (USBStorage_Init)
/usr/local/xenon/usr/lib/libxenon.a(xenon_smc.o)
                              /usr/local/xenon/usr/lib/libxenon.a(xenon_syscalls.o) (xenon_smc_send_message)
/usr/local/xenon/usr/lib/libxenon.a(xenon_power.o)
                              /usr/local/xenon/usr/lib/libxenon.a(xenon_syscalls.o) (xenon_is_thread_task_running)
/usr/local/xenon/usr/lib/libxenon.a(xenon_uart.o)
                              /usr/local/xenon/usr/lib/libxenon.a(newlib.o) (putch)
/usr/local/xenon/usr/lib/libxenon.a(xenon_config.o)
                              /usr/local/xenon/usr/lib/libxenon.a(xenon_power.o) (xenon_config_init)
/usr/local/xenon/usr/lib/libxenon.a(xenos.o)
                              main.o (xenos_init)
/usr/local/xenon/usr/lib/libxenon.a(xenos_edid.o)
                              /usr/local/xenon/usr/lib/libxenon.a(xenos.o) (xenos_get_edid)
/usr/local/xenon/usr/lib/libxenon.a(enet.o)
                              /usr/local/xenon/usr/lib/libxenon.a(xenon_syscalls.o) (enet_quiesce)
/usr/local/xenon/usr/lib/libxenon.a(elf.o)
                              main.o (elf_runFromMemory)
/usr/local/xenon/usr/lib/libxenon.a(elf_run.o)
                              /usr/local/xenon/usr/lib/libxenon.a(elf.o) (elf_hold_thread)
/usr/local/xenon/usr/lib/libxenon.a(fdt_ro.o)
                              /usr/local/xenon/usr/lib/libxenon.a(elf.o) (fdt_path_offset)
/usr/local/xenon/usr/lib/libxenon.a(fdt_rw.o)
                              /usr/local/xenon/usr/lib/libxenon.a(elf.o) (fdt_add_mem_rsv)
/usr/local/xenon/usr/lib/libxenon.a(fdt_wip.o)
                              /usr/local/xenon/usr/lib/libxenon.a(fdt_rw.o) (_fdt_node_end_offset)
/usr/local/xenon/usr/lib/libxenon.a(xb360.o)
                              /usr/local/xenon/usr/lib/libxenon.a(xenos.o) (xenon_get_XenosID)
/usr/local/xenon/usr/lib/libxenon.a(lib_malloc.o)
                              /usr/local/xenon/usr/lib/libxenon.a(usbmain.o) (kmem_init)
/usr/local/xenon/usr/lib/libxenon.a(io.o)
                              /usr/local/xenon/usr/lib/libxenon.a(usbmain.o) (read32)
/usr/local/xenon/usr/lib/libxenon.a(time.o)
                              /usr/local/xenon/usr/lib/libxenon.a(xenon_power.o) (udelay)
/usr/local/xenon/usr/lib/libxenon.a(ohci.o)
                              /usr/local/xenon/usr/lib/libxenon.a(usbmain.o) (ohci_driver)
/usr/local/xenon/usr/lib/libxenon.a(usbd.o)
                              /usr/local/xenon/usr/lib/libxenon.a(usbmain.o) (usb_poll)
/usr/local/xenon/usr/lib/libxenon.a(usbdevs.o)
                              /usr/local/xenon/usr/lib/libxenon.a(usbd.o) (usb_find_driver)
/usr/local/xenon/usr/lib/libxenon.a(usbhid.o)
                              /usr/local/xenon/usr/lib/libxenon.a(usbdevs.o) (usbhid_driver)
/usr/local/xenon/usr/lib/libxenon.a(usbhub.o)
                              /usr/local/xenon/usr/lib/libxenon.a(usbd.o) (usb_scan)
/usr/local/xenon/usr/lib/libxenon.a(usb_os.o)
                              /usr/local/xenon/usr/lib/libxenon.a(tinyehci.o) (ehci_maligned)
/usr/local/xenon/usr/lib/libxenon.a(xenon_gpio.o)
                              /usr/local/xenon/usr/lib/libxenon.a(enet.o) (xenon_gpio_control)
/usr/local/xenon/usr/lib/libxenon.a(cpusleep.o)
                              /usr/local/xenon/usr/lib/libxenon.a(xenon_power.o) (cpusleep)
/usr/local/xenon/usr/lib/libxenon.a(xenon_secotp.o)
[...]
Memory Configuration

Name             Origin             Length             Attributes
*default*        0x0000000000000000 0xffffffffffffffff

Linker script and memory map

LOAD /usr/local/xenon/lib/gcc/xenon/4.6.1/../../../../xenon/lib/../lib/crt1.o
LOAD /usr/local/xenon/lib/gcc/xenon/4.6.1/../../../../xenon/lib/../lib/crti.o
LOAD /usr/local/xenon/lib/gcc/xenon/4.6.1/32/crtbegin.o
LOAD main.o
LOAD /usr/local/xenon/usr/lib/libxenon.a
LOAD /usr/local/xenon/xenon/lib/32/libm.a
LOAD /usr/local/xenon/lib/gcc/xenon/4.6.1/32/libgcc.a
LOAD /usr/local/xenon/xenon/lib/32/libc.a
LOAD /usr/local/xenon/lib/gcc/xenon/4.6.1/32/libgcc.a
LOAD /usr/local/xenon/lib/gcc/xenon/4.6.1/32/crtend.o
LOAD /usr/local/xenon/lib/gcc/xenon/4.6.1/../../../../xenon/lib/../lib/crtn.o
                0x0000000080000000                . = 0x80000000

.text           0x0000000080000000    0x14b48
 *(.except*)
 .except        0x0000000080000000     0x1e1c /usr/local/xenon/usr/lib/libxenon.a(except.o)
                0x0000000080000000                secondary_lock
                0x0000000080000000                exc_base
                0x0000000080000004                secondary_alive
 *(.pagetable)
 .pagetable     0x0000000080001e1c       0x40 /usr/local/xenon/usr/lib/libxenon.a(vm.o)
                0x0000000080001e1c                pagetable
                0x0000000080001e5c                pagetable_end = .
 *(.text*)
 .text.call_ctors
                0x0000000080001e5c       0x48 /usr/local/xenon/lib/gcc/xenon/4.6.1/../../../../xenon/lib/../lib/crt1.o
                0x0000000080001e5c                call_ctors
 .text.c_register_frame
                0x0000000080001ea4       0x28 /usr/local/xenon/lib/gcc/xenon/4.6.1/../../../../xenon/lib/../lib/crt1.o
                0x0000000080001ea4                c_register_frame
 .text.__crtmain
                0x0000000080001ecc       0x2c /usr/local/xenon/lib/gcc/xenon/4.6.1/../../../../xenon/lib/../lib/crt1.o
                0x0000000080001ecc                __crtmain
 .text.videoInit
                0x0000000080001ef8       0x28 main.o
                0x0000000080001ef8                videoInit
 .text.checkIsELF
                0x0000000080001f20       0x5c main.o
                0x0000000080001f20                checkIsELF
 *fill*         0x0000000080001f7c        0x4 00
 .text.startup.main
                0x0000000080001f80       0xe0 main.o
                0x0000000080001f80                main
 .text.__check_argv
                0x0000000080002060       0x28 /usr/local/xenon/usr/lib/libxenon.a(argv.o)
                0x0000000080002060                __check_argv
 *fill*         0x0000000080002088       0x78 00
 .text          0x0000000080002100      0x2f4 /usr/local/xenon/usr/lib/libxenon.a(startup_from_xell.o)
                0x0000000080002100                _start
                0x00000000800022f8                wait
                0x0000000080002380                return_to_xell
 .text.console_pset32
                0x00000000800023f4       0x54 /usr/local/xenon/usr/lib/libxenon.a(console.o)
 .text.console_clrscr
                0x0000000080002448       0x80 /usr/local/xenon/usr/lib/libxenon.a(console.o)
                0x0000000080002448                console_clrscr
 .text.console_newline
                0x00000000800024c8       0xe8 /usr/local/xenon/usr/lib/libxenon.a(console.o)
                0x00000000800024c8                console_newline
 .text.console_putch
                0x00000000800025b0      0x120 /usr/local/xenon/usr/lib/libxenon.a(console.o)
                0x00000000800025b0                console_putch
 .text.console_stdout_hook
                0x00000000800026d0       0x40 /usr/local/xenon/usr/lib/libxenon.a(console.o)
 .text.console_init
                0x0000000080002710      0x13c /usr/local/xenon/usr/lib/libxenon.a(console.o)
                0x0000000080002710                console_init
 .text.console_set_colors
                0x000000008000284c       0x14 /usr/local/xenon/usr/lib/libxenon.a(console.o)
                0x000000008000284c                console_set_colors
 .text.vfs_console_write
                0x0000000080002860       0x64 /usr/local/xenon/usr/lib/libxenon.a(newlib.o)
                0x0000000080002860                vfs_console_write
 .text.__malloc_lock
                0x00000000800028c4       0x34 /usr/local/xenon/usr/lib/libxenon.a(newlib.o)
                0x00000000800028c4                __malloc_lock
 .text.__malloc_unlock
                0x00000000800028f8       0x34 /usr/local/xenon/usr/lib/libxenon.a(newlib.o)
                0x00000000800028f8                __malloc_unlock
 .text._exit    0x000000008000292c       0x38 /usr/local/xenon/usr/lib/libxenon.a(newlib.o)
                0x000000008000292c                _exit
 .text.sbrk     0x0000000080002964       0x50 /usr/local/xenon/usr/lib/libxenon.a(newlib.o)
                0x0000000080002964                sbrk
 .text.abort    0x00000000800029b4       0x2c /usr/local/xenon/usr/lib/libxenon.a(newlib.o)
                0x00000000800029b4                abort
 .text.isatty   0x00000000800029e0        0x8 /usr/local/xenon/usr/lib/libxenon.a(newlib.o)
                0x00000000800029e0                isatty
 .text.__release_handle
                0x00000000800029e8       0x4c /usr/local/xenon/usr/lib/libxenon.a(newlib.o)
                0x00000000800029e8                __release_handle
 .text.__get_handle
                0x0000000080002a34       0x24 /usr/local/xenon/usr/lib/libxenon.a(newlib.o)
                0x0000000080002a34                __get_handle
 .text.read     0x0000000080002a58       0x98 /usr/local/xenon/usr/lib/libxenon.a(newlib.o)
                0x0000000080002a58                read
 .text.write    0x0000000080002af0       0x9c /usr/local/xenon/usr/lib/libxenon.a(newlib.o)
                0x0000000080002af0                write
 .text.fstat    0x0000000080002b8c       0x9c /usr/local/xenon/usr/lib/libxenon.a(newlib.o)
                0x0000000080002b8c                fstat
 .text.lseek    0x0000000080002c28       0x98 /usr/local/xenon/usr/lib/libxenon.a(newlib.o)
                0x0000000080002c28                lseek
 .text.close    0x0000000080002cc0       0x80 /usr/local/xenon/usr/lib/libxenon.a(newlib.o)
                0x0000000080002cc0                close
 .text.xenon_sbrk
                0x0000000080002d40       0x2c /usr/local/xenon/usr/lib/libxenon.a(xenon_syscalls.o)
 .text.xenon_gettimeofday
                0x0000000080002d6c       0xa4 /usr/local/xenon/usr/lib/libxenon.a(xenon_syscalls.o)
 .text.xenon_malloc_unlock
                0x0000000080002e10       0xac /usr/local/xenon/usr/lib/libxenon.a(xenon_syscalls.o)
 .text.xenon_malloc_lock
                0x0000000080002ebc       0x94 /usr/local/xenon/usr/lib/libxenon.a(xenon_syscalls.o)
 .text.shutdown_drivers
                0x0000000080002f50       0x24 /usr/local/xenon/usr/lib/libxenon.a(xenon_syscalls.o)
                0x0000000080002f50                shutdown_drivers
 .text.try_return_to_xell
                0x0000000080002f74       0x50 /usr/local/xenon/usr/lib/libxenon.a(xenon_syscalls.o)
                0x0000000080002f74                try_return_to_xell
 .text.xenon_exit
                0x0000000080002fc4      0x154 /usr/local/xenon/usr/lib/libxenon.a(xenon_syscalls.o)
 .text          0x0000000080003118       0x84 /usr/local/xenon/usr/lib/libxenon.a(atomic.o)
                0x0000000080003118                atomic_inc
                0x000000008000312c                atomic_dec
                0x0000000080003140                atomic_clearset
                0x0000000080003158                lock
                0x000000008000318c                unlock
 .text          0x000000008000319c       0xa8 /usr/local/xenon/usr/lib/libxenon.a(cache.o)
                0x000000008000319c                memdcbt
                0x00000000800031c4                memdcbst
                0x00000000800031ec                memdcbf
                0x0000000080003214                memicbi
 .text.flush_console
                0x0000000080003244       0x4c /usr/local/xenon/usr/lib/libxenon.a(c_except.o)
 .text.crashdump
                0x0000000080003290      0x2bc /usr/local/xenon/usr/lib/libxenon.a(c_except.o)
                0x0000000080003290                crashdump
 .text.usb_shutdown
                0x000000008000354c       0xb4 /usr/local/xenon/usr/lib/libxenon.a(usbmain.o)
                0x000000008000354c                usb_shutdown
 .text.xenon_smc_send_message
                0x0000000080003600       0x98 /usr/local/xenon/usr/lib/libxenon.a(xenon_smc.o)
                0x0000000080003600                xenon_smc_send_message
 .text.xenon_smc_receive_message
                0x0000000080003698       0x80 /usr/local/xenon/usr/lib/libxenon.a(xenon_smc.o)
                0x0000000080003698                xenon_smc_receive_message
 .text.xenon_smc_handle_bulk
                0x0000000080003718       0x90 /usr/local/xenon/usr/lib/libxenon.a(xenon_smc.o)
                0x0000000080003718                xenon_smc_handle_bulk
 .text.xenon_smc_receive_response
                0x00000000800037a8       0x48 /usr/local/xenon/usr/lib/libxenon.a(xenon_smc.o)
                0x00000000800037a8                xenon_smc_receive_response
 .text.xenon_smc_ana_write
                0x00000000800037f0       0x9c /usr/local/xenon/usr/lib/libxenon.a(xenon_smc.o)
                0x00000000800037f0                xenon_smc_ana_write
 .text.xenon_smc_ana_read
                0x000000008000388c       0xc0 /usr/local/xenon/usr/lib/libxenon.a(xenon_smc.o)
                0x000000008000388c                xenon_smc_ana_read
 .text.xenon_smc_i2c_ddc_lock
                0x000000008000394c       0x78 /usr/local/xenon/usr/lib/libxenon.a(xenon_smc.o)
                0x000000008000394c                xenon_smc_i2c_ddc_lock
 .text.xenon_smc_i2c_write
                0x00000000800039c4       0xb0 /usr/local/xenon/usr/lib/libxenon.a(xenon_smc.o)
                0x00000000800039c4                xenon_smc_i2c_write
 .text.xenon_smc_i2c_read
                0x0000000080003a74       0xc8 /usr/local/xenon/usr/lib/libxenon.a(xenon_smc.o)
                0x0000000080003a74                xenon_smc_i2c_read
 .text.xenon_smc_power_shutdown
                0x0000000080003b3c       0x40 /usr/local/xenon/usr/lib/libxenon.a(xenon_smc.o)
                0x0000000080003b3c                xenon_smc_power_shutdown
 .text.xenon_smc_power_reboot
                0x0000000080003b7c       0x48 /usr/local/xenon/usr/lib/libxenon.a(xenon_smc.o)
                0x0000000080003b7c                xenon_smc_power_reboot
 .text.xenon_smc_read_avpack
                0x0000000080003bc4       0x48 /usr/local/xenon/usr/lib/libxenon.a(xenon_smc.o)
                0x0000000080003bc4                xenon_smc_read_avpack
 .text.prepare_sleep
                0x0000000080003c0c       0x70 /usr/local/xenon/usr/lib/libxenon.a(xenon_power.o)
                0x0000000080003c0c                prepare_sleep
 .text.xenon_thread_sleep
                0x0000000080003c7c       0x5c /usr/local/xenon/usr/lib/libxenon.a(xenon_power.o)
                0x0000000080003c7c                xenon_thread_sleep
 .text.xenon_run_thread_task
                0x0000000080003cd8       0x38 /usr/local/xenon/usr/lib/libxenon.a(xenon_power.o)
                0x0000000080003cd8                xenon_run_thread_task
 .text.xenon_is_thread_task_running
                0x0000000080003d10       0x20 /usr/local/xenon/usr/lib/libxenon.a(xenon_power.o)
                0x0000000080003d10                xenon_is_thread_task_running
 .text.xenon_thread_startup
                0x0000000080003d30       0x4c /usr/local/xenon/usr/lib/libxenon.a(xenon_power.o)
                0x0000000080003d30                xenon_thread_startup
 .text.xenon_set_single_thread_mode
                0x0000000080003d7c       0x94 /usr/local/xenon/usr/lib/libxenon.a(xenon_power.o)
                0x0000000080003d7c                xenon_set_single_thread_mode
 .text.putch    0x0000000080003e10       0x58 /usr/local/xenon/usr/lib/libxenon.a(xenon_uart.o)
                0x0000000080003e10                putch
 .text.kbhit    0x0000000080003e68       0x24 /usr/local/xenon/usr/lib/libxenon.a(xenon_uart.o)
                0x0000000080003e68                kbhit
 .text.getch    0x0000000080003e8c       0x38 /usr/local/xenon/usr/lib/libxenon.a(xenon_uart.o)
                0x0000000080003e8c                getch
 .text.xenon_config_init
                0x0000000080003ec4       0xa0 /usr/local/xenon/usr/lib/libxenon.a(xenon_config.o)
                0x0000000080003ec4                xenon_config_init
 .text.xenon_config_get_avregion
                0x0000000080003f64       0x94 /usr/local/xenon/usr/lib/libxenon.a(xenon_config.o)
                0x0000000080003f64                xenon_config_get_avregion
 .text.xenos_write32
                0x0000000080003ff8       0x24 /usr/local/xenon/usr/lib/libxenon.a(xenos.o)
                0x0000000080003ff8                xenos_write32
 .text.xenos_read32
                0x000000008000401c       0x24 /usr/local/xenon/usr/lib/libxenon.a(xenos.o)
                0x000000008000401c                xenos_read32
 .text.xenos_ana_write
                0x0000000080004040       0x60 /usr/local/xenon/usr/lib/libxenon.a(xenos.o)
 .text.xenos_init_ana_new
                0x00000000800040a0      0x334 /usr/local/xenon/usr/lib/libxenon.a(xenos.o)
                0x00000000800040a0                xenos_init_ana_new
 .text.xenos_init_phase0
                0x00000000800043d4       0x98 /usr/local/xenon/usr/lib/libxenon.a(xenos.o)
                0x00000000800043d4                xenos_init_phase0
 .text.xenos_init_phase1
                0x000000008000446c      0x3b0 /usr/local/xenon/usr/lib/libxenon.a(xenos.o)
                0x000000008000446c                xenos_init_phase1
 .text.xenos_ana_preinit
                0x000000008000481c       0xd0 /usr/local/xenon/usr/lib/libxenon.a(xenos.o)
                0x000000008000481c                xenos_ana_preinit
 .text.xenos_set_mode_f1
                0x00000000800048ec      0x148 /usr/local/xenon/usr/lib/libxenon.a(xenos.o)
                0x00000000800048ec                xenos_set_mode_f1
 .text.xenos_set_mode_f2
                0x0000000080004a34      0x304 /usr/local/xenon/usr/lib/libxenon.a(xenos.o)
                0x0000000080004a34                xenos_set_mode_f2
 .text.xenos_set_mode
                0x0000000080004d38      0x348 /usr/local/xenon/usr/lib/libxenon.a(xenos.o)
                0x0000000080004d38                xenos_set_mode
 .text.xenos_autoset_mode
                0x0000000080005080      0x124 /usr/local/xenon/usr/lib/libxenon.a(xenos.o)
                0x0000000080005080                xenos_autoset_mode
 .text.xenos_init
                0x00000000800051a4       0xe0 /usr/local/xenon/usr/lib/libxenon.a(xenos.o)
                0x00000000800051a4                xenos_init
 .text.xenos_is_overscan
                0x0000000080005284       0x44 /usr/local/xenon/usr/lib/libxenon.a(xenos.o)
                0x0000000080005284                xenos_is_overscan
 .text.xenos_do_probe_ddc_edid
                0x00000000800052c8      0x1a0 /usr/local/xenon/usr/lib/libxenon.a(xenos_edid.o)
                0x00000000800052c8                xenos_do_probe_ddc_edid
 .text.xenos_ddc_read_edid
                0x0000000080005468      0x178 /usr/local/xenon/usr/lib/libxenon.a(xenos_edid.o)
 .text.xenos_get_edid
                0x00000000800055e0       0xa4 /usr/local/xenon/usr/lib/libxenon.a(xenos_edid.o)
                0x00000000800055e0                xenos_get_edid
 .text.xenos_detect_hdmi_monitor
                0x0000000080005684       0xe4 /usr/local/xenon/usr/lib/libxenon.a(xenos_edid.o)
                0x0000000080005684                xenos_detect_hdmi_monitor
 .text.enet_quiesce
                0x0000000080005768       0x3c /usr/local/xenon/usr/lib/libxenon.a(enet.o)
                0x0000000080005768                enet_quiesce
 .text.elf_runFromMemory
                0x00000000800057a4       0xd4 /usr/local/xenon/usr/lib/libxenon.a(elf.o)
                0x00000000800057a4                elf_runFromMemory
 .text.xenon_get_PCIBridgeRevisionID
                0x0000000080005878       0x2c /usr/local/xenon/usr/lib/libxenon.a(xb360.o)
                0x0000000080005878                xenon_get_PCIBridgeRevisionID
 .text.xenon_get_XenosID
                0x00000000800058a4       0x28 /usr/local/xenon/usr/lib/libxenon.a(xb360.o)
                0x00000000800058a4                xenon_get_XenosID
 .text.read32   0x00000000800058cc        0x8 /usr/local/xenon/usr/lib/libxenon.a(io.o)
                0x00000000800058cc                read32
 .text.read32n  0x00000000800058d4        0x8 /usr/local/xenon/usr/lib/libxenon.a(io.o)
                0x00000000800058d4                read32n
 .text.write32  0x00000000800058dc        0x8 /usr/local/xenon/usr/lib/libxenon.a(io.o)
                0x00000000800058dc                write32
 .text.write32n
                0x00000000800058e4        0x8 /usr/local/xenon/usr/lib/libxenon.a(io.o)
                0x00000000800058e4                write32n
 .text.tdelay   0x00000000800058ec       0x48 /usr/local/xenon/usr/lib/libxenon.a(time.o)
 .text.udelay   0x0000000080005934       0x24 /usr/local/xenon/usr/lib/libxenon.a(time.o)
                0x0000000080005934                udelay
 .text.mdelay   0x0000000080005958       0x18 /usr/local/xenon/usr/lib/libxenon.a(time.o)
                0x0000000080005958                mdelay
 .text.delay    0x0000000080005970       0x18 /usr/local/xenon/usr/lib/libxenon.a(time.o)
                0x0000000080005970                delay
 .text.xenon_gpio_set_oe
                0x0000000080005988       0x44 /usr/local/xenon/usr/lib/libxenon.a(xenon_gpio.o)
                0x0000000080005988                xenon_gpio_set_oe
 .text.xenon_gpio_set
                0x00000000800059cc       0x44 /usr/local/xenon/usr/lib/libxenon.a(xenon_gpio.o)
                0x00000000800059cc                xenon_gpio_set
 .text          0x0000000080005a10       0x3c /usr/local/xenon/usr/lib/libxenon.a(cpusleep.o)
                0x0000000080005a10                cpusleep
 .text.sfcx_read_page
                0x0000000080005a4c      0x148 /usr/local/xenon/usr/lib/libxenon.a(xenon_sfcx.o)
                0x0000000080005a4c                sfcx_read_page
 .text.sfcx_init
                0x0000000080005b94      0x2d4 /usr/local/xenon/usr/lib/libxenon.a(xenon_sfcx.o)
                0x0000000080005b94                sfcx_init
 .text          0x0000000080005e68       0x4c /usr/local/xenon/lib/gcc/xenon/4.6.1/32/libgcc.a(crtsavgpr.o)
                0x0000000080005e68                _savegpr_14
                0x0000000080005e6c                _savegpr_15
                0x0000000080005e70                _savegpr_16
                0x0000000080005e74                _savegpr_17
                0x0000000080005e78                _savegpr_18
                0x0000000080005e7c                _savegpr_19
                0x0000000080005e80                _savegpr_20
                0x0000000080005e84                _savegpr_21
                0x0000000080005e88                _savegpr_22
                0x0000000080005e8c                _savegpr_23
                0x0000000080005e90                _savegpr_24
                0x0000000080005e94                _savegpr_25
                0x0000000080005e98                _savegpr_26
                0x0000000080005e9c                _savegpr_27
                0x0000000080005ea0                _savegpr_28
                0x0000000080005ea4                _savegpr_29
                0x0000000080005ea8                _savegpr_30
                0x0000000080005eac                _savegpr_31
 .text          0x0000000080005eb4       0x58 /usr/local/xenon/lib/gcc/xenon/4.6.1/32/libgcc.a(crtresxgpr.o)
                0x0000000080005eb4                _restgpr_14_x
                0x0000000080005eb8                _restgpr_15_x
                0x0000000080005ebc                _restgpr_16_x
                0x0000000080005ec0                _restgpr_17_x
                0x0000000080005ec4                _restgpr_18_x
                0x0000000080005ec8                _restgpr_19_x
                0x0000000080005ecc                _restgpr_20_x
                0x0000000080005ed0                _restgpr_21_x
                0x0000000080005ed4                _restgpr_22_x
                0x0000000080005ed8                _restgpr_23_x
                0x0000000080005edc                _restgpr_24_x
                0x0000000080005ee0                _restgpr_25_x
                0x0000000080005ee4                _restgpr_26_x
                0x0000000080005ee8                _restgpr_27_x
                0x0000000080005eec                _restgpr_28_x
                0x0000000080005ef0                _restgpr_29_x
                0x0000000080005ef4                _restgpr_30_x
                0x0000000080005ef8                _restgpr_31_x
 *fill*         0x0000000080005f0c        0x4 00
 .text          0x0000000080005f10     0x1ae0 /usr/local/xenon/lib/gcc/xenon/4.6.1/32/libgcc.a(unwind-dw2-fde-glibc.o)
                0x000000008000748c                __register_frame_info_bases
                0x0000000080007500                __register_frame_info
                0x0000000080007528                __register_frame
                0x0000000080007574                __register_frame_info_table_bases
                0x00000000800075d8                __register_frame_info_table
                0x0000000080007600                __register_frame_table
                0x0000000080007644                __deregister_frame_info_bases
                0x0000000080007790                __deregister_frame_info
                0x00000000800077b0                __deregister_frame
                0x00000000800077e4                _Unwind_Find_FDE
 .text          0x00000000800079f0       0x88 /usr/local/xenon/xenon/lib/32/libc.a(lib_a-assert.o)
                0x00000000800079f4                __assert_func
                0x0000000080007a60                __assert
 .text          0x0000000080007a78       0x58 /usr/local/xenon/xenon/lib/32/libc.a(lib_a-exit.o)
                0x0000000080007a7c                exit
 .text          0x0000000080007ad0      0x130 /usr/local/xenon/xenon/lib/32/libc.a(lib_a-fiprintf.o)
                0x0000000080007ad0                _fiprintf_r
                0x0000000080007b54                fiprintf
 .text          0x0000000080007c00       0x90 /usr/local/xenon/xenon/lib/32/libc.a(lib_a-malloc.o)
                0x0000000080007c04                malloc
                0x0000000080007c4c                free
 .text          0x0000000080007c90      0x890 /usr/local/xenon/xenon/lib/32/libc.a(lib_a-mallocr.o)
                0x0000000080007c94                _malloc_r
 .text          0x0000000080008520      0x130 /usr/local/xenon/xenon/lib/32/libc.a(lib_a-memchr.o)
                0x0000000080008520                memchr
 .text          0x0000000080008650       0xe0 /usr/local/xenon/xenon/lib/32/libc.a(lib_a-memcmp.o)
                0x0000000080008650                memcmp
 .text          0x0000000080008730      0x128 /usr/local/xenon/xenon/lib/32/libc.a(lib_a-memcpy.o)
                0x0000000080008730                memcpy
 .text          0x0000000080008858      0x198 /usr/local/xenon/xenon/lib/32/libc.a(lib_a-memmove.o)
                0x0000000080008858                memmove
 .text          0x00000000800089f0      0x134 /usr/local/xenon/xenon/lib/32/libc.a(lib_a-memset.o)
                0x00000000800089f0                memset
 *fill*         0x0000000080008b24        0x4 00
 .text          0x0000000080008b28      0x138 /usr/local/xenon/xenon/lib/32/libc.a(lib_a-printf.o)
                0x0000000080008b28                _printf_r
                0x0000000080008bb4                printf
 .text          0x0000000080008c60       0x74 /usr/local/xenon/xenon/lib/32/libc.a(lib_a-putchar.o)
                0x0000000080008c60                _putchar_r
                0x0000000080008c8c                putchar
 *fill*         0x0000000080008cd4        0x4 00
 .text          0x0000000080008cd8      0x204 /usr/local/xenon/xenon/lib/32/libc.a(lib_a-putc.o)
                0x0000000080008cd8                _putc_r
                0x0000000080008dbc                putc
 *fill*         0x0000000080008edc        0x4 00
 .text          0x0000000080008ee0      0x128 /usr/local/xenon/xenon/lib/32/libc.a(lib_a-puts.o)
                0x0000000080008ee4                _puts_r
                0x0000000080008fc4                puts
 .text          0x0000000080009008       0x94 /usr/local/xenon/xenon/lib/32/libc.a(lib_a-sbrkr.o)
                0x000000008000900c                _sbrk_r
 *fill*         0x000000008000909c        0x4 00
 .text          0x00000000800090a0      0x1a8 /usr/local/xenon/xenon/lib/32/libc.a(lib_a-sprintf.o)
                0x00000000800090a0                _sprintf_r
                0x0000000080009164                sprintf
 .text          0x0000000080009248       0xb0 /usr/local/xenon/xenon/lib/32/libc.a(lib_a-strcat.o)
                0x0000000080009248                strcat
 .text          0x00000000800092f8      0x10c /usr/local/xenon/xenon/lib/32/libc.a(lib_a-strcmp.o)
                0x00000000800092f8                strcmp
 *fill*         0x0000000080009404        0x4 00
 .text          0x0000000080009408       0xa4 /usr/local/xenon/xenon/lib/32/libc.a(lib_a-strcpy.o)
                0x0000000080009408                strcpy
 *fill*         0x00000000800094ac        0x4 00
 .text          0x00000000800094b0      0x100 /usr/local/xenon/xenon/lib/32/libc.a(lib_a-strlen.o)
                0x00000000800094b0                strlen
 .text          0x00000000800095b0     0x2318 /usr/local/xenon/xenon/lib/32/libc.a(lib_a-svfprintf.o)
                0x0000000080009894                _svfprintf_r
 .text          0x000000008000b8c8     0x153c /usr/local/xenon/xenon/lib/32/libc.a(lib_a-vfiprintf.o)
                0x000000008000b934                _vfiprintf_r
                0x000000008000cdb4                vfiprintf
 *fill*         0x000000008000ce04        0x4 00
 .text          0x000000008000ce08     0x21e4 /usr/local/xenon/xenon/lib/32/libc.a(lib_a-vfprintf.o)
                0x000000008000ce74                _vfprintf_r
                0x000000008000ef9c                vfprintf
 *fill*         0x000000008000efec        0x4 00
 .text          0x000000008000eff0      0x21c /usr/local/xenon/xenon/lib/32/libc.a(lib_a-wbuf.o)
                0x000000008000eff0                __swbuf_r
                0x000000008000f1c4                __swbuf
 *fill*         0x000000008000f20c        0x4 00
 .text          0x000000008000f210      0x1b0 /usr/local/xenon/xenon/lib/32/libc.a(lib_a-wsetup.o)
                0x000000008000f214                __swsetup_r
 .text          0x000000008000f3c0      0x1f8 /usr/local/xenon/xenon/lib/32/libc.a(lib_a-__call_atexit.o)
                0x000000008000f3c4                __call_exitprocs
 .text          0x000000008000f5b8     0x14dc /usr/local/xenon/xenon/lib/32/libc.a(lib_a-dtoa.o)
                0x000000008000f80c                _dtoa_r
 *fill*         0x0000000080010a94        0x4 00
 .text          0x0000000080010a98      0x334 /usr/local/xenon/xenon/lib/32/libc.a(lib_a-fflush.o)
                0x0000000080010a98                _fflush_r
                0x0000000080010d5c                fflush
 *fill*         0x0000000080010dcc        0x4 00
 .text          0x0000000080010dd0      0x48c /usr/local/xenon/xenon/lib/32/libc.a(lib_a-findfp.o)
                0x0000000080010de4                _cleanup_r
                0x0000000080010ec0                __sfmoreglue
                0x0000000080010f44                _cleanup
                0x0000000080010f88                __sfp_lock_acquire
                0x0000000080010f90                __sfp_lock_release
                0x0000000080010f98                __sinit_lock_acquire
                0x0000000080010fa0                __sinit_lock_release
                0x0000000080010fac                __sinit
                0x000000008001105c                __sfp
                0x00000000800111c4                __fp_lock_all
                0x0000000080011214                __fp_unlock_all
 *fill*         0x000000008001125c        0x4 00
 .text          0x0000000080011260      0x418 /usr/local/xenon/xenon/lib/32/libc.a(lib_a-freer.o)
                0x0000000080011264                _malloc_trim_r
                0x00000000800113bc                _free_r
 .text          0x0000000080011678      0x57c /usr/local/xenon/xenon/lib/32/libc.a(lib_a-fvwrite.o)
                0x0000000080011678                __sfvwrite_r
 *fill*         0x0000000080011bf4        0x4 00
 .text          0x0000000080011bf8      0x19c /usr/local/xenon/xenon/lib/32/libc.a(lib_a-fwalk.o)
                0x0000000080011bf8                _fwalk
                0x0000000080011cc0                _fwalk_reent
 *fill*         0x0000000080011d94        0x4 00
 .text          0x0000000080011d98      0x1cc /usr/local/xenon/xenon/lib/32/libc.a(lib_a-locale.o)
                0x0000000080011d9c                _setlocale_r
                0x0000000080011e54                __locale_charset
                0x0000000080011e94                _localeconv_r
                0x0000000080011ed4                setlocale
                0x0000000080011f24                localeconv
 *fill*         0x0000000080011f64        0x4 00
 .text          0x0000000080011f68      0x220 /usr/local/xenon/xenon/lib/32/libc.a(lib_a-makebuf.o)
                0x0000000080011f6c                __smakebuf_r
 .text          0x0000000080012188     0x1308 /usr/local/xenon/xenon/lib/32/libc.a(lib_a-mprec.o)
                0x0000000080012188                _Balloc
                0x0000000080012250                _Bfree
                0x0000000080012278                __multadd
                0x00000000800123a0                __s2b
                0x00000000800124f0                __hi0bits
                0x0000000080012568                __lo0bits
                0x0000000080012648                __i2b
                0x0000000080012688                __multiply
                0x00000000800128ec                __pow5mult
                0x0000000080012a40                __lshift
                0x0000000080012bc0                __mcmp
                0x0000000080012c20                __mdiff
                0x0000000080012e08                __ulp
                0x0000000080012ea0                __b2d
                0x0000000080013020                __d2b
                0x00000000800131c0                __ratio
                0x00000000800132ac                _mprec_log10
                0x0000000080013328                __copybits
                0x00000000800133b0                __any_on
 .text          0x0000000080013490      0x630 /usr/local/xenon/xenon/lib/32/libc.a(lib_a-reallocr.o)
                0x0000000080013494                _realloc_r
 .text          0x0000000080013ac0       0x44 /usr/local/xenon/xenon/lib/32/libc.a(lib_a-s_isinfd.o)
                0x0000000080013ac0                __isinfd
 *fill*         0x0000000080013b04        0x4 00
 .text          0x0000000080013b08       0x38 /usr/local/xenon/xenon/lib/32/libc.a(lib_a-s_isnand.o)
                0x0000000080013b08                __isnand
 .text          0x0000000080013b40      0x1a8 /usr/local/xenon/xenon/lib/32/libc.a(lib_a-stdio.o)
                0x0000000080013b40                __sread
                0x0000000080013ba8                __swrite
                0x0000000080013c50                __sseek
                0x0000000080013cc0                __sclose
 .text          0x0000000080013ce8       0x9c /usr/local/xenon/xenon/lib/32/libc.a(lib_a-writer.o)
                0x0000000080013cec                _write_r
 *fill*         0x0000000080013d84        0x4 00
 .text          0x0000000080013d88       0xc8 /usr/local/xenon/xenon/lib/32/libc.a(lib_a-callocr.o)
                0x0000000080013d88                _calloc_r
 .text          0x0000000080013e50       0x94 /usr/local/xenon/xenon/lib/32/libc.a(lib_a-closer.o)
                0x0000000080013e54                _close_r
 *fill*         0x0000000080013ee4        0x4 00
 .text          0x0000000080013ee8      0x1c0 /usr/local/xenon/xenon/lib/32/libc.a(lib_a-fclose.o)
                0x0000000080013ee8                _fclose_r
                0x0000000080014064                fclose
 .text          0x00000000800140a8       0x9c /usr/local/xenon/xenon/lib/32/libc.a(lib_a-fstatr.o)
                0x00000000800140ac                _fstat_r
 *fill*         0x0000000080014144        0x4 00
 .text          0x0000000080014148       0x94 /usr/local/xenon/xenon/lib/32/libc.a(lib_a-isattyr.o)
                0x000000008001414c                _isatty_r
 *fill*         0x00000000800141dc        0x4 00
 .text          0x00000000800141e0       0x9c /usr/local/xenon/xenon/lib/32/libc.a(lib_a-lseekr.o)
                0x00000000800141e4                _lseek_r
 *fill*         0x000000008001427c        0x4 00
 .text          0x0000000080014280       0x9c /usr/local/xenon/xenon/lib/32/libc.a(lib_a-readr.o)
                0x0000000080014284                _read_r
 *fill*         0x000000008001431c        0x4 00
 .text          0x0000000080014320      0x434 /usr/local/xenon/lib/gcc/xenon/4.6.1/32/libgcc.a(_udivdi3.o)
                0x0000000080014320                __udivdi3
 *fill*         0x0000000080014754        0x4 00
 .text          0x0000000080014758      0x3f0 /usr/local/xenon/lib/gcc/xenon/4.6.1/32/libgcc.a(_umoddi3.o)
                0x0000000080014758                __umoddi3
 *(.init*)

.glink          0x0000000080014b48        0x0
 .glink         0x0000000000000000        0x0 /usr/local/xenon/lib/gcc/xenon/4.6.1/../../../../xenon/lib/../lib/crt1.o

.elfldr         0x0000000080014b48      0x814
                0x0000000080014b48                elfldr_start = .
 *(.elfldr)
 .elfldr        0x0000000080014b48      0x730 /usr/local/xenon/usr/lib/libxenon.a(elf.o)
 .elfldr        0x0000000080015278       0xe4 /usr/local/xenon/usr/lib/libxenon.a(elf_run.o)
                0x0000000080015278                elf_hold_thread
                0x00000000800152a4                elf_run
                0x0000000080015358                elf_secondary_hold_addr
                0x000000008001535c                elfldr_end = .

.data           0x0000000080015360     0x3fa0
 *(.data*)
 .data.devoptab_list
                0x0000000080015360       0x40 /usr/local/xenon/usr/lib/libxenon.a(newlib.o)
                0x0000000080015360                devoptab_list
 .data.__syscalls
                0x00000000800153a0       0x24 /usr/local/xenon/usr/lib/libxenon.a(xenon_syscalls.o)
                0x00000000800153a0                __syscalls
 .data.lockowner
                0x00000000800153c4        0x4 /usr/local/xenon/usr/lib/libxenon.a(xenon_syscalls.o)
 .data.ana_1024x768
                0x00000000800153c8      0x400 /usr/local/xenon/usr/lib/libxenon.a(xenos.o)
                0x00000000800153c8                ana_1024x768
 .data.ana_ntsc_480i
                0x00000000800157c8      0x400 /usr/local/xenon/usr/lib/libxenon.a(xenos.o)
                0x00000000800157c8                ana_ntsc_480i
 .data.ana_yuv_480p
                0x0000000080015bc8      0x400 /usr/local/xenon/usr/lib/libxenon.a(xenos.o)
                0x0000000080015bc8                ana_yuv_480p
 .data.ana_1280x1024
                0x0000000080015fc8      0x400 /usr/local/xenon/usr/lib/libxenon.a(xenos.o)
                0x0000000080015fc8                ana_1280x1024
 .data.ana_pal  0x00000000800163c8      0x400 /usr/local/xenon/usr/lib/libxenon.a(xenos.o)
                0x00000000800163c8                ana_pal
 .data.ana_1360x768
                0x00000000800167c8      0x400 /usr/local/xenon/usr/lib/libxenon.a(xenos.o)
                0x00000000800167c8                ana_1360x768
 .data.ana_640_480_composite
                0x0000000080016bc8      0x400 /usr/local/xenon/usr/lib/libxenon.a(xenos.o)
                0x0000000080016bc8                ana_640_480_composite
 .data.ana_1440x900
                0x0000000080016fc8      0x400 /usr/local/xenon/usr/lib/libxenon.a(xenos.o)
                0x0000000080016fc8                ana_1440x900
 .data.ana_1280x768
                0x00000000800173c8      0x400 /usr/local/xenon/usr/lib/libxenon.a(xenos.o)
                0x00000000800173c8                ana_1280x768
 .data.ana_1280x720
                0x00000000800177c8      0x400 /usr/local/xenon/usr/lib/libxenon.a(xenos.o)
                0x00000000800177c8                ana_1280x720
 .data.ana_hdmi_720p
                0x0000000080017bc8      0x400 /usr/local/xenon/usr/lib/libxenon.a(xenos.o)
                0x0000000080017bc8                ana_hdmi_720p
 .data.xenos_modes
                0x0000000080017fc8      0x2d8 /usr/local/xenon/usr/lib/libxenon.a(xenos.o)
                0x0000000080017fc8                xenos_modes
 .data.ana_640x480p
                0x00000000800182a0      0x400 /usr/local/xenon/usr/lib/libxenon.a(xenos.o)
                0x00000000800182a0                ana_640x480p
 .data.ana_yuv_720p
                0x00000000800186a0      0x400 /usr/local/xenon/usr/lib/libxenon.a(xenos.o)
                0x00000000800186a0                ana_yuv_720p
 .data.rel.local
                0x0000000080018aa0      0x428 /usr/local/xenon/xenon/lib/32/libc.a(lib_a-impure.o)
 .data.rel      0x0000000080018ec8      0x408 /usr/local/xenon/xenon/lib/32/libc.a(lib_a-mallocr.o)
                0x0000000080018ec8                __malloc_av_
 .data.rel.ro.local
                0x00000000800192d0       0x30 /usr/local/xenon/xenon/lib/32/libc.a(lib_a-locale.o)

.got2           0x0000000080019300      0x1cc
 .got2          0x0000000080019300       0x14 /usr/local/xenon/lib/gcc/xenon/4.6.1/32/libgcc.a(unwind-dw2-fde-glibc.o)
 .got2          0x0000000080019314       0x10 /usr/local/xenon/xenon/lib/32/libc.a(lib_a-assert.o)
 .got2          0x0000000080019324        0x4 /usr/local/xenon/xenon/lib/32/libc.a(lib_a-exit.o)
 .got2          0x0000000080019328        0x4 /usr/local/xenon/xenon/lib/32/libc.a(lib_a-fiprintf.o)
 .got2          0x000000008001932c        0x4 /usr/local/xenon/xenon/lib/32/libc.a(lib_a-malloc.o)
 .got2          0x0000000080019330       0x18 /usr/local/xenon/xenon/lib/32/libc.a(lib_a-mallocr.o)
 .got2          0x0000000080019348        0x4 /usr/local/xenon/xenon/lib/32/libc.a(lib_a-printf.o)
 .got2          0x000000008001934c        0x4 /usr/local/xenon/xenon/lib/32/libc.a(lib_a-putchar.o)
 .got2          0x0000000080019350        0x4 /usr/local/xenon/xenon/lib/32/libc.a(lib_a-putc.o)
 .got2          0x0000000080019354        0x8 /usr/local/xenon/xenon/lib/32/libc.a(lib_a-puts.o)
 .got2          0x000000008001935c        0x4 /usr/local/xenon/xenon/lib/32/libc.a(lib_a-sbrkr.o)
 .got2          0x0000000080019360        0x4 /usr/local/xenon/xenon/lib/32/libc.a(lib_a-sprintf.o)
 .got2          0x0000000080019364       0x30 /usr/local/xenon/xenon/lib/32/libc.a(lib_a-svfprintf.o)
 .got2          0x0000000080019394       0x1c /usr/local/xenon/xenon/lib/32/libc.a(lib_a-vfiprintf.o)
 .got2          0x00000000800193b0       0x34 /usr/local/xenon/xenon/lib/32/libc.a(lib_a-vfprintf.o)
 .got2          0x00000000800193e4        0x4 /usr/local/xenon/xenon/lib/32/libc.a(lib_a-wbuf.o)
 .got2          0x00000000800193e8        0x4 /usr/local/xenon/xenon/lib/32/libc.a(lib_a-wsetup.o)
 .got2          0x00000000800193ec        0x4 /usr/local/xenon/xenon/lib/32/libc.a(lib_a-__call_atexit.o)
 .got2          0x00000000800193f0       0x44 /usr/local/xenon/xenon/lib/32/libc.a(lib_a-dtoa.o)
 .got2          0x0000000080019434        0xc /usr/local/xenon/xenon/lib/32/libc.a(lib_a-fflush.o)
 .got2          0x0000000080019440       0x28 /usr/local/xenon/xenon/lib/32/libc.a(lib_a-findfp.o)
 .got2          0x0000000080019468       0x18 /usr/local/xenon/xenon/lib/32/libc.a(lib_a-freer.o)
 .got2          0x0000000080019480       0x14 /usr/local/xenon/xenon/lib/32/libc.a(lib_a-locale.o)
 .got2          0x0000000080019494        0x8 /usr/local/xenon/xenon/lib/32/libc.a(lib_a-makebuf.o)
 .got2          0x000000008001949c       0x10 /usr/local/xenon/xenon/lib/32/libc.a(lib_a-mprec.o)
 .got2          0x00000000800194ac        0x4 /usr/local/xenon/xenon/lib/32/libc.a(lib_a-reallocr.o)
 .got2          0x00000000800194b0        0x4 /usr/local/xenon/xenon/lib/32/libc.a(lib_a-writer.o)
 .got2          0x00000000800194b4        0x4 /usr/local/xenon/xenon/lib/32/libc.a(lib_a-closer.o)
 .got2          0x00000000800194b8        0x4 /usr/local/xenon/xenon/lib/32/libc.a(lib_a-fclose.o)
 .got2          0x00000000800194bc        0x4 /usr/local/xenon/xenon/lib/32/libc.a(lib_a-fstatr.o)
 .got2          0x00000000800194c0        0x4 /usr/local/xenon/xenon/lib/32/libc.a(lib_a-isattyr.o)
 .got2          0x00000000800194c4        0x4 /usr/local/xenon/xenon/lib/32/libc.a(lib_a-lseekr.o)
 .got2          0x00000000800194c8        0x4 /usr/local/xenon/xenon/lib/32/libc.a(lib_a-readr.o)

.sdata          0x00000000800194d0       0x24
 *(.sdata*)
 .sdata.ELF_MAGIC
                0x00000000800194d0        0x4 main.o
                0x00000000800194d0                ELF_MAGIC
 .sdata         0x00000000800194d4        0x4 /usr/local/xenon/usr/lib/libxenon.a(startup_from_xell.o)
                0x00000000800194d4                __system_argv
 .sdata.console_color
                0x00000000800194d8        0x8 /usr/local/xenon/usr/lib/libxenon.a(console.o)
                0x00000000800194d8                console_color
 .sdata.xenon_smc_last_ir
                0x00000000800194e0        0x4 /usr/local/xenon/usr/lib/libxenon.a(xenon_smc.o)
                0x00000000800194e0                xenon_smc_last_ir
 .sdata         0x00000000800194e4        0x8 /usr/local/xenon/xenon/lib/32/libc.a(lib_a-impure.o)
                0x00000000800194e4                _global_impure_ptr
                0x00000000800194e8                _impure_ptr
 .sdata         0x00000000800194ec        0x8 /usr/local/xenon/xenon/lib/32/libc.a(lib_a-mallocr.o)
                0x00000000800194ec                __malloc_sbrk_base
                0x00000000800194f0                __malloc_trim_threshold

.rodata         0x00000000800194f8     0x2548
 *(.rodata*)
 .rodata.str1.8
                0x00000000800194f8        0x8 main.o
 .rodata.str1.1
                0x0000000080019500       0x33 /usr/local/xenon/usr/lib/libxenon.a(console.o)
 *fill*         0x0000000080019533        0x5 00
 .rodata.fontdata_8x16
                0x0000000080019538     0x1000 /usr/local/xenon/usr/lib/libxenon.a(console.o)
                0x0000000080019538                fontdata_8x16
 .rodata.console_optab
                0x000000008001a538       0x64 /usr/local/xenon/usr/lib/libxenon.a(newlib.o)
                0x000000008001a538                console_optab
 .rodata.str1.1
                0x000000008001a59c       0x6a /usr/local/xenon/usr/lib/libxenon.a(newlib.o)
 *fill*         0x000000008001a606        0x2 00
 .rodata.dotab_stdnull
                0x000000008001a608       0x64 /usr/local/xenon/usr/lib/libxenon.a(newlib.o)
                0x000000008001a608                dotab_stdnull
 *fill*         0x000000008001a66c        0x4 00
 .rodata.__FUNCTION__.3699
                0x000000008001a670       0x12 /usr/local/xenon/usr/lib/libxenon.a(xenon_syscalls.o)
 .rodata.str1.1
                0x000000008001a682       0xcf /usr/local/xenon/usr/lib/libxenon.a(xenon_syscalls.o)
 *fill*         0x000000008001a751        0x7 00
 .rodata.__FUNCTION__.3707
                0x000000008001a758       0x14 /usr/local/xenon/usr/lib/libxenon.a(xenon_syscalls.o)
 .rodata.str1.1
                0x000000008001a76c       0xf7 /usr/local/xenon/usr/lib/libxenon.a(c_except.o)
                                         0xfb (size before relaxing)
 .rodata.str1.1
                0x000000008001a863      0x11f /usr/local/xenon/usr/lib/libxenon.a(xenon_smc.o)
 .rodata.str1.1
                0x000000008001a982       0x40 /usr/local/xenon/usr/lib/libxenon.a(xenon_config.o)
 *fill*         0x000000008001a9c2        0x2 00
 .rodata        0x000000008001a9c4      0x140 /usr/local/xenon/usr/lib/libxenon.a(xenos.o)
 *fill*         0x000000008001ab04        0x4 00
 .rodata.__FUNCTION__.3541
                0x000000008001ab08       0x12 /usr/local/xenon/usr/lib/libxenon.a(xenos.o)
 .rodata.str1.1
                0x000000008001ab1a      0x1fa /usr/local/xenon/usr/lib/libxenon.a(xenos.o)
 *fill*         0x000000008001ad14        0x4 00
 .rodata.CSWTCH.26
                0x000000008001ad18        0x4 /usr/local/xenon/usr/lib/libxenon.a(xenos.o)
 *fill*         0x000000008001ad1c        0x4 00
 .rodata.edid_header
                0x000000008001ad20        0x8 /usr/local/xenon/usr/lib/libxenon.a(xenos_edid.o)
 .rodata.str1.1
                0x000000008001ad28      0x106 /usr/local/xenon/usr/lib/libxenon.a(xenos_edid.o)
 .rodata.str1.1
                0x000000008001ae2e      0x246 /usr/local/xenon/usr/lib/libxenon.a(elf.o)
                                        0x248 (size before relaxing)
 .rodata.str1.1
                0x000000008001b074      0x2f5 /usr/local/xenon/usr/lib/libxenon.a(xenon_sfcx.o)
                                        0x2f7 (size before relaxing)
 *fill*         0x000000008001b369        0x3 00
 .rodata        0x000000008001b36c       0x34 /usr/local/xenon/lib/gcc/xenon/4.6.1/32/libgcc.a(unwind-dw2-fde-glibc.o)
 .rodata.str1.4
                0x000000008001b3a0       0x3f /usr/local/xenon/xenon/lib/32/libc.a(lib_a-assert.o)
                                         0x43 (size before relaxing)
 *fill*         0x000000008001b3df        0x1 00
 .rodata.str1.4
                0x000000008001b3e0        0x2 /usr/local/xenon/xenon/lib/32/libc.a(lib_a-impure.o)
 *fill*         0x000000008001b3e2        0x2 00
 .rodata.str1.4
                0x000000008001b3e4        0x2 /usr/local/xenon/xenon/lib/32/libc.a(lib_a-puts.o)
 *fill*         0x000000008001b3e6        0x2 00
 .rodata        0x000000008001b3e8      0x184 /usr/local/xenon/xenon/lib/32/libc.a(lib_a-svfprintf.o)
 .rodata.cst4   0x000000008001b56c        0x4 /usr/local/xenon/xenon/lib/32/libc.a(lib_a-svfprintf.o)
 .rodata.str1.4
                0x000000008001b570       0x42 /usr/local/xenon/xenon/lib/32/libc.a(lib_a-svfprintf.o)
 *fill*         0x000000008001b5b2        0x2 00
 .rodata        0x000000008001b5b4      0x184 /usr/local/xenon/xenon/lib/32/libc.a(lib_a-vfiprintf.o)
 .rodata.str1.4
                0x0000000000000000       0x2f /usr/local/xenon/xenon/lib/32/libc.a(lib_a-vfiprintf.o)
 .rodata        0x000000008001b738      0x184 /usr/local/xenon/xenon/lib/32/libc.a(lib_a-vfprintf.o)
 .rodata.cst4   0x0000000000000000        0x4 /usr/local/xenon/xenon/lib/32/libc.a(lib_a-vfprintf.o)
 .rodata.str1.4
                0x0000000000000000       0x42 /usr/local/xenon/xenon/lib/32/libc.a(lib_a-vfprintf.o)
 .rodata.cst4   0x000000008001b8bc       0x20 /usr/local/xenon/xenon/lib/32/libc.a(lib_a-dtoa.o)
                                         0x24 (size before relaxing)
 *fill*         0x000000008001b8dc        0x4 00
 .rodata.cst8   0x000000008001b8e0       0x18 /usr/local/xenon/xenon/lib/32/libc.a(lib_a-dtoa.o)
 .rodata.str1.4
                0x000000008001b8f8       0x10 /usr/local/xenon/xenon/lib/32/libc.a(lib_a-dtoa.o)
                                         0x12 (size before relaxing)
 .rodata.str1.4
                0x000000008001b908       0x10 /usr/local/xenon/xenon/lib/32/libc.a(lib_a-locale.o)
                                         0x16 (size before relaxing)
 .rodata        0x000000008001b918      0x128 /usr/local/xenon/xenon/lib/32/libc.a(lib_a-mprec.o)
                0x000000008001b928                __mprec_tinytens
                0x000000008001b950                __mprec_bigtens
                0x000000008001b978                __mprec_tens
 .rodata.cst4   0x0000000000000000        0x8 /usr/local/xenon/xenon/lib/32/libc.a(lib_a-mprec.o)

.ctors          0x000000008001ba40        0x0
                0x000000008001ba40                __CTOR_LIST__ = .
 *(.ctors)
                0x000000008001ba40                __CTOR_END__ = .

.dtors          0x000000008001ba40        0x0
                0x000000008001ba40                __DTOR_LIST__ = .
 *(.dtors)
                0x000000008001ba40                __DTOR_END__ = .

.eh_frame_hdr   0x000000008001ba40       0xe4
 *(.eh_frame_hdr)
 .eh_frame_hdr  0x000000008001ba40       0xe4 /usr/local/xenon/lib/gcc/xenon/4.6.1/32/libgcc.a(crtsavgpr.o)

.eh_frame       0x000000008001bb24      0x584
                0x000000008001bb24                PROVIDE (__eh_frame_start, .)
 *(.eh_frame)
 .eh_frame      0x0000000000000000        0x0 /usr/local/xenon/lib/gcc/xenon/4.6.1/../../../../xenon/lib/../lib/crt1.o
 .eh_frame      0x000000008001bb24        0x0 /usr/local/xenon/lib/gcc/xenon/4.6.1/32/crtbegin.o
 .eh_frame      0x000000008001bb24       0x28 /usr/local/xenon/lib/gcc/xenon/4.6.1/32/libgcc.a(crtsavgpr.o)
 .eh_frame      0x000000008001bb4c       0x7c /usr/local/xenon/lib/gcc/xenon/4.6.1/32/libgcc.a(crtresxgpr.o)
 .eh_frame      0x000000008001bbc8      0x464 /usr/local/xenon/lib/gcc/xenon/4.6.1/32/libgcc.a(unwind-dw2-fde-glibc.o)
                                        0x478 (size before relaxing)
 .eh_frame      0x000000008001c02c       0x38 /usr/local/xenon/lib/gcc/xenon/4.6.1/32/libgcc.a(_udivdi3.o)
                                         0x4c (size before relaxing)
 .eh_frame      0x000000008001c064       0x3c /usr/local/xenon/lib/gcc/xenon/4.6.1/32/libgcc.a(_umoddi3.o)
                                         0x50 (size before relaxing)
 .eh_frame      0x000000008001c0a0        0x4 /usr/local/xenon/lib/gcc/xenon/4.6.1/32/crtend.o
                0x000000008001c0a4        0x4 LONG 0x0

.rela.dyn       0x000000008001c0a8        0x0
 .rela.iplt     0x0000000000000000        0x0 /usr/local/xenon/lib/gcc/xenon/4.6.1/../../../../xenon/lib/../lib/crt1.o
 .rela.text.call_ctors
                0x0000000000000000        0x0 /usr/local/xenon/lib/gcc/xenon/4.6.1/../../../../xenon/lib/../lib/crt1.o
 .rela.text.c_register_frame
                0x0000000000000000        0x0 /usr/local/xenon/lib/gcc/xenon/4.6.1/../../../../xenon/lib/../lib/crt1.o
 .rela.text.__crtmain
                0x0000000000000000        0x0 /usr/local/xenon/lib/gcc/xenon/4.6.1/../../../../xenon/lib/../lib/crt1.o
 .rela.got2     0x0000000000000000        0x0 /usr/local/xenon/lib/gcc/xenon/4.6.1/../../../../xenon/lib/../lib/crt1.o
 .rela.text.__check_argv
                0x0000000000000000        0x0 /usr/local/xenon/lib/gcc/xenon/4.6.1/../../../../xenon/lib/../lib/crt1.o
 .rela.text     0x0000000000000000        0x0 /usr/local/xenon/lib/gcc/xenon/4.6.1/../../../../xenon/lib/../lib/crt1.o
 .rela.text.console_init
                0x0000000000000000        0x0 /usr/local/xenon/lib/gcc/xenon/4.6.1/../../../../xenon/lib/../lib/crt1.o
 .rela.text.console_close
                0x0000000000000000        0x0 /usr/local/xenon/lib/gcc/xenon/4.6.1/../../../../xenon/lib/../lib/crt1.o
 .rela.text.__dirreset
                0x0000000000000000        0x0 /usr/local/xenon/lib/gcc/xenon/4.6.1/../../../../xenon/lib/../lib/crt1.o
 .rela.text.__dirnext
                0x0000000000000000        0x0 /usr/local/xenon/lib/gcc/xenon/4.6.1/../../../../xenon/lib/../lib/crt1.o
 .rela.text.__libc_lock_init
                0x0000000000000000        0x0 /usr/local/xenon/lib/gcc/xenon/4.6.1/../../../../xenon/lib/../lib/crt1.o
 .rela.text.__libc_lock_close
                0x0000000000000000        0x0 /usr/local/xenon/lib/gcc/xenon/4.6.1/../../../../xenon/lib/../lib/crt1.o
 .rela.text.__libc_lock_release
                0x0000000000000000        0x0 /usr/local/xenon/lib/gcc/xenon/4.6.1/../../../../xenon/lib/../lib/crt1.o
 .rela.text.__libc_lock_acquire
                0x0000000000000000        0x0 /usr/local/xenon/lib/gcc/xenon/4.6.1/../../../../xenon/lib/../lib/crt1.o
 .rela.text.__malloc_lock
                0x0000000000000000        0x0 /usr/local/xenon/lib/gcc/xenon/4.6.1/../../../../xenon/lib/../lib/crt1.o
 .rela.text.__malloc_unlock
                0x0000000000000000        0x0 /usr/local/xenon/lib/gcc/xenon/4.6.1/../../../../xenon/lib/../lib/crt1.o
 .rela.text._exit
                0x0000000000000000        0x0 /usr/local/xenon/lib/gcc/xenon/4.6.1/../../../../xenon/lib/../lib/crt1.o
 .rela.text.sbrk
                0x0000000000000000        0x0 /usr/local/xenon/lib/gcc/xenon/4.6.1/../../../../xenon/lib/../lib/crt1.o
 .rela.text.execve
                0x0000000000000000        0x0 /usr/local/xenon/lib/gcc/xenon/4.6.1/../../../../xenon/lib/../lib/crt1.o
 .rela.text.fork
                0x0000000000000000        0x0 /usr/local/xenon/lib/gcc/xenon/4.6.1/../../../../xenon/lib/../lib/crt1.o
 .rela.text.getpid
                0x0000000000000000        0x0 /usr/local/xenon/lib/gcc/xenon/4.6.1/../../../../xenon/lib/../lib/crt1.o
 .rela.text.getrusage
                0x0000000000000000        0x0 /usr/local/xenon/lib/gcc/xenon/4.6.1/../../../../xenon/lib/../lib/crt1.o
 .rela.text.gettimeofday
                0x0000000000000000        0x0 /usr/local/xenon/lib/gcc/xenon/4.6.1/../../../../xenon/lib/../lib/crt1.o
 .rela.text.kill
                0x0000000000000000        0x0 /usr/local/xenon/lib/gcc/xenon/4.6.1/../../../../xenon/lib/../lib/crt1.o
 .rela.text.FindDevice
                0x0000000000000000        0x0 /usr/local/xenon/lib/gcc/xenon/4.6.1/../../../../xenon/lib/../lib/crt1.o
 .rela.text.open
                0x0000000000000000        0x0 /usr/local/xenon/lib/gcc/xenon/4.6.1/../../../../xenon/lib/../lib/crt1.o
 .rela.text.read
                0x0000000000000000        0x0 /usr/local/xenon/lib/gcc/xenon/4.6.1/../../../../xenon/lib/../lib/crt1.o
 .rela.text.write
                0x0000000000000000        0x0 /usr/local/xenon/lib/gcc/xenon/4.6.1/../../../../xenon/lib/../lib/crt1.o
 .rela.text.fstat
                0x0000000000000000        0x0 /usr/local/xenon/lib/gcc/xenon/4.6.1/../../../../xenon/lib/../lib/crt1.o
 .rela.text.stat
                0x0000000000000000        0x0 /usr/local/xenon/lib/gcc/xenon/4.6.1/../../../../xenon/lib/../lib/crt1.o
 .rela.text.statvfs
                0x0000000000000000        0x0 /usr/local/xenon/lib/gcc/xenon/4.6.1/../../../../xenon/lib/../lib/crt1.o
 .rela.text.fsync
                0x0000000000000000        0x0 /usr/local/xenon/lib/gcc/xenon/4.6.1/../../../../xenon/lib/../lib/crt1.o
 .rela.text.ftruncate
                0x0000000000000000        0x0 /usr/local/xenon/lib/gcc/xenon/4.6.1/../../../../xenon/lib/../lib/crt1.o
 .rela.text.link
                0x0000000000000000        0x0 /usr/local/xenon/lib/gcc/xenon/4.6.1/../../../../xenon/lib/../lib/crt1.o
 .rela.text.lseek
                0x0000000000000000        0x0 /usr/local/xenon/lib/gcc/xenon/4.6.1/../../../../xenon/lib/../lib/crt1.o
 .rela.text.rename
                0x0000000000000000        0x0 /usr/local/xenon/lib/gcc/xenon/4.6.1/../../../../xenon/lib/../lib/crt1.o
 .rela.text.unlink
                0x0000000000000000        0x0 /usr/local/xenon/lib/gcc/xenon/4.6.1/../../../../xenon/lib/../lib/crt1.o
 .rela.text.close
                0x0000000000000000        0x0 /usr/local/xenon/lib/gcc/xenon/4.6.1/../../../../xenon/lib/../lib/crt1.o
 .rela.text.chdir
                0x0000000000000000        0x0 /usr/local/xenon/lib/gcc/xenon/4.6.1/../../../../xenon/lib/../lib/crt1.o
 .rela.text.getcwd
                0x0000000000000000        0x0 /usr/local/xenon/lib/gcc/xenon/4.6.1/../../../../xenon/lib/../lib/crt1.o
 .rela.text.chmod
                0x0000000000000000        0x0 /usr/local/xenon/lib/gcc/xenon/4.6.1/../../../../xenon/lib/../lib/crt1.o
 .rela.text.fchmod
                0x0000000000000000        0x0 /usr/local/xenon/lib/gcc/xenon/4.6.1/../../../../xenon/lib/../lib/crt1.o
 .rela.text.opendir
                0x0000000000000000        0x0 /usr/local/xenon/lib/gcc/xenon/4.6.1/../../../../xenon/lib/../lib/crt1.o
 .rela.text.closedir
                0x0000000000000000        0x0 /usr/local/xenon/lib/gcc/xenon/4.6.1/../../../../xenon/lib/../lib/crt1.o
 .rela.text.mkdir
                0x0000000000000000        0x0 /usr/local/xenon/lib/gcc/xenon/4.6.1/../../../../xenon/lib/../lib/crt1.o
 .rela.text.xenon_sbrk
                0x0000000000000000        0x0 /usr/local/xenon/lib/gcc/xenon/4.6.1/../../../../xenon/lib/../lib/crt1.o
 .rela.text.usb_init_one_ohci
                0x0000000000000000        0x0 /usr/local/xenon/lib/gcc/xenon/4.6.1/../../../../xenon/lib/../lib/crt1.o
 .rela.text.usb_do_poll
                0x0000000000000000        0x0 /usr/local/xenon/lib/gcc/xenon/4.6.1/../../../../xenon/lib/../lib/crt1.o
 .rela.text.EHCI_do_one
                0x0000000000000000        0x0 /usr/local/xenon/lib/gcc/xenon/4.6.1/../../../../xenon/lib/../lib/crt1.o
 .rela.text.USBStorage_Init
                0x0000000000000000        0x0 /usr/local/xenon/lib/gcc/xenon/4.6.1/../../../../xenon/lib/../lib/crt1.o
 .rela.text.xenon_config_init
                0x0000000000000000        0x0 /usr/local/xenon/lib/gcc/xenon/4.6.1/../../../../xenon/lib/../lib/crt1.o
 .rela.text.enet_init
                0x0000000000000000        0x0 /usr/local/xenon/lib/gcc/xenon/4.6.1/../../../../xenon/lib/../lib/crt1.o
 .rela.text.enet_poll
                0x0000000000000000        0x0 /usr/local/xenon/lib/gcc/xenon/4.6.1/../../../../xenon/lib/../lib/crt1.o
 .rela.elfldr   0x0000000000000000        0x0 /usr/local/xenon/lib/gcc/xenon/4.6.1/../../../../xenon/lib/../lib/crt1.o
 .rela.text.elf_runFromMemory
                0x0000000000000000        0x0 /usr/local/xenon/lib/gcc/xenon/4.6.1/../../../../xenon/lib/../lib/crt1.o
 .rela.text.virtualfuses_read
                0x0000000000000000        0x0 /usr/local/xenon/lib/gcc/xenon/4.6.1/../../../../xenon/lib/../lib/crt1.o
 .rela.text.kv_read.part.0
                0x0000000000000000        0x0 /usr/local/xenon/lib/gcc/xenon/4.6.1/../../../../xenon/lib/../lib/crt1.o
 .rela.text.kv_read
                0x0000000000000000        0x0 /usr/local/xenon/lib/gcc/xenon/4.6.1/../../../../xenon/lib/../lib/crt1.o
 .rela.text.updateXeLL
                0x0000000000000000        0x0 /usr/local/xenon/lib/gcc/xenon/4.6.1/../../../../xenon/lib/../lib/crt1.o
 .rela.text.kmem_init
                0x0000000000000000        0x0 /usr/local/xenon/lib/gcc/xenon/4.6.1/../../../../xenon/lib/../lib/crt1.o
 .rela.text._ohci_dma_alloc
                0x0000000000000000        0x0 /usr/local/xenon/lib/gcc/xenon/4.6.1/../../../../xenon/lib/../lib/crt1.o
 .rela.text.ohci_create
                0x0000000000000000        0x0 /usr/local/xenon/lib/gcc/xenon/4.6.1/../../../../xenon/lib/../lib/crt1.o
 .rela.text.usb_create_pipe
                0x0000000000000000        0x0 /usr/local/xenon/lib/gcc/xenon/4.6.1/../../../../xenon/lib/../lib/crt1.o
 .rela.text.usb_destroy_pipe
                0x0000000000000000        0x0 /usr/local/xenon/lib/gcc/xenon/4.6.1/../../../../xenon/lib/../lib/crt1.o
 .rela.text.usb_destroy_all_pipes
                0x0000000000000000        0x0 /usr/local/xenon/lib/gcc/xenon/4.6.1/../../../../xenon/lib/../lib/crt1.o
 .rela.text.usb_destroy_device
                0x0000000000000000        0x0 /usr/local/xenon/lib/gcc/xenon/4.6.1/../../../../xenon/lib/../lib/crt1.o
 .rela.text.usb_create_device
                0x0000000000000000        0x0 /usr/local/xenon/lib/gcc/xenon/4.6.1/../../../../xenon/lib/../lib/crt1.o
 .rela.text.usb_make_request
                0x0000000000000000        0x0 /usr/local/xenon/lib/gcc/xenon/4.6.1/../../../../xenon/lib/../lib/crt1.o
 .rela.text.usb_free_request
                0x0000000000000000        0x0 /usr/local/xenon/lib/gcc/xenon/4.6.1/../../../../xenon/lib/../lib/crt1.o
 .rela.text.usb_clear_stall
                0x0000000000000000        0x0 /usr/local/xenon/lib/gcc/xenon/4.6.1/../../../../xenon/lib/../lib/crt1.o
 .rela.text.usb_std_request
                0x0000000000000000        0x0 /usr/local/xenon/lib/gcc/xenon/4.6.1/../../../../xenon/lib/../lib/crt1.o
 .rela.text.usb_get_string
                0x0000000000000000        0x0 /usr/local/xenon/lib/gcc/xenon/4.6.1/../../../../xenon/lib/../lib/crt1.o
 .rela.text.usb_get_device_descriptor
                0x0000000000000000        0x0 /usr/local/xenon/lib/gcc/xenon/4.6.1/../../../../xenon/lib/../lib/crt1.o
 .rela.text.usb_get_config_descriptor
                0x0000000000000000        0x0 /usr/local/xenon/lib/gcc/xenon/4.6.1/../../../../xenon/lib/../lib/crt1.o
 .rela.text.usb_initroot
                0x0000000000000000        0x0 /usr/local/xenon/lib/gcc/xenon/4.6.1/../../../../xenon/lib/../lib/crt1.o
 .rela.text.usb_find_driver
                0x0000000000000000        0x0 /usr/local/xenon/lib/gcc/xenon/4.6.1/../../../../xenon/lib/../lib/crt1.o
 .rela.data.usb_drivers
                0x0000000000000000        0x0 /usr/local/xenon/lib/gcc/xenon/4.6.1/../../../../xenon/lib/../lib/crt1.o
 .rela.text.usbhid_attach
                0x0000000000000000        0x0 /usr/local/xenon/lib/gcc/xenon/4.6.1/../../../../xenon/lib/../lib/crt1.o
 .rela.text.usbhub_detach
                0x0000000000000000        0x0 /usr/local/xenon/lib/gcc/xenon/4.6.1/../../../../xenon/lib/../lib/crt1.o
 .rela.text.usbhub_attach
                0x0000000000000000        0x0 /usr/local/xenon/lib/gcc/xenon/4.6.1/../../../../xenon/lib/../lib/crt1.o
 .rela.text.usbhub_scan1
                0x0000000000000000        0x0 /usr/local/xenon/lib/gcc/xenon/4.6.1/../../../../xenon/lib/../lib/crt1.o
 .rela.text.rawflash_writeImage
                0x0000000000000000        0x0 /usr/local/xenon/lib/gcc/xenon/4.6.1/../../../../xenon/lib/../lib/crt1.o
 .rela.text.try_rawflash
                0x0000000000000000        0x0 /usr/local/xenon/lib/gcc/xenon/4.6.1/../../../../xenon/lib/../lib/crt1.o
 .rela.text.mem_init
                0x0000000000000000        0x0 /usr/local/xenon/lib/gcc/xenon/4.6.1/../../../../xenon/lib/../lib/crt1.o
 .rela.text.mem_free
                0x0000000000000000        0x0 /usr/local/xenon/lib/gcc/xenon/4.6.1/../../../../xenon/lib/../lib/crt1.o
 .rela.text.mem_trim
                0x0000000000000000        0x0 /usr/local/xenon/lib/gcc/xenon/4.6.1/../../../../xenon/lib/../lib/crt1.o
 .rela.text.mem_malloc
                0x0000000000000000        0x0 /usr/local/xenon/lib/gcc/xenon/4.6.1/../../../../xenon/lib/../lib/crt1.o
 .rela.text.etharp_arp_input
                0x0000000000000000        0x0 /usr/local/xenon/lib/gcc/xenon/4.6.1/../../../../xenon/lib/../lib/crt1.o
 .rela.text.etharp_request
                0x0000000000000000        0x0 /usr/local/xenon/lib/gcc/xenon/4.6.1/../../../../xenon/lib/../lib/crt1.o
 .rela.text.etharp_query
                0x0000000000000000        0x0 /usr/local/xenon/lib/gcc/xenon/4.6.1/../../../../xenon/lib/../lib/crt1.o
 .rela.text.etharp_output
                0x0000000000000000        0x0 /usr/local/xenon/lib/gcc/xenon/4.6.1/../../../../xenon/lib/../lib/crt1.o
 .rela.text.ethernet_input
                0x0000000000000000        0x0 /usr/local/xenon/lib/gcc/xenon/4.6.1/../../../../xenon/lib/../lib/crt1.o
 .rela.text.dhcp_reboot
                0x0000000000000000        0x0 /usr/local/xenon/lib/gcc/xenon/4.6.1/../../../../xenon/lib/../lib/crt1.o
 .rela.text.dhcp_discover
                0x0000000000000000        0x0 /usr/local/xenon/lib/gcc/xenon/4.6.1/../../../../xenon/lib/../lib/crt1.o
 .rela.text.dhcp_select
                0x0000000000000000        0x0 /usr/local/xenon/lib/gcc/xenon/4.6.1/../../../../xenon/lib/../lib/crt1.o
 .rela.text.dhcp_rebind
                0x0000000000000000        0x0 /usr/local/xenon/lib/gcc/xenon/4.6.1/../../../../xenon/lib/../lib/crt1.o
 .rela.text.dhcp_recv
                0x0000000000000000        0x0 /usr/local/xenon/lib/gcc/xenon/4.6.1/../../../../xenon/lib/../lib/crt1.o
 .rela.text.dhcp_inform
                0x0000000000000000        0x0 /usr/local/xenon/lib/gcc/xenon/4.6.1/../../../../xenon/lib/../lib/crt1.o
 .rela.text.dhcp_arp_reply
                0x0000000000000000        0x0 /usr/local/xenon/lib/gcc/xenon/4.6.1/../../../../xenon/lib/../lib/crt1.o
 .rela.text.dhcp_coarse_tmr
                0x0000000000000000        0x0 /usr/local/xenon/lib/gcc/xenon/4.6.1/../../../../xenon/lib/../lib/crt1.o
 .rela.text.dhcp_release
                0x0000000000000000        0x0 /usr/local/xenon/lib/gcc/xenon/4.6.1/../../../../xenon/lib/../lib/crt1.o
 .rela.text.dhcp_fine_tmr
                0x0000000000000000        0x0 /usr/local/xenon/lib/gcc/xenon/4.6.1/../../../../xenon/lib/../lib/crt1.o
 .rela.text.dhcp_start
                0x0000000000000000        0x0 /usr/local/xenon/lib/gcc/xenon/4.6.1/../../../../xenon/lib/../lib/crt1.o
 .rela.text.usbctrl_set_led_callback
                0x0000000000000000        0x0 /usr/local/xenon/lib/gcc/xenon/4.6.1/../../../../xenon/lib/../lib/crt1.o
 .rela.text.usbctrl_set_leds
                0x0000000000000000        0x0 /usr/local/xenon/lib/gcc/xenon/4.6.1/../../../../xenon/lib/../lib/crt1.o
 .rela.text.usbctrl_poll
                0x0000000000000000        0x0 /usr/local/xenon/lib/gcc/xenon/4.6.1/../../../../xenon/lib/../lib/crt1.o
 .rela.text.usbctrl_attach
                0x0000000000000000        0x0 /usr/local/xenon/lib/gcc/xenon/4.6.1/../../../../xenon/lib/../lib/crt1.o
 .rela.text.usbctrl_set_rumble
                0x0000000000000000        0x0 /usr/local/xenon/lib/gcc/xenon/4.6.1/../../../../xenon/lib/../lib/crt1.o
 .rela.text.dns_init
                0x0000000000000000        0x0 /usr/local/xenon/lib/gcc/xenon/4.6.1/../../../../xenon/lib/../lib/crt1.o
 .rela.text.dns_getserver
                0x0000000000000000        0x0 /usr/local/xenon/lib/gcc/xenon/4.6.1/../../../../xenon/lib/../lib/crt1.o
 .rela.text.memp_init
                0x0000000000000000        0x0 /usr/local/xenon/lib/gcc/xenon/4.6.1/../../../../xenon/lib/../lib/crt1.o
 .rela.text.memp_malloc
                0x0000000000000000        0x0 /usr/local/xenon/lib/gcc/xenon/4.6.1/../../../../xenon/lib/../lib/crt1.o
 .rela.text.memp_free
                0x0000000000000000        0x0 /usr/local/xenon/lib/gcc/xenon/4.6.1/../../../../xenon/lib/../lib/crt1.o
 .rela.text.netif_find
                0x0000000000000000        0x0 /usr/local/xenon/lib/gcc/xenon/4.6.1/../../../../xenon/lib/../lib/crt1.o
 .rela.text.netif_set_ipaddr
                0x0000000000000000        0x0 /usr/local/xenon/lib/gcc/xenon/4.6.1/../../../../xenon/lib/../lib/crt1.o
 .rela.text.netif_add
                0x0000000000000000        0x0 /usr/local/xenon/lib/gcc/xenon/4.6.1/../../../../xenon/lib/../lib/crt1.o
 .rela.text.netif_set_default
                0x0000000000000000        0x0 /usr/local/xenon/lib/gcc/xenon/4.6.1/../../../../xenon/lib/../lib/crt1.o
 .rela.text.netif_remove
                0x0000000000000000        0x0 /usr/local/xenon/lib/gcc/xenon/4.6.1/../../../../xenon/lib/../lib/crt1.o
 .rela.text.tcp_bind
                0x0000000000000000        0x0 /usr/local/xenon/lib/gcc/xenon/4.6.1/../../../../xenon/lib/../lib/crt1.o
 .rela.text.tcp_listen_with_backlog
                0x0000000000000000        0x0 /usr/local/xenon/lib/gcc/xenon/4.6.1/../../../../xenon/lib/../lib/crt1.o
 .rela.text.tcp_slowtmr
                0x0000000000000000        0x0 /usr/local/xenon/lib/gcc/xenon/4.6.1/../../../../xenon/lib/../lib/crt1.o
 .rela.text.tcp_pcb_remove
                0x0000000000000000        0x0 /usr/local/xenon/lib/gcc/xenon/4.6.1/../../../../xenon/lib/../lib/crt1.o
 .rela.text.tcp_abandon
                0x0000000000000000        0x0 /usr/local/xenon/lib/gcc/xenon/4.6.1/../../../../xenon/lib/../lib/crt1.o
 .rela.text.tcp_close_shutdown
                0x0000000000000000        0x0 /usr/local/xenon/lib/gcc/xenon/4.6.1/../../../../xenon/lib/../lib/crt1.o
 .rela.text.tcp_fasttmr
                0x0000000000000000        0x0 /usr/local/xenon/lib/gcc/xenon/4.6.1/../../../../xenon/lib/../lib/crt1.o
 .rela.text.tcp_next_iss
                0x0000000000000000        0x0 /usr/local/xenon/lib/gcc/xenon/4.6.1/../../../../xenon/lib/../lib/crt1.o
 .rela.text.tcp_alloc
                0x0000000000000000        0x0 /usr/local/xenon/lib/gcc/xenon/4.6.1/../../../../xenon/lib/../lib/crt1.o
 .rela.text.tcp_connect
                0x0000000000000000        0x0 /usr/local/xenon/lib/gcc/xenon/4.6.1/../../../../xenon/lib/../lib/crt1.o
 .rela.rodata.tcp_pcb_lists
                0x0000000000000000        0x0 /usr/local/xenon/lib/gcc/xenon/4.6.1/../../../../xenon/lib/../lib/crt1.o
 .rela.text.ip_route
                0x0000000000000000        0x0 /usr/local/xenon/lib/gcc/xenon/4.6.1/../../../../xenon/lib/../lib/crt1.o
 .rela.text.ip_input
                0x0000000000000000        0x0 /usr/local/xenon/lib/gcc/xenon/4.6.1/../../../../xenon/lib/../lib/crt1.o
 .rela.text.ip_output_if
                0x0000000000000000        0x0 /usr/local/xenon/lib/gcc/xenon/4.6.1/../../../../xenon/lib/../lib/crt1.o
 .rela.text.ip_output
                0x0000000000000000        0x0 /usr/local/xenon/lib/gcc/xenon/4.6.1/../../../../xenon/lib/../lib/crt1.o
 .rela.text.ip_reass
                0x0000000000000000        0x0 /usr/local/xenon/lib/gcc/xenon/4.6.1/../../../../xenon/lib/../lib/crt1.o
 .rela.text.ip_frag
                0x0000000000000000        0x0 /usr/local/xenon/lib/gcc/xenon/4.6.1/../../../../xenon/lib/../lib/crt1.o
 .rela.text.tcp_create_segment
                0x0000000000000000        0x0 /usr/local/xenon/lib/gcc/xenon/4.6.1/../../../../xenon/lib/../lib/crt1.o
 .rela.text.tcp_write
                0x0000000000000000        0x0 /usr/local/xenon/lib/gcc/xenon/4.6.1/../../../../xenon/lib/../lib/crt1.o
 .rela.text.tcp_enqueue_flags
                0x0000000000000000        0x0 /usr/local/xenon/lib/gcc/xenon/4.6.1/../../../../xenon/lib/../lib/crt1.o
 .rela.text.tcp_output
                0x0000000000000000        0x0 /usr/local/xenon/lib/gcc/xenon/4.6.1/../../../../xenon/lib/../lib/crt1.o
 .rela.text.tcp_rst
                0x0000000000000000        0x0 /usr/local/xenon/lib/gcc/xenon/4.6.1/../../../../xenon/lib/../lib/crt1.o
 .rela.text.tcp_keepalive
                0x0000000000000000        0x0 /usr/local/xenon/lib/gcc/xenon/4.6.1/../../../../xenon/lib/../lib/crt1.o
 .rela.text.tcp_zero_window_probe
                0x0000000000000000        0x0 /usr/local/xenon/lib/gcc/xenon/4.6.1/../../../../xenon/lib/../lib/crt1.o
 .rela.text.udp_input
                0x0000000000000000        0x0 /usr/local/xenon/lib/gcc/xenon/4.6.1/../../../../xenon/lib/../lib/crt1.o
 .rela.text.udp_bind
                0x0000000000000000        0x0 /usr/local/xenon/lib/gcc/xenon/4.6.1/../../../../xenon/lib/../lib/crt1.o
 .rela.text.udp_sendto_if
                0x0000000000000000        0x0 /usr/local/xenon/lib/gcc/xenon/4.6.1/../../../../xenon/lib/../lib/crt1.o
 .rela.text.udp_sendto
                0x0000000000000000        0x0 /usr/local/xenon/lib/gcc/xenon/4.6.1/../../../../xenon/lib/../lib/crt1.o
 .rela.text.udp_connect
                0x0000000000000000        0x0 /usr/local/xenon/lib/gcc/xenon/4.6.1/../../../../xenon/lib/../lib/crt1.o
 .rela.text.udp_remove
                0x0000000000000000        0x0 /usr/local/xenon/lib/gcc/xenon/4.6.1/../../../../xenon/lib/../lib/crt1.o
 .rela.text.raw_input
                0x0000000000000000        0x0 /usr/local/xenon/lib/gcc/xenon/4.6.1/../../../../xenon/lib/../lib/crt1.o
 .rela.text.unlikely.tcp_receive
                0x0000000000000000        0x0 /usr/local/xenon/lib/gcc/xenon/4.6.1/../../../../xenon/lib/../lib/crt1.o
 .rela.text.tcp_input
                0x0000000000000000        0x0 /usr/local/xenon/lib/gcc/xenon/4.6.1/../../../../xenon/lib/../lib/crt1.o
 .rela.text.icmp_send_response.isra.0
                0x0000000000000000        0x0 /usr/local/xenon/lib/gcc/xenon/4.6.1/../../../../xenon/lib/../lib/crt1.o
 .rela.text.icmp_input
                0x0000000000000000        0x0 /usr/local/xenon/lib/gcc/xenon/4.6.1/../../../../xenon/lib/../lib/crt1.o

.gcc_except_table
 *(.gcc_except_table .gcc_except_table.*)
                0x000000008001c0a8                bss_start = .

.bss            0x000000008001c0a8    0x174f0
 *(.bss*)
 .bss.console_size
                0x000000008001c0a8        0x4 /usr/local/xenon/usr/lib/libxenon.a(console.o)
 .bss.offset_x  0x000000008001c0ac        0x4 /usr/local/xenon/usr/lib/libxenon.a(console.o)
 .bss.console_width
                0x000000008001c0b0        0x4 /usr/local/xenon/usr/lib/libxenon.a(console.o)
 .bss.offset_y  0x000000008001c0b4        0x4 /usr/local/xenon/usr/lib/libxenon.a(console.o)
 .bss.console_fb
                0x000000008001c0b8        0x4 /usr/local/xenon/usr/lib/libxenon.a(console.o)
 .bss.console_height
                0x000000008001c0bc        0x4 /usr/local/xenon/usr/lib/libxenon.a(console.o)
 .bss.max_x     0x000000008001c0c0        0x4 /usr/local/xenon/usr/lib/libxenon.a(console.o)
 .bss.max_y     0x000000008001c0c4        0x4 /usr/local/xenon/usr/lib/libxenon.a(console.o)
 .bss.cursor_x  0x000000008001c0c8        0x4 /usr/local/xenon/usr/lib/libxenon.a(console.o)
 .bss.cursor_y  0x000000008001c0cc        0x4 /usr/local/xenon/usr/lib/libxenon.a(console.o)
 .bss.handles   0x000000008001c0d0     0x1000 /usr/local/xenon/usr/lib/libxenon.a(newlib.o)
 .bss.lockcount
                0x000000008001d0d0        0x4 /usr/local/xenon/usr/lib/libxenon.a(xenon_syscalls.o)
 .bss.spinlock  0x000000008001d0d4        0x4 /usr/local/xenon/usr/lib/libxenon.a(xenon_syscalls.o)
 .bss.text      0x000000008001d0d8     0x1000 /usr/local/xenon/usr/lib/libxenon.a(c_except.o)
 .bss.userpagetable
                0x000000008001e0d8    0x10000 /usr/local/xenon/usr/lib/libxenon.a(vm.o)
                0x000000008001e0d8                userpagetable
 .bss.thread_state
                0x000000008002e0d8       0x18 /usr/local/xenon/usr/lib/libxenon.a(xenon_power.o)
 .bss.stack     0x000000008002e0f0     0x5000 /usr/local/xenon/usr/lib/libxenon.a(xenon_power.o)
 .bss.secured_settings
                0x00000000800330f0      0x208 /usr/local/xenon/usr/lib/libxenon.a(xenon_config.o)
                0x00000000800330f0                secured_settings
 .bss.xenon_config_initialized
                0x00000000800332f8        0x4 /usr/local/xenon/usr/lib/libxenon.a(xenon_config.o)
 .bss.xenos_current_mode
                0x00000000800332fc        0x4 /usr/local/xenon/usr/lib/libxenon.a(xenos.o)
 .bss.xenos_edid
                0x0000000080033300        0x4 /usr/local/xenon/usr/lib/libxenon.a(xenos.o)
 .bss.sfc       0x0000000080033304       0x44 /usr/local/xenon/usr/lib/libxenon.a(xenon_sfcx.o)
                0x0000000080033304                sfc
 .bss           0x0000000080033348       0x14 /usr/local/xenon/lib/gcc/xenon/4.6.1/32/libgcc.a(unwind-dw2-fde-glibc.o)
 .bss           0x000000008003335c       0x28 /usr/local/xenon/xenon/lib/32/libc.a(lib_a-mallocr.o)
                0x000000008003335c                __malloc_current_mallinfo
 *fill*         0x0000000080033384        0x4 00
 COMMON         0x0000000080033388      0x210 /usr/local/xenon/usr/lib/libxenon.a(xenon_config.o)
                0x0000000080033388                pagebuf

.iplt           0x00000000800335a0        0x0
 .iplt          0x0000000000000000        0x0 /usr/local/xenon/lib/gcc/xenon/4.6.1/../../../../xenon/lib/../lib/crt1.o

.sbss           0x0000000080033598       0x28
 *(.sbss*)
 .sbss          0x0000000000000000        0x0 /usr/local/xenon/lib/gcc/xenon/4.6.1/../../../../xenon/lib/../lib/crt1.o
 .sbss.isELF    0x0000000080033598        0x4 main.o
                0x0000000080033598                isELF
 .sbss.stdout_hook
                0x000000008003359c        0x4 /usr/local/xenon/usr/lib/libxenon.a(newlib.o)
                0x000000008003359c                stdout_hook
 .sbss          0x00000000800335a0        0x4 /usr/local/xenon/usr/lib/libxenon.a(xenon_syscalls.o)
                0x00000000800335a0                heap_ptr
 .sbss.vm_segfault_handler
                0x00000000800335a4        0x4 /usr/local/xenon/usr/lib/libxenon.a(vm.o)
                0x00000000800335a4                vm_segfault_handler
 .sbss.xenos_is_hdmi
                0x00000000800335a8        0x4 /usr/local/xenon/usr/lib/libxenon.a(xenos.o)
                0x00000000800335a8                xenos_is_hdmi
 .sbss.xenos_id
                0x00000000800335ac        0x4 /usr/local/xenon/usr/lib/libxenon.a(xenos.o)
                0x00000000800335ac                xenos_id
 .sbss          0x00000000800335b0        0xc /usr/local/xenon/xenon/lib/32/libc.a(lib_a-mallocr.o)
                0x00000000800335b0                __malloc_max_total_mem
                0x00000000800335b4                __malloc_max_sbrked_mem
                0x00000000800335b8                __malloc_top_pad
 .sbss          0x00000000800335bc        0x4 /usr/local/xenon/xenon/lib/32/libc.a(lib_a-reent.o)
                0x00000000800335bc                errno
                0x00000000800335c0                bss_end = .
                0x00000000800335c0                heap_begin = .
                0x000000009e000000                . = 0x9e000000
                0x000000009e000000                __libc_stack_end = .
                0x000000009e000000                heap_end = .
                0x00000000a0000000                . = 0xa0000000
OUTPUT(/home/tyler/Desktop/Xbox-360-Homebrew/RemoteExecution/RemoteExecution.elf elf32-powerpc)

.debug_info     0x0000000000000000    0x2b264
 .debug_info    0x0000000000000000      0x1f9 /usr/local/xenon/lib/gcc/xenon/4.6.1/../../../../xenon/lib/../lib/crt1.o
 .debug_info    0x00000000000001f9      0x19e main.o
 .debug_info    0x0000000000000397       0xfb /usr/local/xenon/usr/lib/libxenon.a(argv.o)
 .debug_info    0x0000000000000492      0x5a0 /usr/local/xenon/usr/lib/libxenon.a(console.o)
 .debug_info    0x0000000000000a32     0x28d1 /usr/local/xenon/usr/lib/libxenon.a(newlib.o)
 .debug_info    0x0000000000003303      0xe8e /usr/local/xenon/usr/lib/libxenon.a(xenon_syscalls.o)
 .debug_info    0x0000000000004191      0x25f /usr/local/xenon/usr/lib/libxenon.a(c_except.o)
 .debug_info    0x00000000000043f0      0x3a2 /usr/local/xenon/usr/lib/libxenon.a(vm.o)
 .debug_info    0x0000000000004792      0x942 /usr/local/xenon/usr/lib/libxenon.a(usbmain.o)
 .debug_info    0x00000000000050d4      0x59d /usr/local/xenon/usr/lib/libxenon.a(xenon_smc.o)
 .debug_info    0x0000000000005671      0xb5a /usr/local/xenon/usr/lib/libxenon.a(xenon_power.o)
 .debug_info    0x00000000000061cb      0x114 /usr/local/xenon/usr/lib/libxenon.a(xenon_uart.o)
 .debug_info    0x00000000000062df      0x4f5 /usr/local/xenon/usr/lib/libxenon.a(xenon_config.o)
 .debug_info    0x00000000000067d4      0xda8 /usr/local/xenon/usr/lib/libxenon.a(xenos.o)
 .debug_info    0x000000000000757c      0x944 /usr/local/xenon/usr/lib/libxenon.a(xenos_edid.o)
 .debug_info    0x0000000000007ec0      0xc15 /usr/local/xenon/usr/lib/libxenon.a(enet.o)
 .debug_info    0x0000000000008ad5     0x1079 /usr/local/xenon/usr/lib/libxenon.a(elf.o)
 .debug_info    0x0000000000009b4e      0x996 /usr/local/xenon/usr/lib/libxenon.a(xb360.o)
 .debug_info    0x000000000000a4e4      0x135 /usr/local/xenon/usr/lib/libxenon.a(io.o)
 .debug_info    0x000000000000a619      0x1a7 /usr/local/xenon/usr/lib/libxenon.a(time.o)
 .debug_info    0x000000000000a7c0      0x158 /usr/local/xenon/usr/lib/libxenon.a(xenon_gpio.o)
 .debug_info    0x000000000000a918      0xf3c /usr/local/xenon/usr/lib/libxenon.a(xenon_sfcx.o)
 .debug_info    0x000000000000b854       0x67 /usr/local/xenon/lib/gcc/xenon/4.6.1/32/libgcc.a(crtsavgpr.o)
 .debug_info    0x000000000000b8bb       0x68 /usr/local/xenon/lib/gcc/xenon/4.6.1/32/libgcc.a(crtresxgpr.o)
 .debug_info    0x000000000000b923     0x3508 /usr/local/xenon/lib/gcc/xenon/4.6.1/32/libgcc.a(unwind-dw2-fde-glibc.o)
 .debug_info    0x000000000000ee2b      0x9e3 /usr/local/xenon/xenon/lib/32/libc.a(lib_a-assert.o)
 .debug_info    0x000000000000f80e      0x974 /usr/local/xenon/xenon/lib/32/libc.a(lib_a-exit.o)
 .debug_info    0x0000000000010182      0xa8e /usr/local/xenon/xenon/lib/32/libc.a(lib_a-fiprintf.o)
 .debug_info    0x0000000000010c10      0x966 /usr/local/xenon/xenon/lib/32/libc.a(lib_a-impure.o)
 .debug_info    0x0000000000011576      0x9a7 /usr/local/xenon/xenon/lib/32/libc.a(lib_a-malloc.o)
 .debug_info    0x0000000000011f1d      0xd6b /usr/local/xenon/xenon/lib/32/libc.a(lib_a-mallocr.o)
 .debug_info    0x0000000000012c88      0x126 /usr/local/xenon/xenon/lib/32/libc.a(lib_a-memchr.o)
 .debug_info    0x0000000000012dae      0x10e /usr/local/xenon/xenon/lib/32/libc.a(lib_a-memcmp.o)
 .debug_info    0x0000000000012ebc      0x13d /usr/local/xenon/xenon/lib/32/libc.a(lib_a-memcpy.o)
 .debug_info    0x0000000000012ff9      0x13d /usr/local/xenon/xenon/lib/32/libc.a(lib_a-memmove.o)
 .debug_info    0x0000000000013136      0x114 /usr/local/xenon/xenon/lib/32/libc.a(lib_a-memset.o)
 .debug_info    0x000000000001324a      0xa70 /usr/local/xenon/xenon/lib/32/libc.a(lib_a-printf.o)
 .debug_info    0x0000000000013cba      0x9ac /usr/local/xenon/xenon/lib/32/libc.a(lib_a-putchar.o)
 .debug_info    0x0000000000014666      0x9f7 /usr/local/xenon/xenon/lib/32/libc.a(lib_a-putc.o)
 .debug_info    0x000000000001505d      0xa5d /usr/local/xenon/xenon/lib/32/libc.a(lib_a-puts.o)
 .debug_info    0x0000000000015aba      0x9ac /usr/local/xenon/xenon/lib/32/libc.a(lib_a-sbrkr.o)
 .debug_info    0x0000000000016466      0xaaf /usr/local/xenon/xenon/lib/32/libc.a(lib_a-sprintf.o)
 .debug_info    0x0000000000016f15       0xe6 /usr/local/xenon/xenon/lib/32/libc.a(lib_a-strcat.o)
 .debug_info    0x0000000000016ffb       0xda /usr/local/xenon/xenon/lib/32/libc.a(lib_a-strcmp.o)
 .debug_info    0x00000000000170d5      0x10b /usr/local/xenon/xenon/lib/32/libc.a(lib_a-strcpy.o)
 .debug_info    0x00000000000171e0       0xda /usr/local/xenon/xenon/lib/32/libc.a(lib_a-strlen.o)
 .debug_info    0x00000000000172ba     0x10d9 /usr/local/xenon/xenon/lib/32/libc.a(lib_a-svfprintf.o)
 .debug_info    0x0000000000018393      0xef7 /usr/local/xenon/xenon/lib/32/libc.a(lib_a-vfiprintf.o)
 .debug_info    0x000000000001928a     0x120e /usr/local/xenon/xenon/lib/32/libc.a(lib_a-vfprintf.o)
 .debug_info    0x000000000001a498      0x9e6 /usr/local/xenon/xenon/lib/32/libc.a(lib_a-wbuf.o)
 .debug_info    0x000000000001ae7e      0x992 /usr/local/xenon/xenon/lib/32/libc.a(lib_a-wsetup.o)
 .debug_info    0x000000000001b810      0x9fc /usr/local/xenon/xenon/lib/32/libc.a(lib_a-__call_atexit.o)
 .debug_info    0x000000000001c20c      0xdcf /usr/local/xenon/xenon/lib/32/libc.a(lib_a-dtoa.o)
 .debug_info    0x000000000001cfdb      0xa41 /usr/local/xenon/xenon/lib/32/libc.a(lib_a-fflush.o)
 .debug_info    0x000000000001da1c      0xbe6 /usr/local/xenon/xenon/lib/32/libc.a(lib_a-findfp.o)
 .debug_info    0x000000000001e602      0xc40 /usr/local/xenon/xenon/lib/32/libc.a(lib_a-freer.o)
 .debug_info    0x000000000001f242      0xab3 /usr/local/xenon/xenon/lib/32/libc.a(lib_a-fvwrite.o)
 .debug_info    0x000000000001fcf5      0xb32 /usr/local/xenon/xenon/lib/32/libc.a(lib_a-fwalk.o)
 .debug_info    0x0000000000020827      0xbcd /usr/local/xenon/xenon/lib/32/libc.a(lib_a-locale.o)
 .debug_info    0x00000000000213f4      0xb45 /usr/local/xenon/xenon/lib/32/libc.a(lib_a-makebuf.o)
 .debug_info    0x0000000000021f39     0x1466 /usr/local/xenon/xenon/lib/32/libc.a(lib_a-mprec.o)
 .debug_info    0x000000000002339f      0xc08 /usr/local/xenon/xenon/lib/32/libc.a(lib_a-reallocr.o)
 .debug_info    0x0000000000023fa7      0xa60 /usr/local/xenon/xenon/lib/32/libc.a(lib_a-reent.o)
 .debug_info    0x0000000000024a07      0x150 /usr/local/xenon/xenon/lib/32/libc.a(lib_a-s_isinfd.o)
 .debug_info    0x0000000000024b57      0x150 /usr/local/xenon/xenon/lib/32/libc.a(lib_a-s_isnand.o)
 .debug_info    0x0000000000024ca7      0xae5 /usr/local/xenon/xenon/lib/32/libc.a(lib_a-stdio.o)
 .debug_info    0x000000000002578c      0x9c7 /usr/local/xenon/xenon/lib/32/libc.a(lib_a-writer.o)
 .debug_info    0x0000000000026153      0xa4e /usr/local/xenon/xenon/lib/32/libc.a(lib_a-callocr.o)
 .debug_info    0x0000000000026ba1      0x98c /usr/local/xenon/xenon/lib/32/libc.a(lib_a-closer.o)
 .debug_info    0x000000000002752d      0x9cc /usr/local/xenon/xenon/lib/32/libc.a(lib_a-fclose.o)
 .debug_info    0x0000000000027ef9      0xb30 /usr/local/xenon/xenon/lib/32/libc.a(lib_a-fstatr.o)
 .debug_info    0x0000000000028a29      0x98c /usr/local/xenon/xenon/lib/32/libc.a(lib_a-isattyr.o)
 .debug_info    0x00000000000293b5      0x9b5 /usr/local/xenon/xenon/lib/32/libc.a(lib_a-lseekr.o)
 .debug_info    0x0000000000029d6a      0x9c0 /usr/local/xenon/xenon/lib/32/libc.a(lib_a-readr.o)
 .debug_info    0x000000000002a72a      0x59d /usr/local/xenon/lib/gcc/xenon/4.6.1/32/libgcc.a(_udivdi3.o)
 .debug_info    0x000000000002acc7      0x59d /usr/local/xenon/lib/gcc/xenon/4.6.1/32/libgcc.a(_umoddi3.o)

.debug_abbrev   0x0000000000000000     0x7fd7
 .debug_abbrev  0x0000000000000000      0x109 /usr/local/xenon/lib/gcc/xenon/4.6.1/../../../../xenon/lib/../lib/crt1.o
 .debug_abbrev  0x0000000000000109       0xf4 main.o
 .debug_abbrev  0x00000000000001fd       0x77 /usr/local/xenon/usr/lib/libxenon.a(argv.o)
 .debug_abbrev  0x0000000000000274      0x20e /usr/local/xenon/usr/lib/libxenon.a(console.o)
 .debug_abbrev  0x0000000000000482      0x45d /usr/local/xenon/usr/lib/libxenon.a(newlib.o)
 .debug_abbrev  0x00000000000008df      0x2df /usr/local/xenon/usr/lib/libxenon.a(xenon_syscalls.o)
 .debug_abbrev  0x0000000000000bbe      0x175 /usr/local/xenon/usr/lib/libxenon.a(c_except.o)
 .debug_abbrev  0x0000000000000d33      0x192 /usr/local/xenon/usr/lib/libxenon.a(vm.o)
 .debug_abbrev  0x0000000000000ec5      0x1f0 /usr/local/xenon/usr/lib/libxenon.a(usbmain.o)
 .debug_abbrev  0x00000000000010b5      0x1da /usr/local/xenon/usr/lib/libxenon.a(xenon_smc.o)
 .debug_abbrev  0x000000000000128f      0x32f /usr/local/xenon/usr/lib/libxenon.a(xenon_power.o)
 .debug_abbrev  0x00000000000015be       0xa7 /usr/local/xenon/usr/lib/libxenon.a(xenon_uart.o)
 .debug_abbrev  0x0000000000001665      0x172 /usr/local/xenon/usr/lib/libxenon.a(xenon_config.o)
 .debug_abbrev  0x00000000000017d7      0x27f /usr/local/xenon/usr/lib/libxenon.a(xenos.o)
 .debug_abbrev  0x0000000000001a56      0x277 /usr/local/xenon/usr/lib/libxenon.a(xenos_edid.o)
 .debug_abbrev  0x0000000000001ccd      0x336 /usr/local/xenon/usr/lib/libxenon.a(enet.o)
 .debug_abbrev  0x0000000000002003      0x2ab /usr/local/xenon/usr/lib/libxenon.a(elf.o)
 .debug_abbrev  0x00000000000022ae      0x2c9 /usr/local/xenon/usr/lib/libxenon.a(xb360.o)
 .debug_abbrev  0x0000000000002577       0xab /usr/local/xenon/usr/lib/libxenon.a(io.o)
 .debug_abbrev  0x0000000000002622       0xf9 /usr/local/xenon/usr/lib/libxenon.a(time.o)
 .debug_abbrev  0x000000000000271b       0xb3 /usr/local/xenon/usr/lib/libxenon.a(xenon_gpio.o)
 .debug_abbrev  0x00000000000027ce      0x34c /usr/local/xenon/usr/lib/libxenon.a(xenon_sfcx.o)
 .debug_abbrev  0x0000000000002b1a       0x14 /usr/local/xenon/lib/gcc/xenon/4.6.1/32/libgcc.a(crtsavgpr.o)
 .debug_abbrev  0x0000000000002b2e       0x14 /usr/local/xenon/lib/gcc/xenon/4.6.1/32/libgcc.a(crtresxgpr.o)
 .debug_abbrev  0x0000000000002b42      0x436 /usr/local/xenon/lib/gcc/xenon/4.6.1/32/libgcc.a(unwind-dw2-fde-glibc.o)
 .debug_abbrev  0x0000000000002f78      0x17d /usr/local/xenon/xenon/lib/32/libc.a(lib_a-assert.o)
 .debug_abbrev  0x00000000000030f5      0x17d /usr/local/xenon/xenon/lib/32/libc.a(lib_a-exit.o)
 .debug_abbrev  0x0000000000003272      0x1ac /usr/local/xenon/xenon/lib/32/libc.a(lib_a-fiprintf.o)
 .debug_abbrev  0x000000000000341e      0x166 /usr/local/xenon/xenon/lib/32/libc.a(lib_a-impure.o)
 .debug_abbrev  0x0000000000003584      0x196 /usr/local/xenon/xenon/lib/32/libc.a(lib_a-malloc.o)
 .debug_abbrev  0x000000000000371a      0x233 /usr/local/xenon/xenon/lib/32/libc.a(lib_a-mallocr.o)
 .debug_abbrev  0x000000000000394d       0xb7 /usr/local/xenon/xenon/lib/32/libc.a(lib_a-memchr.o)
 .debug_abbrev  0x0000000000003a04       0x8b /usr/local/xenon/xenon/lib/32/libc.a(lib_a-memcmp.o)
 .debug_abbrev  0x0000000000003a8f       0xa8 /usr/local/xenon/xenon/lib/32/libc.a(lib_a-memcpy.o)
 .debug_abbrev  0x0000000000003b37       0xa8 /usr/local/xenon/xenon/lib/32/libc.a(lib_a-memmove.o)
 .debug_abbrev  0x0000000000003bdf       0x9c /usr/local/xenon/xenon/lib/32/libc.a(lib_a-memset.o)
 .debug_abbrev  0x0000000000003c7b      0x1bb /usr/local/xenon/xenon/lib/32/libc.a(lib_a-printf.o)
 .debug_abbrev  0x0000000000003e36      0x198 /usr/local/xenon/xenon/lib/32/libc.a(lib_a-putchar.o)
 .debug_abbrev  0x0000000000003fce      0x1a7 /usr/local/xenon/xenon/lib/32/libc.a(lib_a-putc.o)
 .debug_abbrev  0x0000000000004175      0x1bb /usr/local/xenon/xenon/lib/32/libc.a(lib_a-puts.o)
 .debug_abbrev  0x0000000000004330      0x1b0 /usr/local/xenon/xenon/lib/32/libc.a(lib_a-sbrkr.o)
 .debug_abbrev  0x00000000000044e0      0x1ac /usr/local/xenon/xenon/lib/32/libc.a(lib_a-sprintf.o)
 .debug_abbrev  0x000000000000468c       0x87 /usr/local/xenon/xenon/lib/32/libc.a(lib_a-strcat.o)
 .debug_abbrev  0x0000000000004713       0x71 /usr/local/xenon/xenon/lib/32/libc.a(lib_a-strcmp.o)
 .debug_abbrev  0x0000000000004784       0x8f /usr/local/xenon/xenon/lib/32/libc.a(lib_a-strcpy.o)
 .debug_abbrev  0x0000000000004813       0x7e /usr/local/xenon/xenon/lib/32/libc.a(lib_a-strlen.o)
 .debug_abbrev  0x0000000000004891      0x333 /usr/local/xenon/xenon/lib/32/libc.a(lib_a-svfprintf.o)
 .debug_abbrev  0x0000000000004bc4      0x2d1 /usr/local/xenon/xenon/lib/32/libc.a(lib_a-vfiprintf.o)
 .debug_abbrev  0x0000000000004e95      0x349 /usr/local/xenon/xenon/lib/32/libc.a(lib_a-vfprintf.o)
 .debug_abbrev  0x00000000000051de      0x1a7 /usr/local/xenon/xenon/lib/32/libc.a(lib_a-wbuf.o)
 .debug_abbrev  0x0000000000005385      0x17f /usr/local/xenon/xenon/lib/32/libc.a(lib_a-wsetup.o)
 .debug_abbrev  0x0000000000005504      0x1bc /usr/local/xenon/xenon/lib/32/libc.a(lib_a-__call_atexit.o)
 .debug_abbrev  0x00000000000056c0      0x21a /usr/local/xenon/xenon/lib/32/libc.a(lib_a-dtoa.o)
 .debug_abbrev  0x00000000000058da      0x1d5 /usr/local/xenon/xenon/lib/32/libc.a(lib_a-fflush.o)
 .debug_abbrev  0x0000000000005aaf      0x269 /usr/local/xenon/xenon/lib/32/libc.a(lib_a-findfp.o)
 .debug_abbrev  0x0000000000005d18      0x1ea /usr/local/xenon/xenon/lib/32/libc.a(lib_a-freer.o)
 .debug_abbrev  0x0000000000005f02      0x1a5 /usr/local/xenon/xenon/lib/32/libc.a(lib_a-fvwrite.o)
 .debug_abbrev  0x00000000000060a7      0x20e /usr/local/xenon/xenon/lib/32/libc.a(lib_a-fwalk.o)
 .debug_abbrev  0x00000000000062b5      0x1f8 /usr/local/xenon/xenon/lib/32/libc.a(lib_a-locale.o)
 .debug_abbrev  0x00000000000064ad      0x199 /usr/local/xenon/xenon/lib/32/libc.a(lib_a-makebuf.o)
 .debug_abbrev  0x0000000000006646      0x2c6 /usr/local/xenon/xenon/lib/32/libc.a(lib_a-mprec.o)
 .debug_abbrev  0x000000000000690c      0x1db /usr/local/xenon/xenon/lib/32/libc.a(lib_a-reallocr.o)
 .debug_abbrev  0x0000000000006ae7      0x1f3 /usr/local/xenon/xenon/lib/32/libc.a(lib_a-reent.o)
 .debug_abbrev  0x0000000000006cda       0xd6 /usr/local/xenon/xenon/lib/32/libc.a(lib_a-s_isinfd.o)
 .debug_abbrev  0x0000000000006db0       0xd6 /usr/local/xenon/xenon/lib/32/libc.a(lib_a-s_isnand.o)
 .debug_abbrev  0x0000000000006e86      0x1b2 /usr/local/xenon/xenon/lib/32/libc.a(lib_a-stdio.o)
 .debug_abbrev  0x0000000000007038      0x193 /usr/local/xenon/xenon/lib/32/libc.a(lib_a-writer.o)
 .debug_abbrev  0x00000000000071cb      0x1ba /usr/local/xenon/xenon/lib/32/libc.a(lib_a-callocr.o)
 .debug_abbrev  0x0000000000007385      0x18e /usr/local/xenon/xenon/lib/32/libc.a(lib_a-closer.o)
 .debug_abbrev  0x0000000000007513      0x1b6 /usr/local/xenon/xenon/lib/32/libc.a(lib_a-fclose.o)
 .debug_abbrev  0x00000000000076c9      0x19d /usr/local/xenon/xenon/lib/32/libc.a(lib_a-fstatr.o)
 .debug_abbrev  0x0000000000007866      0x18e /usr/local/xenon/xenon/lib/32/libc.a(lib_a-isattyr.o)
 .debug_abbrev  0x00000000000079f4      0x19d /usr/local/xenon/xenon/lib/32/libc.a(lib_a-lseekr.o)
 .debug_abbrev  0x0000000000007b91      0x18e /usr/local/xenon/xenon/lib/32/libc.a(lib_a-readr.o)
 .debug_abbrev  0x0000000000007d1f      0x15a /usr/local/xenon/lib/gcc/xenon/4.6.1/32/libgcc.a(_udivdi3.o)
 .debug_abbrev  0x0000000000007e79      0x15e /usr/local/xenon/lib/gcc/xenon/4.6.1/32/libgcc.a(_umoddi3.o)

.debug_loc      0x0000000000000000    0x16cf6
 .debug_loc     0x0000000000000000       0x7f /usr/local/xenon/lib/gcc/xenon/4.6.1/../../../../xenon/lib/../lib/crt1.o
 .debug_loc     0x000000000000007f      0x132 main.o
 .debug_loc     0x00000000000001b1      0x295 /usr/local/xenon/usr/lib/libxenon.a(console.o)
 .debug_loc     0x0000000000000446     0x1c3e /usr/local/xenon/usr/lib/libxenon.a(newlib.o)
 .debug_loc     0x0000000000002084      0x2a3 /usr/local/xenon/usr/lib/libxenon.a(xenon_syscalls.o)
 .debug_loc     0x0000000000002327      0x11e /usr/local/xenon/usr/lib/libxenon.a(c_except.o)
 .debug_loc     0x0000000000002445      0x259 /usr/local/xenon/usr/lib/libxenon.a(vm.o)
 .debug_loc     0x000000000000269e      0x10c /usr/local/xenon/usr/lib/libxenon.a(usbmain.o)
 .debug_loc     0x00000000000027aa      0x549 /usr/local/xenon/usr/lib/libxenon.a(xenon_smc.o)
 .debug_loc     0x0000000000002cf3      0x322 /usr/local/xenon/usr/lib/libxenon.a(xenon_power.o)
 .debug_loc     0x0000000000003015       0xb0 /usr/local/xenon/usr/lib/libxenon.a(xenon_uart.o)
 .debug_loc     0x00000000000030c5      0x106 /usr/local/xenon/usr/lib/libxenon.a(xenon_config.o)
 .debug_loc     0x00000000000031cb      0x6ac /usr/local/xenon/usr/lib/libxenon.a(xenos.o)
 .debug_loc     0x0000000000003877      0x4cf /usr/local/xenon/usr/lib/libxenon.a(xenos_edid.o)
 .debug_loc     0x0000000000003d46      0x4b4 /usr/local/xenon/usr/lib/libxenon.a(enet.o)
 .debug_loc     0x00000000000041fa      0xd50 /usr/local/xenon/usr/lib/libxenon.a(elf.o)
 .debug_loc     0x0000000000004f4a      0x6be /usr/local/xenon/usr/lib/libxenon.a(xb360.o)
 .debug_loc     0x0000000000005608       0x26 /usr/local/xenon/usr/lib/libxenon.a(io.o)
 .debug_loc     0x000000000000562e       0x85 /usr/local/xenon/usr/lib/libxenon.a(time.o)
 .debug_loc     0x00000000000056b3      0x14f /usr/local/xenon/usr/lib/libxenon.a(xenon_gpio.o)
 .debug_loc     0x0000000000005802      0x99f /usr/local/xenon/usr/lib/libxenon.a(xenon_sfcx.o)
 .debug_loc     0x00000000000061a1     0x1f66 /usr/local/xenon/lib/gcc/xenon/4.6.1/32/libgcc.a(unwind-dw2-fde-glibc.o)
 .debug_loc     0x0000000000008107      0x11d /usr/local/xenon/xenon/lib/32/libc.a(lib_a-assert.o)